Running ADMIXTURE for K=2
Running ADMIXTURE for K=4
Running ADMIXTURE for K=3
Running ADMIXTURE for K=5
****                   ADMIXTURE Version 1.3.1                  ****
****                    Copyright 2008-2025                     ****
****           David Alexander, Suyash Shringarpure,            ****
****                John Novembre, Ken Lange                    ****
****                                                            ****
****                 Please cite our paper!                     ****
****   Information at https://dalexander.github.io/admixture/   ****

Cross-validation will be performed.  Folds=5.
Parallel execution requested.  Will use 1 threads.
Random seed: 43
Point estimation method: Block relaxation algorithm
Convergence acceleration algorithm: QuasiNewton, 3 secant conditions
****                   ADMIXTURE Version 1.3.1                  ****
****                    Copyright 2008-2025                     ****
****           David Alexander, Suyash Shringarpure,            ****
****                John Novembre, Ken Lange                    ****
****                                                            ****
****                 Please cite our paper!                     ****
****   Information at https://dalexander.github.io/admixture/   ****

Cross-validation will be performed.  Folds=5.
Parallel execution requested.  Will use 1 threads.
Random seed: 43
Point estimation method: Block relaxation algorithm
Convergence acceleration algorithm: QuasiNewton, 3 secant conditions
****                   ADMIXTURE Version 1.3.1                  ****
****                    Copyright 2008-2025                     ****
****           David Alexander, Suyash Shringarpure,            ****
****                John Novembre, Ken Lange                    ****
****                                                            ****
****                 Please cite our paper!                     ****
****   Information at https://dalexander.github.io/admixture/   ****

Cross-validation will be performed.  Folds=5.
Parallel execution requested.  Will use 1 threads.
Random seed: 43
Point estimation method: Block relaxation algorithm
Convergence acceleration algorithm: QuasiNewton, 3 secant conditions
****                   ADMIXTURE Version 1.3.1                  ****
****                    Copyright 2008-2025                     ****
****           David Alexander, Suyash Shringarpure,            ****
****                John Novembre, Ken Lange                    ****
****                                                            ****
****                 Please cite our paper!                     ****
****   Information at https://dalexander.github.io/admixture/   ****

Cross-validation will be performed.  Folds=5.
Parallel execution requested.  Will use 1 threads.
Random seed: 43
Point estimation method: Block relaxation algorithm
Convergence acceleration algorithm: QuasiNewton, 3 secant conditions
Point estimation will terminate when objective function delta < 0.0001
Estimation of standard errors disabled; will compute point estimates only.
Point estimation will terminate when objective function delta < 0.0001
Estimation of standard errors disabled; will compute point estimates only.
Point estimation will terminate when objective function delta < 0.0001
Estimation of standard errors disabled; will compute point estimates only.
Point estimation will terminate when objective function delta < 0.0001
Estimation of standard errors disabled; will compute point estimates only.
Size of G: 2504x67555
Performing five EM steps to prime main algorithm
Size of G: 2504x67555
Performing five EM steps to prime main algorithm
Size of G: 2504x67555
Size of G: 2504x67555
Performing five EM steps to prime main algorithm
Performing five EM steps to prime main algorithm
1 (EM) 	Elapsed: 2.616	Loglikelihood: -4.87538e+07	(delta): 2.41515e+08
1 (EM) 	Elapsed: 3.85	Loglikelihood: -5.01067e+07	(delta): 2.2277e+08
1 (EM) 	Elapsed: 5.406	Loglikelihood: -5.07766e+07	(delta): 2.12622e+08
2 (EM) 	Elapsed: 2.712	Loglikelihood: -4.6867e+07	(delta): 1.88679e+06
1 (EM) 	Elapsed: 7.367	Loglikelihood: -5.10901e+07	(delta): 2.06555e+08
2 (EM) 	Elapsed: 3.98	Loglikelihood: -4.71775e+07	(delta): 2.92917e+06
3 (EM) 	Elapsed: 2.634	Loglikelihood: -4.65477e+07	(delta): 319314
2 (EM) 	Elapsed: 5.496	Loglikelihood: -4.72888e+07	(delta): 3.48773e+06
4 (EM) 	Elapsed: 2.81	Loglikelihood: -4.63898e+07	(delta): 157835
3 (EM) 	Elapsed: 4.127	Loglikelihood: -4.67995e+07	(delta): 377966
5 (EM) 	Elapsed: 2.7	Loglikelihood: -4.63113e+07	(delta): 78516.4
2 (EM) 	Elapsed: 7.533	Loglikelihood: -4.73205e+07	(delta): 3.76966e+06
Initial loglikelihood: -4.63113e+07
Starting main algorithm
4 (EM) 	Elapsed: 4.003	Loglikelihood: -4.65847e+07	(delta): 214871
3 (EM) 	Elapsed: 5.453	Loglikelihood: -4.6893e+07	(delta): 395791
5 (EM) 	Elapsed: 4.091	Loglikelihood: -4.64454e+07	(delta): 139267
1 (QN/Block) 	Elapsed: 5.625	Loglikelihood: -4.52554e+07	(delta): 1.05592e+06
Initial loglikelihood: -4.64454e+07
Starting main algorithm
4 (EM) 	Elapsed: 5.514	Loglikelihood: -4.66797e+07	(delta): 213361
3 (EM) 	Elapsed: 7.527	Loglikelihood: -4.69332e+07	(delta): 387221
2 (QN/Block) 	Elapsed: 5.411	Loglikelihood: -4.4257e+07	(delta): 998379
5 (EM) 	Elapsed: 5.354	Loglikelihood: -4.653e+07	(delta): 149725
Initial loglikelihood: -4.653e+07
Starting main algorithm
1 (QN/Block) 	Elapsed: 8.341	Loglikelihood: -4.32534e+07	(delta): 3.192e+06
4 (EM) 	Elapsed: 7.501	Loglikelihood: -4.67354e+07	(delta): 197861
3 (QN/Block) 	Elapsed: 6.548	Loglikelihood: -4.38364e+07	(delta): 420613
5 (EM) 	Elapsed: 7.375	Loglikelihood: -4.65926e+07	(delta): 142771
Initial loglikelihood: -4.65926e+07
Starting main algorithm
2 (QN/Block) 	Elapsed: 8.448	Loglikelihood: -4.19253e+07	(delta): 1.32811e+06
4 (QN/Block) 	Elapsed: 8.053	Loglikelihood: -4.29257e+07	(delta): 910694
1 (QN/Block) 	Elapsed: 12.491	Loglikelihood: -4.25664e+07	(delta): 3.96357e+06
3 (QN/Block) 	Elapsed: 9.588	Loglikelihood: -4.14219e+07	(delta): 503356
5 (QN/Block) 	Elapsed: 8.24	Loglikelihood: -4.24635e+07	(delta): 462184
2 (QN/Block) 	Elapsed: 12.588	Loglikelihood: -4.1621e+07	(delta): 945364
1 (QN/Block) 	Elapsed: 17.093	Loglikelihood: -4.2367e+07	(delta): 4.22565e+06
6 (QN/Block) 	Elapsed: 8.125	Loglikelihood: -4.23762e+07	(delta): 87362.3
4 (QN/Block) 	Elapsed: 9.572	Loglikelihood: -4.1095e+07	(delta): 326958
7 (QN/Block) 	Elapsed: 7.063	Loglikelihood: -4.23209e+07	(delta): 55249.7
5 (QN/Block) 	Elapsed: 11.163	Loglikelihood: -4.10012e+07	(delta): 93797.9
3 (QN/Block) 	Elapsed: 15.541	Loglikelihood: -4.12645e+07	(delta): 356546
8 (QN/Block) 	Elapsed: 7.931	Loglikelihood: -4.23076e+07	(delta): 13299.7
2 (QN/Block) 	Elapsed: 16.913	Loglikelihood: -4.11406e+07	(delta): 1.22637e+06
6 (QN/Block) 	Elapsed: 9.47	Loglikelihood: -4.09811e+07	(delta): 20053.7
9 (QN/Block) 	Elapsed: 7.131	Loglikelihood: -4.23063e+07	(delta): 1288.84
4 (QN/Block) 	Elapsed: 15.109	Loglikelihood: -4.08701e+07	(delta): 394383
10 (QN/Block) 	Elapsed: 6.562	Loglikelihood: -4.23059e+07	(delta): 384.081
7 (QN/Block) 	Elapsed: 10.087	Loglikelihood: -4.09747e+07	(delta): 6387.95
3 (QN/Block) 	Elapsed: 18.379	Loglikelihood: -4.08253e+07	(delta): 315252
11 (QN/Block) 	Elapsed: 7.571	Loglikelihood: -4.23059e+07	(delta): 34.5962
5 (QN/Block) 	Elapsed: 15.827	Loglikelihood: -4.06358e+07	(delta): 234275
8 (QN/Block) 	Elapsed: 11.278	Loglikelihood: -4.09736e+07	(delta): 1156.54
12 (QN/Block) 	Elapsed: 6.774	Loglikelihood: -4.23059e+07	(delta): 0.492337
13 (QN/Block) 	Elapsed: 6.691	Loglikelihood: -4.23059e+07	(delta): 0.0269807
9 (QN/Block) 	Elapsed: 9.664	Loglikelihood: -4.09735e+07	(delta): 61.8075
4 (QN/Block) 	Elapsed: 19.195	Loglikelihood: -4.05821e+07	(delta): 243256
6 (QN/Block) 	Elapsed: 14.712	Loglikelihood: -4.05324e+07	(delta): 103450
14 (QN/Block) 	Elapsed: 6.688	Loglikelihood: -4.23059e+07	(delta): 0.011946
10 (QN/Block) 	Elapsed: 9.565	Loglikelihood: -4.09735e+07	(delta): 1.70488
15 (QN/Block) 	Elapsed: 6.522	Loglikelihood: -4.23059e+07	(delta): 0.00203235
16 (QN/Block) 	Elapsed: 6.609	Loglikelihood: -4.23059e+07	(delta): 0.00153186
11 (QN/Block) 	Elapsed: 9.584	Loglikelihood: -4.09735e+07	(delta): 0.20323
5 (QN/Block) 	Elapsed: 19.952	Loglikelihood: -4.05085e+07	(delta): 73583.4
7 (QN/Block) 	Elapsed: 15.668	Loglikelihood: -4.0486e+07	(delta): 46351.5
17 (QN/Block) 	Elapsed: 6.614	Loglikelihood: -4.23059e+07	(delta): 0.00300816
12 (QN/Block) 	Elapsed: 9.696	Loglikelihood: -4.09735e+07	(delta): 0.039145
18 (QN/Block) 	Elapsed: 6.63	Loglikelihood: -4.23059e+07	(delta): 0.000835866
8 (QN/Block) 	Elapsed: 14.608	Loglikelihood: -4.04807e+07	(delta): 5306.31
6 (QN/Block) 	Elapsed: 18.766	Loglikelihood: -4.04632e+07	(delta): 45350.2
13 (QN/Block) 	Elapsed: 9.601	Loglikelihood: -4.09735e+07	(delta): 0.017852
19 (QN/Block) 	Elapsed: 8.258	Loglikelihood: -4.23059e+07	(delta): 0.00176477
20 (QN/Block) 	Elapsed: 6.635	Loglikelihood: -4.23059e+07	(delta): 4.85852e-05
Summary: 
Converged in 20 iterations (167.755 sec)
Loglikelihood: -42305906.208591
Fst divergences between estimated populations: 
	Pop0	
Pop0	
Pop1	0.110	
14 (QN/Block) 	Elapsed: 9.738	Loglikelihood: -4.09735e+07	(delta): 0.00243517
9 (QN/Block) 	Elapsed: 14.649	Loglikelihood: -4.04796e+07	(delta): 1136.78
7 (QN/Block) 	Elapsed: 19.47	Loglikelihood: -4.04508e+07	(delta): 12377.2
15 (QN/Block) 	Elapsed: 9.83	Loglikelihood: -4.09735e+07	(delta): 0.00131037
10 (QN/Block) 	Elapsed: 14.728	Loglikelihood: -4.04795e+07	(delta): 106.773
16 (QN/Block) 	Elapsed: 9.678	Loglikelihood: -4.09735e+07	(delta): 0.000612594
8 (QN/Block) 	Elapsed: 19.291	Loglikelihood: -4.04466e+07	(delta): 4218.17
11 (QN/Block) 	Elapsed: 13.927	Loglikelihood: -4.04795e+07	(delta): 6.66362
17 (QN/Block) 	Elapsed: 9.658	Loglikelihood: -4.09735e+07	(delta): 7.74711e-05
Summary: 
Converged in 17 iterations (199.963 sec)
Loglikelihood: -40973502.760531
Fst divergences between estimated populations: 
	Pop0	Pop1	
Pop0	
Pop1	0.071	
Pop2	0.111	0.138	
12 (QN/Block) 	Elapsed: 13.924	Loglikelihood: -4.04795e+07	(delta): 0.638145
9 (QN/Block) 	Elapsed: 19.437	Loglikelihood: -4.04455e+07	(delta): 1083.7
13 (QN/Block) 	Elapsed: 13.855	Loglikelihood: -4.04795e+07	(delta): 0.090506
10 (QN/Block) 	Elapsed: 19.769	Loglikelihood: -4.0445e+07	(delta): 501.744
14 (QN/Block) 	Elapsed: 13.964	Loglikelihood: -4.04795e+07	(delta): 0.0151005
15 (QN/Block) 	Elapsed: 13.802	Loglikelihood: -4.04795e+07	(delta): 0.00390839
11 (QN/Block) 	Elapsed: 18.59	Loglikelihood: -4.04447e+07	(delta): 320.435
CV error (K=2): 0.15339
Writing output files.
Running ADMIXTURE for K=6
****                   ADMIXTURE Version 1.3.1                  ****
****                    Copyright 2008-2025                     ****
****           David Alexander, Suyash Shringarpure,            ****
****                John Novembre, Ken Lange                    ****
****                                                            ****
****                 Please cite our paper!                     ****
****   Information at https://dalexander.github.io/admixture/   ****

Cross-validation will be performed.  Folds=5.
Parallel execution requested.  Will use 1 threads.
Random seed: 43
Point estimation method: Block relaxation algorithm
Convergence acceleration algorithm: QuasiNewton, 3 secant conditions
Point estimation will terminate when objective function delta < 0.0001
Estimation of standard errors disabled; will compute point estimates only.
Size of G: 2504x67555
Performing five EM steps to prime main algorithm
16 (QN/Block) 	Elapsed: 13.759	Loglikelihood: -4.04795e+07	(delta): 0.00201426
12 (QN/Block) 	Elapsed: 20.036	Loglikelihood: -4.04439e+07	(delta): 705.037
1 (EM) 	Elapsed: 9.452	Loglikelihood: -5.12797e+07	(delta): 2.02764e+08
17 (QN/Block) 	Elapsed: 13.899	Loglikelihood: -4.04795e+07	(delta): 0.00195811
2 (EM) 	Elapsed: 9.24	Loglikelihood: -4.73297e+07	(delta): 3.94993e+06
13 (QN/Block) 	Elapsed: 20.534	Loglikelihood: -4.04414e+07	(delta): 2556.98
18 (QN/Block) 	Elapsed: 13.929	Loglikelihood: -4.04795e+07	(delta): 0.00156671
3 (EM) 	Elapsed: 9.362	Loglikelihood: -4.69355e+07	(delta): 394293
4 (EM) 	Elapsed: 9.161	Loglikelihood: -4.67435e+07	(delta): 191955
19 (QN/Block) 	Elapsed: 13.842	Loglikelihood: -4.04795e+07	(delta): 0.00127912
14 (QN/Block) 	Elapsed: 20.985	Loglikelihood: -4.04062e+07	(delta): 35240.4
5 (EM) 	Elapsed: 9.503	Loglikelihood: -4.66057e+07	(delta): 137827
Initial loglikelihood: -4.66057e+07
Starting main algorithm
20 (QN/Block) 	Elapsed: 13.884	Loglikelihood: -4.04795e+07	(delta): 0.000716217
CV error (K=3): 0.14575
Writing output files.
Running ADMIXTURE for K=7
****                   ADMIXTURE Version 1.3.1                  ****
****                    Copyright 2008-2025                     ****
****           David Alexander, Suyash Shringarpure,            ****
****                John Novembre, Ken Lange                    ****
****                                                            ****
****                 Please cite our paper!                     ****
****   Information at https://dalexander.github.io/admixture/   ****

Cross-validation will be performed.  Folds=5.
Parallel execution requested.  Will use 1 threads.
Random seed: 43
Point estimation method: Block relaxation algorithm
Convergence acceleration algorithm: QuasiNewton, 3 secant conditions
Point estimation will terminate when objective function delta < 0.0001
Estimation of standard errors disabled; will compute point estimates only.
Size of G: 2504x67555
Performing five EM steps to prime main algorithm
15 (QN/Block) 	Elapsed: 19.917	Loglikelihood: -4.04003e+07	(delta): 5803.9
21 (QN/Block) 	Elapsed: 13.939	Loglikelihood: -4.04795e+07	(delta): 0.000424787
1 (QN/Block) 	Elapsed: 20.74	Loglikelihood: -4.21925e+07	(delta): 4.41322e+06
1 (EM) 	Elapsed: 11.587	Loglikelihood: -5.13989e+07	(delta): 1.99839e+08
22 (QN/Block) 	Elapsed: 13.923	Loglikelihood: -4.04795e+07	(delta): 1.29268e-05
Summary: 
Converged in 22 iterations (359.721 sec)
Loglikelihood: -40479455.741021
Fst divergences between estimated populations: 
	Pop0	Pop1	Pop2	
Pop0	
Pop1	0.114	
Pop2	0.116	0.035	
Pop3	0.138	0.057	0.080	
16 (QN/Block) 	Elapsed: 19.502	Loglikelihood: -4.03994e+07	(delta): 932.364
2 (EM) 	Elapsed: 11.327	Loglikelihood: -4.73169e+07	(delta): 4.08208e+06
2 (QN/Block) 	Elapsed: 20.78	Loglikelihood: -4.11058e+07	(delta): 1.08662e+06
3 (EM) 	Elapsed: 11.405	Loglikelihood: -4.69298e+07	(delta): 387080
17 (QN/Block) 	Elapsed: 19.473	Loglikelihood: -4.03992e+07	(delta): 256.782
4 (EM) 	Elapsed: 11.517	Loglikelihood: -4.67523e+07	(delta): 177478
3 (QN/Block) 	Elapsed: 22.295	Loglikelihood: -4.07268e+07	(delta): 379064
5 (EM) 	Elapsed: 11.745	Loglikelihood: -4.66243e+07	(delta): 127993
Initial loglikelihood: -4.66243e+07
Starting main algorithm
18 (QN/Block) 	Elapsed: 20.817	Loglikelihood: -4.03991e+07	(delta): 29.4102
4 (QN/Block) 	Elapsed: 23.057	Loglikelihood: -4.05263e+07	(delta): 200482
19 (QN/Block) 	Elapsed: 20.486	Loglikelihood: -4.03991e+07	(delta): 3.92231
1 (QN/Block) 	Elapsed: 24.677	Loglikelihood: -4.18466e+07	(delta): 4.77768e+06
5 (QN/Block) 	Elapsed: 24.529	Loglikelihood: -4.04739e+07	(delta): 52390.7
20 (QN/Block) 	Elapsed: 19.195	Loglikelihood: -4.03991e+07	(delta): 1.23912
2 (QN/Block) 	Elapsed: 24.716	Loglikelihood: -4.05581e+07	(delta): 1.28854e+06
6 (QN/Block) 	Elapsed: 21.966	Loglikelihood: -4.04612e+07	(delta): 12663.8
21 (QN/Block) 	Elapsed: 19.204	Loglikelihood: -4.03991e+07	(delta): 1.07344
3 (QN/Block) 	Elapsed: 26.772	Loglikelihood: -4.02517e+07	(delta): 306365
22 (QN/Block) 	Elapsed: 18.404	Loglikelihood: -4.03991e+07	(delta): 0.347039
7 (QN/Block) 	Elapsed: 22.281	Loglikelihood: -4.04565e+07	(delta): 4692.08
23 (QN/Block) 	Elapsed: 19.11	Loglikelihood: -4.03991e+07	(delta): 0.176041
4 (QN/Block) 	Elapsed: 26.702	Loglikelihood: -4.01085e+07	(delta): 143181
8 (QN/Block) 	Elapsed: 22.876	Loglikelihood: -4.04553e+07	(delta): 1290.47
24 (QN/Block) 	Elapsed: 18.375	Loglikelihood: -4.03991e+07	(delta): 0.0233462
9 (QN/Block) 	Elapsed: 22.025	Loglikelihood: -4.04547e+07	(delta): 506.512
5 (QN/Block) 	Elapsed: 27.579	Loglikelihood: -4.00636e+07	(delta): 44952.9
25 (QN/Block) 	Elapsed: 18.422	Loglikelihood: -4.03991e+07	(delta): 0.00767381
CV error (K=4): 0.14318
Writing output files.
Running ADMIXTURE for K=8
****                   ADMIXTURE Version 1.3.1                  ****
****                    Copyright 2008-2025                     ****
****           David Alexander, Suyash Shringarpure,            ****
****                John Novembre, Ken Lange                    ****
****                                                            ****
****                 Please cite our paper!                     ****
****   Information at https://dalexander.github.io/admixture/   ****

Cross-validation will be performed.  Folds=5.
Parallel execution requested.  Will use 1 threads.
Random seed: 43
Point estimation method: Block relaxation algorithm
Convergence acceleration algorithm: QuasiNewton, 3 secant conditions
Point estimation will terminate when objective function delta < 0.0001
Estimation of standard errors disabled; will compute point estimates only.
Size of G: 2504x67555
Performing five EM steps to prime main algorithm
10 (QN/Block) 	Elapsed: 22.336	Loglikelihood: -4.04545e+07	(delta): 262.572
26 (QN/Block) 	Elapsed: 18.383	Loglikelihood: -4.03991e+07	(delta): 0.00192957
6 (QN/Block) 	Elapsed: 27.731	Loglikelihood: -4.00425e+07	(delta): 21122.1
1 (EM) 	Elapsed: 13.677	Loglikelihood: -5.14507e+07	(delta): 1.97636e+08
11 (QN/Block) 	Elapsed: 22.246	Loglikelihood: -4.04543e+07	(delta): 161.543
27 (QN/Block) 	Elapsed: 18.567	Loglikelihood: -4.03991e+07	(delta): 0.000379376
2 (EM) 	Elapsed: 13.774	Loglikelihood: -4.72852e+07	(delta): 4.16551e+06
7 (QN/Block) 	Elapsed: 29.392	Loglikelihood: -4.00304e+07	(delta): 12087.6
3 (EM) 	Elapsed: 13.904	Loglikelihood: -4.69039e+07	(delta): 381275
28 (QN/Block) 	Elapsed: 18.526	Loglikelihood: -4.03991e+07	(delta): 7.08774e-05
Summary: 
Converged in 28 iterations (601.033 sec)
Loglikelihood: -40399121.710344
Fst divergences between estimated populations: 
	Pop0	Pop1	Pop2	Pop3	
Pop0	
Pop1	0.122	
Pop2	0.035	0.120	
Pop3	0.117	0.016	0.115	
Pop4	0.080	0.144	0.057	0.139	
12 (QN/Block) 	Elapsed: 23.576	Loglikelihood: -4.04543e+07	(delta): 53.0358
4 (EM) 	Elapsed: 13.923	Loglikelihood: -4.67344e+07	(delta): 169531
8 (QN/Block) 	Elapsed: 29.675	Loglikelihood: -4.00218e+07	(delta): 8562.12
13 (QN/Block) 	Elapsed: 24.896	Loglikelihood: -4.04543e+07	(delta): 5.5081
5 (EM) 	Elapsed: 13.86	Loglikelihood: -4.66126e+07	(delta): 121845
Initial loglikelihood: -4.66126e+07
Starting main algorithm
14 (QN/Block) 	Elapsed: 22.864	Loglikelihood: -4.04543e+07	(delta): 1.4427
9 (QN/Block) 	Elapsed: 28.332	Loglikelihood: -4.00146e+07	(delta): 7205.28
1 (QN/Block) 	Elapsed: 29.114	Loglikelihood: -4.18413e+07	(delta): 4.7713e+06
15 (QN/Block) 	Elapsed: 22.901	Loglikelihood: -4.04543e+07	(delta): 1.0958
10 (QN/Block) 	Elapsed: 28.281	Loglikelihood: -4.00094e+07	(delta): 5231.36
2 (QN/Block) 	Elapsed: 29.381	Loglikelihood: -4.06435e+07	(delta): 1.19774e+06
16 (QN/Block) 	Elapsed: 22.158	Loglikelihood: -4.04543e+07	(delta): 0.260595
11 (QN/Block) 	Elapsed: 29.291	Loglikelihood: -4.00047e+07	(delta): 4644
17 (QN/Block) 	Elapsed: 23.867	Loglikelihood: -4.04543e+07	(delta): 0.0672633
3 (QN/Block) 	Elapsed: 31.403	Loglikelihood: -4.02295e+07	(delta): 413995
12 (QN/Block) 	Elapsed: 29.247	Loglikelihood: -4.00002e+07	(delta): 4520.22
18 (QN/Block) 	Elapsed: 23.85	Loglikelihood: -4.04543e+07	(delta): 0.00715627
4 (QN/Block) 	Elapsed: 31.301	Loglikelihood: -4.0046e+07	(delta): 183523
19 (QN/Block) 	Elapsed: 21.893	Loglikelihood: -4.04543e+07	(delta): 0.0104383
13 (QN/Block) 	Elapsed: 28.475	Loglikelihood: -3.99924e+07	(delta): 7777.88
5 (QN/Block) 	Elapsed: 33.625	Loglikelihood: -3.99955e+07	(delta): 50451.9
20 (QN/Block) 	Elapsed: 22.325	Loglikelihood: -4.04543e+07	(delta): 0.00557031
14 (QN/Block) 	Elapsed: 29.298	Loglikelihood: -3.99838e+07	(delta): 8677.22
21 (QN/Block) 	Elapsed: 24.752	Loglikelihood: -4.04543e+07	(delta): 0.00143971
6 (QN/Block) 	Elapsed: 31.52	Loglikelihood: -3.99772e+07	(delta): 18353.1
15 (QN/Block) 	Elapsed: 29.051	Loglikelihood: -3.99795e+07	(delta): 4301.03
22 (QN/Block) 	Elapsed: 24.432	Loglikelihood: -4.04543e+07	(delta): 0.00114365
CV error (K=5): 0.14308
Writing output files.
Running ADMIXTURE for K=9
****                   ADMIXTURE Version 1.3.1                  ****
****                    Copyright 2008-2025                     ****
****           David Alexander, Suyash Shringarpure,            ****
****                John Novembre, Ken Lange                    ****
****                                                            ****
****                 Please cite our paper!                     ****
****   Information at https://dalexander.github.io/admixture/   ****

Cross-validation will be performed.  Folds=5.
Parallel execution requested.  Will use 1 threads.
Random seed: 43
Point estimation method: Block relaxation algorithm
Convergence acceleration algorithm: QuasiNewton, 3 secant conditions
Point estimation will terminate when objective function delta < 0.0001
Estimation of standard errors disabled; will compute point estimates only.
Size of G: 2504x67555
Performing five EM steps to prime main algorithm
7 (QN/Block) 	Elapsed: 32.085	Loglikelihood: -3.99607e+07	(delta): 16521.9
16 (QN/Block) 	Elapsed: 26.792	Loglikelihood: -3.99776e+07	(delta): 1876.51
1 (EM) 	Elapsed: 16.412	Loglikelihood: -5.14999e+07	(delta): 1.95983e+08
23 (QN/Block) 	Elapsed: 24.686	Loglikelihood: -4.04543e+07	(delta): 3.80874e-05
Summary: 
Converged in 23 iterations (600.067 sec)
Loglikelihood: -40454261.719198
Fst divergences between estimated populations: 
	Pop0	Pop1	Pop2	Pop3	Pop4	
Pop0	
Pop1	0.138	
Pop2	0.157	0.087	
Pop3	0.020	0.145	0.162	
Pop4	0.016	0.145	0.163	0.015	
Pop5	0.109	0.074	0.089	0.116	0.117	
2 (EM) 	Elapsed: 16.615	Loglikelihood: -4.72582e+07	(delta): 4.24172e+06
17 (QN/Block) 	Elapsed: 27.474	Loglikelihood: -3.99768e+07	(delta): 766.183
8 (QN/Block) 	Elapsed: 33.849	Loglikelihood: -3.99388e+07	(delta): 21887.7
3 (EM) 	Elapsed: 16.461	Loglikelihood: -4.68848e+07	(delta): 373443
18 (QN/Block) 	Elapsed: 27.841	Loglikelihood: -3.99767e+07	(delta): 155.092
4 (EM) 	Elapsed: 16.536	Loglikelihood: -4.6724e+07	(delta): 160797
9 (QN/Block) 	Elapsed: 34.899	Loglikelihood: -3.99275e+07	(delta): 11258
5 (EM) 	Elapsed: 16.605	Loglikelihood: -4.66086e+07	(delta): 115332
Initial loglikelihood: -4.66086e+07
Starting main algorithm
19 (QN/Block) 	Elapsed: 27.829	Loglikelihood: -3.99766e+07	(delta): 32.0654
10 (QN/Block) 	Elapsed: 32.576	Loglikelihood: -3.99224e+07	(delta): 5077.17
1 (QN/Block) 	Elapsed: 34.387	Loglikelihood: -4.17358e+07	(delta): 4.87282e+06
20 (QN/Block) 	Elapsed: 28.17	Loglikelihood: -3.99766e+07	(delta): 21.6745
11 (QN/Block) 	Elapsed: 33.643	Loglikelihood: -3.99202e+07	(delta): 2219.29
21 (QN/Block) 	Elapsed: 26.228	Loglikelihood: -3.99766e+07	(delta): 12.9768
2 (QN/Block) 	Elapsed: 34.399	Loglikelihood: -4.06562e+07	(delta): 1.07958e+06
12 (QN/Block) 	Elapsed: 32.049	Loglikelihood: -3.99196e+07	(delta): 595.513
22 (QN/Block) 	Elapsed: 26.589	Loglikelihood: -3.99766e+07	(delta): 7.23325
3 (QN/Block) 	Elapsed: 36.695	Loglikelihood: -4.02676e+07	(delta): 388660
23 (QN/Block) 	Elapsed: 26.441	Loglikelihood: -3.99766e+07	(delta): 2.24788
13 (QN/Block) 	Elapsed: 32.515	Loglikelihood: -3.99193e+07	(delta): 307.479
24 (QN/Block) 	Elapsed: 26.623	Loglikelihood: -3.99766e+07	(delta): 0.467656
4 (QN/Block) 	Elapsed: 39.659	Loglikelihood: -4.00728e+07	(delta): 194781
14 (QN/Block) 	Elapsed: 33.267	Loglikelihood: -3.99192e+07	(delta): 152.733
25 (QN/Block) 	Elapsed: 26.742	Loglikelihood: -3.99766e+07	(delta): 0.101516
5 (QN/Block) 	Elapsed: 37.784	Loglikelihood: -4.00078e+07	(delta): 64973
15 (QN/Block) 	Elapsed: 31.492	Loglikelihood: -3.99191e+07	(delta): 112.086
26 (QN/Block) 	Elapsed: 26.673	Loglikelihood: -3.99766e+07	(delta): 0.0465447
16 (QN/Block) 	Elapsed: 31.455	Loglikelihood: -3.9919e+07	(delta): 69.1975
6 (QN/Block) 	Elapsed: 37.375	Loglikelihood: -3.99755e+07	(delta): 32327.2
CV error (K=6): 0.14380
Writing output files.
Running ADMIXTURE for K=10
****                   ADMIXTURE Version 1.3.1                  ****
****                    Copyright 2008-2025                     ****
****           David Alexander, Suyash Shringarpure,            ****
****                John Novembre, Ken Lange                    ****
****                                                            ****
****                 Please cite our paper!                     ****
****   Information at https://dalexander.github.io/admixture/   ****

Cross-validation will be performed.  Folds=5.
Parallel execution requested.  Will use 1 threads.
Random seed: 43
Point estimation method: Block relaxation algorithm
Convergence acceleration algorithm: QuasiNewton, 3 secant conditions
Point estimation will terminate when objective function delta < 0.0001
Estimation of standard errors disabled; will compute point estimates only.
Size of G: 2504x67555
Performing five EM steps to prime main algorithm
27 (QN/Block) 	Elapsed: 26.595	Loglikelihood: -3.99766e+07	(delta): 0.00856592
1 (EM) 	Elapsed: 19.997	Loglikelihood: -5.15114e+07	(delta): 1.94821e+08
17 (QN/Block) 	Elapsed: 31.635	Loglikelihood: -3.9919e+07	(delta): 31.1444
28 (QN/Block) 	Elapsed: 29.126	Loglikelihood: -3.99766e+07	(delta): 0.00176432
7 (QN/Block) 	Elapsed: 37.869	Loglikelihood: -3.99625e+07	(delta): 13022.8
2 (EM) 	Elapsed: 19.943	Loglikelihood: -4.72323e+07	(delta): 4.27909e+06
18 (QN/Block) 	Elapsed: 31.559	Loglikelihood: -3.99189e+07	(delta): 15.4645
29 (QN/Block) 	Elapsed: 29.379	Loglikelihood: -3.99766e+07	(delta): 0.00224022
3 (EM) 	Elapsed: 20.278	Loglikelihood: -4.68638e+07	(delta): 368502
8 (QN/Block) 	Elapsed: 39.105	Loglikelihood: -3.9952e+07	(delta): 10504.3
4 (EM) 	Elapsed: 20.096	Loglikelihood: -4.67084e+07	(delta): 155347
30 (QN/Block) 	Elapsed: 29.422	Loglikelihood: -3.99766e+07	(delta): 0.000241891
19 (QN/Block) 	Elapsed: 34.936	Loglikelihood: -3.99189e+07	(delta): 5.14347
5 (EM) 	Elapsed: 20.297	Loglikelihood: -4.65969e+07	(delta): 111494
Initial loglikelihood: -4.65969e+07
Starting main algorithm
9 (QN/Block) 	Elapsed: 37.984	Loglikelihood: -3.99374e+07	(delta): 14540.1
31 (QN/Block) 	Elapsed: 26.838	Loglikelihood: -3.99766e+07	(delta): 0.000622891
20 (QN/Block) 	Elapsed: 34.657	Loglikelihood: -3.99189e+07	(delta): 2.50058
32 (QN/Block) 	Elapsed: 26.385	Loglikelihood: -3.99766e+07	(delta): 0.000118263
1 (QN/Block) 	Elapsed: 40.092	Loglikelihood: -4.17085e+07	(delta): 4.88842e+06
10 (QN/Block) 	Elapsed: 37.929	Loglikelihood: -3.99267e+07	(delta): 10691.7
21 (QN/Block) 	Elapsed: 34.403	Loglikelihood: -3.99189e+07	(delta): 2.1422
33 (QN/Block) 	Elapsed: 26.665	Loglikelihood: -3.99766e+07	(delta): 4.18201e-05
Summary: 
Converged in 33 iterations (1006.4 sec)
Loglikelihood: -39976585.166434
Fst divergences between estimated populations: 
	Pop0	Pop1	Pop2	Pop3	Pop4	Pop5	
Pop0	
Pop1	0.019	
Pop2	0.103	0.108	
Pop3	0.127	0.116	0.164	
Pop4	0.084	0.087	0.090	0.141	
Pop5	0.043	0.038	0.096	0.116	0.059	
Pop6	0.131	0.121	0.167	0.017	0.145	0.120	
2 (QN/Block) 	Elapsed: 40.054	Loglikelihood: -4.04106e+07	(delta): 1.29795e+06
11 (QN/Block) 	Elapsed: 38.886	Loglikelihood: -3.9919e+07	(delta): 7705.12
22 (QN/Block) 	Elapsed: 31.538	Loglikelihood: -3.99189e+07	(delta): 1.88759
23 (QN/Block) 	Elapsed: 31.398	Loglikelihood: -3.99189e+07	(delta): 1.397
12 (QN/Block) 	Elapsed: 37.629	Loglikelihood: -3.99156e+07	(delta): 3427.97
3 (QN/Block) 	Elapsed: 42.278	Loglikelihood: -4.00741e+07	(delta): 336493
24 (QN/Block) 	Elapsed: 32.427	Loglikelihood: -3.99189e+07	(delta): 0.359296
13 (QN/Block) 	Elapsed: 36.496	Loglikelihood: -3.9913e+07	(delta): 2562.49
4 (QN/Block) 	Elapsed: 42.377	Loglikelihood: -3.99334e+07	(delta): 140714
25 (QN/Block) 	Elapsed: 34.563	Loglikelihood: -3.99189e+07	(delta): 0.0669421
14 (QN/Block) 	Elapsed: 37.792	Loglikelihood: -3.99112e+07	(delta): 1829.56
5 (QN/Block) 	Elapsed: 44.986	Loglikelihood: -3.98986e+07	(delta): 34795.7
26 (QN/Block) 	Elapsed: 34.826	Loglikelihood: -3.99189e+07	(delta): 0.0291233
15 (QN/Block) 	Elapsed: 36.535	Loglikelihood: -3.99097e+07	(delta): 1555.82
27 (QN/Block) 	Elapsed: 31.44	Loglikelihood: -3.99189e+07	(delta): 0.0965347
6 (QN/Block) 	Elapsed: 43.511	Loglikelihood: -3.98845e+07	(delta): 14026.6
16 (QN/Block) 	Elapsed: 37.022	Loglikelihood: -3.99083e+07	(delta): 1310.96
28 (QN/Block) 	Elapsed: 31.639	Loglikelihood: -3.99189e+07	(delta): 0.00869761
7 (QN/Block) 	Elapsed: 44.973	Loglikelihood: -3.98748e+07	(delta): 9692.78
17 (QN/Block) 	Elapsed: 39.014	Loglikelihood: -3.99029e+07	(delta): 5412.83
29 (QN/Block) 	Elapsed: 32.831	Loglikelihood: -3.99189e+07	(delta): 0.00327568
8 (QN/Block) 	Elapsed: 45.85	Loglikelihood: -3.98677e+07	(delta): 7152.48
18 (QN/Block) 	Elapsed: 38.809	Loglikelihood: -3.98985e+07	(delta): 4453
30 (QN/Block) 	Elapsed: 31.344	Loglikelihood: -3.99189e+07	(delta): 0.00149375
31 (QN/Block) 	Elapsed: 32.648	Loglikelihood: -3.99189e+07	(delta): 0.000125594
19 (QN/Block) 	Elapsed: 36.773	Loglikelihood: -3.98947e+07	(delta): 3751.48
9 (QN/Block) 	Elapsed: 44.224	Loglikelihood: -3.98607e+07	(delta): 6973.84
CV error (K=7): 0.14122
Writing output files.
32 (QN/Block) 	Elapsed: 31.261	Loglikelihood: -3.99189e+07	(delta): 0.000427291
20 (QN/Block) 	Elapsed: 37.432	Loglikelihood: -3.9893e+07	(delta): 1721.15
10 (QN/Block) 	Elapsed: 42.667	Loglikelihood: -3.98555e+07	(delta): 5251.66
33 (QN/Block) 	Elapsed: 33.289	Loglikelihood: -3.99189e+07	(delta): 0.00111384
21 (QN/Block) 	Elapsed: 35.198	Loglikelihood: -3.98921e+07	(delta): 917.612
11 (QN/Block) 	Elapsed: 42.798	Loglikelihood: -3.98504e+07	(delta): 5034.88
34 (QN/Block) 	Elapsed: 33.077	Loglikelihood: -3.99189e+07	(delta): 0.00148632
22 (QN/Block) 	Elapsed: 35.098	Loglikelihood: -3.98915e+07	(delta): 616.131
35 (QN/Block) 	Elapsed: 32.848	Loglikelihood: -3.99189e+07	(delta): 0.00864992
12 (QN/Block) 	Elapsed: 42.789	Loglikelihood: -3.98476e+07	(delta): 2869.37
23 (QN/Block) 	Elapsed: 36.283	Loglikelihood: -3.98911e+07	(delta): 372.277
36 (QN/Block) 	Elapsed: 32.698	Loglikelihood: -3.99189e+07	(delta): 0.0330208
13 (QN/Block) 	Elapsed: 42.532	Loglikelihood: -3.98459e+07	(delta): 1647.73
24 (QN/Block) 	Elapsed: 35.04	Loglikelihood: -3.98909e+07	(delta): 245
37 (QN/Block) 	Elapsed: 32.913	Loglikelihood: -3.99189e+07	(delta): 0.0153876
25 (QN/Block) 	Elapsed: 34.535	Loglikelihood: -3.98905e+07	(delta): 358.16
14 (QN/Block) 	Elapsed: 41.159	Loglikelihood: -3.98448e+07	(delta): 1134.47
38 (QN/Block) 	Elapsed: 32.632	Loglikelihood: -3.99189e+07	(delta): 0.000505947
26 (QN/Block) 	Elapsed: 35.478	Loglikelihood: -3.98901e+07	(delta): 361.896
39 (QN/Block) 	Elapsed: 29.641	Loglikelihood: -3.99189e+07	(delta): 0.000214562
15 (QN/Block) 	Elapsed: 40.016	Loglikelihood: -3.98436e+07	(delta): 1131.29
40 (QN/Block) 	Elapsed: 29.757	Loglikelihood: -3.99189e+07	(delta): 0.000151753
27 (QN/Block) 	Elapsed: 36.827	Loglikelihood: -3.98899e+07	(delta): 279.622
16 (QN/Block) 	Elapsed: 41.278	Loglikelihood: -3.98425e+07	(delta): 1101.22
41 (QN/Block) 	Elapsed: 29.978	Loglikelihood: -3.99189e+07	(delta): 0.000511266
28 (QN/Block) 	Elapsed: 37.972	Loglikelihood: -3.98895e+07	(delta): 313.408
17 (QN/Block) 	Elapsed: 40.233	Loglikelihood: -3.98414e+07	(delta): 1100.27
42 (QN/Block) 	Elapsed: 30.011	Loglikelihood: -3.99189e+07	(delta): 0.00116967
29 (QN/Block) 	Elapsed: 36.592	Loglikelihood: -3.98893e+07	(delta): 259
43 (QN/Block) 	Elapsed: 29.667	Loglikelihood: -3.99189e+07	(delta): 0.000775583
18 (QN/Block) 	Elapsed: 39.891	Loglikelihood: -3.98403e+07	(delta): 1137.6
30 (QN/Block) 	Elapsed: 35.364	Loglikelihood: -3.9889e+07	(delta): 313.86
44 (QN/Block) 	Elapsed: 29.834	Loglikelihood: -3.99189e+07	(delta): 0.000223838
19 (QN/Block) 	Elapsed: 41.165	Loglikelihood: -3.98388e+07	(delta): 1475.39
31 (QN/Block) 	Elapsed: 36.931	Loglikelihood: -3.98887e+07	(delta): 247.629
45 (QN/Block) 	Elapsed: 29.976	Loglikelihood: -3.99189e+07	(delta): 8.09878e-05
Summary: 
Converged in 45 iterations (1566.17 sec)
Loglikelihood: -39918927.785761
Fst divergences between estimated populations: 
	Pop0	Pop1	Pop2	Pop3	Pop4	Pop5	Pop6	
Pop0	
Pop1	0.131	
Pop2	0.089	0.149	
Pop3	0.088	0.148	0.021	
Pop4	0.019	0.121	0.091	0.090	
Pop5	0.127	0.017	0.144	0.143	0.116	
Pop6	0.103	0.167	0.090	0.097	0.108	0.164	
Pop7	0.043	0.120	0.065	0.062	0.038	0.116	0.096	
20 (QN/Block) 	Elapsed: 42.556	Loglikelihood: -3.9838e+07	(delta): 865.489
32 (QN/Block) 	Elapsed: 35.75	Loglikelihood: -3.98885e+07	(delta): 229.313
21 (QN/Block) 	Elapsed: 40.029	Loglikelihood: -3.98374e+07	(delta): 532.604
33 (QN/Block) 	Elapsed: 35.662	Loglikelihood: -3.98883e+07	(delta): 185.293
34 (QN/Block) 	Elapsed: 35.49	Loglikelihood: -3.98881e+07	(delta): 216.518
22 (QN/Block) 	Elapsed: 40.036	Loglikelihood: -3.98368e+07	(delta): 624.819
35 (QN/Block) 	Elapsed: 35.383	Loglikelihood: -3.98879e+07	(delta): 209.473
23 (QN/Block) 	Elapsed: 39.857	Loglikelihood: -3.98364e+07	(delta): 399.56
36 (QN/Block) 	Elapsed: 34.432	Loglikelihood: -3.98877e+07	(delta): 199.524
24 (QN/Block) 	Elapsed: 40.024	Loglikelihood: -3.9836e+07	(delta): 386.32
37 (QN/Block) 	Elapsed: 35.76	Loglikelihood: -3.98874e+07	(delta): 295.925
25 (QN/Block) 	Elapsed: 39.812	Loglikelihood: -3.98355e+07	(delta): 512.841
38 (QN/Block) 	Elapsed: 36.548	Loglikelihood: -3.9887e+07	(delta): 361.581
26 (QN/Block) 	Elapsed: 40.945	Loglikelihood: -3.98344e+07	(delta): 1095.98
39 (QN/Block) 	Elapsed: 35.827	Loglikelihood: -3.98867e+07	(delta): 288.778
27 (QN/Block) 	Elapsed: 42.6	Loglikelihood: -3.98336e+07	(delta): 839.347
40 (QN/Block) 	Elapsed: 37.026	Loglikelihood: -3.98862e+07	(delta): 504.951
28 (QN/Block) 	Elapsed: 41.051	Loglikelihood: -3.98316e+07	(delta): 1941.01
41 (QN/Block) 	Elapsed: 36.684	Loglikelihood: -3.9886e+07	(delta): 218.298
CV error (K=8): 0.14110
Writing output files.
42 (QN/Block) 	Elapsed: 34.555	Loglikelihood: -3.98859e+07	(delta): 144.032
29 (QN/Block) 	Elapsed: 43.285	Loglikelihood: -3.98205e+07	(delta): 11155.7
43 (QN/Block) 	Elapsed: 34.709	Loglikelihood: -3.98858e+07	(delta): 85.2215
30 (QN/Block) 	Elapsed: 42.099	Loglikelihood: -3.98128e+07	(delta): 7637.01
44 (QN/Block) 	Elapsed: 33.543	Loglikelihood: -3.98857e+07	(delta): 74.6457
31 (QN/Block) 	Elapsed: 38.595	Loglikelihood: -3.98101e+07	(delta): 2780.14
45 (QN/Block) 	Elapsed: 33.679	Loglikelihood: -3.98857e+07	(delta): 37.2245
32 (QN/Block) 	Elapsed: 40.622	Loglikelihood: -3.98087e+07	(delta): 1351.75
46 (QN/Block) 	Elapsed: 36.26	Loglikelihood: -3.98856e+07	(delta): 28.1096
33 (QN/Block) 	Elapsed: 39.871	Loglikelihood: -3.98073e+07	(delta): 1446.05
47 (QN/Block) 	Elapsed: 34.656	Loglikelihood: -3.98856e+07	(delta): 20.0343
34 (QN/Block) 	Elapsed: 40.701	Loglikelihood: -3.98066e+07	(delta): 619.03
48 (QN/Block) 	Elapsed: 36.254	Loglikelihood: -3.98856e+07	(delta): 13.1201
35 (QN/Block) 	Elapsed: 38.634	Loglikelihood: -3.98062e+07	(delta): 391.654
49 (QN/Block) 	Elapsed: 36.344	Loglikelihood: -3.98856e+07	(delta): 4.99078
50 (QN/Block) 	Elapsed: 36.52	Loglikelihood: -3.98856e+07	(delta): 5.66029
36 (QN/Block) 	Elapsed: 39.843	Loglikelihood: -3.98061e+07	(delta): 189.409
51 (QN/Block) 	Elapsed: 35.281	Loglikelihood: -3.98856e+07	(delta): 1.19087
37 (QN/Block) 	Elapsed: 38.416	Loglikelihood: -3.9806e+07	(delta): 39.8818
52 (QN/Block) 	Elapsed: 35.314	Loglikelihood: -3.98856e+07	(delta): 11.5168
38 (QN/Block) 	Elapsed: 38.419	Loglikelihood: -3.9806e+07	(delta): 25.0398
53 (QN/Block) 	Elapsed: 36.125	Loglikelihood: -3.98856e+07	(delta): 3.95245
39 (QN/Block) 	Elapsed: 43.227	Loglikelihood: -3.9806e+07	(delta): 2.80051
54 (QN/Block) 	Elapsed: 38.307	Loglikelihood: -3.98856e+07	(delta): 5.40856
40 (QN/Block) 	Elapsed: 39.845	Loglikelihood: -3.9806e+07	(delta): 0.254819
55 (QN/Block) 	Elapsed: 36.575	Loglikelihood: -3.98856e+07	(delta): 4.82156
41 (QN/Block) 	Elapsed: 42.039	Loglikelihood: -3.9806e+07	(delta): 0.0443077
56 (QN/Block) 	Elapsed: 36.503	Loglikelihood: -3.98856e+07	(delta): 3.12366
42 (QN/Block) 	Elapsed: 40.626	Loglikelihood: -3.9806e+07	(delta): 0.0193556
57 (QN/Block) 	Elapsed: 36.549	Loglikelihood: -3.98856e+07	(delta): 2.241
43 (QN/Block) 	Elapsed: 38.545	Loglikelihood: -3.9806e+07	(delta): 0.0373555
58 (QN/Block) 	Elapsed: 36.237	Loglikelihood: -3.98856e+07	(delta): 1.60776
44 (QN/Block) 	Elapsed: 41.716	Loglikelihood: -3.9806e+07	(delta): 0.0274867
59 (QN/Block) 	Elapsed: 36.461	Loglikelihood: -3.98856e+07	(delta): 1.59163
60 (QN/Block) 	Elapsed: 36.266	Loglikelihood: -3.98856e+07	(delta): 1.40303
45 (QN/Block) 	Elapsed: 41.671	Loglikelihood: -3.9806e+07	(delta): 0.064675
61 (QN/Block) 	Elapsed: 36.319	Loglikelihood: -3.98856e+07	(delta): 1.39444
46 (QN/Block) 	Elapsed: 41.541	Loglikelihood: -3.9806e+07	(delta): 0.156184
62 (QN/Block) 	Elapsed: 36.277	Loglikelihood: -3.98856e+07	(delta): 1.44859
47 (QN/Block) 	Elapsed: 41.647	Loglikelihood: -3.9806e+07	(delta): 0.238001
63 (QN/Block) 	Elapsed: 35.108	Loglikelihood: -3.98856e+07	(delta): 1.42283
48 (QN/Block) 	Elapsed: 40.52	Loglikelihood: -3.9806e+07	(delta): 0.0973773
64 (QN/Block) 	Elapsed: 36.511	Loglikelihood: -3.98856e+07	(delta): 1.82461
49 (QN/Block) 	Elapsed: 41.941	Loglikelihood: -3.9806e+07	(delta): 0.0405706
65 (QN/Block) 	Elapsed: 36.378	Loglikelihood: -3.98856e+07	(delta): 0.99454
50 (QN/Block) 	Elapsed: 41.535	Loglikelihood: -3.9806e+07	(delta): 0.00343663
66 (QN/Block) 	Elapsed: 36.168	Loglikelihood: -3.98856e+07	(delta): 0.850011
51 (QN/Block) 	Elapsed: 41.42	Loglikelihood: -3.9806e+07	(delta): 0.00165883
67 (QN/Block) 	Elapsed: 36.113	Loglikelihood: -3.98856e+07	(delta): 0.597365
68 (QN/Block) 	Elapsed: 33.156	Loglikelihood: -3.98856e+07	(delta): 0.422896
52 (QN/Block) 	Elapsed: 38.299	Loglikelihood: -3.9806e+07	(delta): 0.00804371
69 (QN/Block) 	Elapsed: 35.025	Loglikelihood: -3.98856e+07	(delta): 0.461569
53 (QN/Block) 	Elapsed: 38.205	Loglikelihood: -3.9806e+07	(delta): 0.0013966
70 (QN/Block) 	Elapsed: 34.281	Loglikelihood: -3.98856e+07	(delta): 0.0673691
54 (QN/Block) 	Elapsed: 41.634	Loglikelihood: -3.9806e+07	(delta): 0.00350718
71 (QN/Block) 	Elapsed: 34.101	Loglikelihood: -3.98856e+07	(delta): 0.0938621
55 (QN/Block) 	Elapsed: 41.5	Loglikelihood: -3.9806e+07	(delta): 0.00145332
72 (QN/Block) 	Elapsed: 35.468	Loglikelihood: -3.98856e+07	(delta): 0.0325113
56 (QN/Block) 	Elapsed: 42.213	Loglikelihood: -3.9806e+07	(delta): 0.00218336
73 (QN/Block) 	Elapsed: 36.617	Loglikelihood: -3.98856e+07	(delta): 0.0205429
57 (QN/Block) 	Elapsed: 38.18	Loglikelihood: -3.9806e+07	(delta): 0.000700019
74 (QN/Block) 	Elapsed: 35.992	Loglikelihood: -3.98856e+07	(delta): 0.0170099
58 (QN/Block) 	Elapsed: 38.702	Loglikelihood: -3.9806e+07	(delta): 0.000520423
75 (QN/Block) 	Elapsed: 34.4	Loglikelihood: -3.98856e+07	(delta): 0.0143334
59 (QN/Block) 	Elapsed: 38.359	Loglikelihood: -3.9806e+07	(delta): 0.000263199
76 (QN/Block) 	Elapsed: 36.217	Loglikelihood: -3.98856e+07	(delta): 0.0319121
77 (QN/Block) 	Elapsed: 36.205	Loglikelihood: -3.98856e+07	(delta): 0.00708231
60 (QN/Block) 	Elapsed: 38.375	Loglikelihood: -3.9806e+07	(delta): 9.35346e-05
Summary: 
Converged in 60 iterations (2639.61 sec)
Loglikelihood: -39805989.050415
Fst divergences between estimated populations: 
	Pop0	Pop1	Pop2	Pop3	Pop4	Pop5	Pop6	Pop7	Pop8	
Pop0	
Pop1	0.090	
Pop2	0.149	0.132	
Pop3	0.148	0.132	0.015	
Pop4	0.091	0.106	0.169	0.168	
Pop5	0.065	0.047	0.121	0.120	0.098	
Pop6	0.093	0.025	0.126	0.126	0.110	0.041	
Pop7	0.021	0.090	0.147	0.147	0.097	0.063	0.093	
Pop8	0.094	0.024	0.121	0.120	0.112	0.044	0.016	0.093	
Pop9	0.142	0.126	0.016	0.020	0.164	0.114	0.120	0.141	0.114	
78 (QN/Block) 	Elapsed: 36.105	Loglikelihood: -3.98856e+07	(delta): 0.00652778
79 (QN/Block) 	Elapsed: 36.484	Loglikelihood: -3.98856e+07	(delta): 0.00599844
80 (QN/Block) 	Elapsed: 36.408	Loglikelihood: -3.98856e+07	(delta): 0.00553764
81 (QN/Block) 	Elapsed: 36.753	Loglikelihood: -3.98856e+07	(delta): 0.00512033
82 (QN/Block) 	Elapsed: 36.116	Loglikelihood: -3.98856e+07	(delta): 0.00473359
83 (QN/Block) 	Elapsed: 35.615	Loglikelihood: -3.98856e+07	(delta): 0.00419274
84 (QN/Block) 	Elapsed: 36.084	Loglikelihood: -3.98856e+07	(delta): 0.001486
85 (QN/Block) 	Elapsed: 36.31	Loglikelihood: -3.98856e+07	(delta): 0.00190606
86 (QN/Block) 	Elapsed: 35.052	Loglikelihood: -3.98856e+07	(delta): 0.00216797
87 (QN/Block) 	Elapsed: 35.978	Loglikelihood: -3.98856e+07	(delta): 0.0027172
88 (QN/Block) 	Elapsed: 35.815	Loglikelihood: -3.98856e+07	(delta): 0.00195324
89 (QN/Block) 	Elapsed: 36.07	Loglikelihood: -3.98856e+07	(delta): 0.00381608
90 (QN/Block) 	Elapsed: 36.38	Loglikelihood: -3.98856e+07	(delta): 0.00467127
CV error (K=10): 0.14113
Writing output files.
91 (QN/Block) 	Elapsed: 34.937	Loglikelihood: -3.98856e+07	(delta): 0.00410219
92 (QN/Block) 	Elapsed: 33.735	Loglikelihood: -3.98856e+07	(delta): 0.0026761
93 (QN/Block) 	Elapsed: 33.71	Loglikelihood: -3.98856e+07	(delta): 0.00139451
94 (QN/Block) 	Elapsed: 33.604	Loglikelihood: -3.98856e+07	(delta): 0.000718527
95 (QN/Block) 	Elapsed: 32.66	Loglikelihood: -3.98856e+07	(delta): 0.00111023
96 (QN/Block) 	Elapsed: 32.687	Loglikelihood: -3.98856e+07	(delta): 0.00104968
97 (QN/Block) 	Elapsed: 33.548	Loglikelihood: -3.98856e+07	(delta): 0.000712171
98 (QN/Block) 	Elapsed: 33.53	Loglikelihood: -3.98856e+07	(delta): 0.000658348
99 (QN/Block) 	Elapsed: 33.592	Loglikelihood: -3.98856e+07	(delta): 0.00102304
100 (QN/Block) 	Elapsed: 33.507	Loglikelihood: -3.98856e+07	(delta): 0.000701576
101 (QN/Block) 	Elapsed: 33.506	Loglikelihood: -3.98856e+07	(delta): 0.000311136
102 (QN/Block) 	Elapsed: 30.767	Loglikelihood: -3.98856e+07	(delta): 0.000444934
103 (QN/Block) 	Elapsed: 31.693	Loglikelihood: -3.98856e+07	(delta): 2.51532e-05
Summary: 
Converged in 103 iterations (3884.28 sec)
Loglikelihood: -39885551.874329
Fst divergences between estimated populations: 
	Pop0	Pop1	Pop2	Pop3	Pop4	Pop5	Pop6	Pop7	
Pop0	
Pop1	0.141	
Pop2	0.118	0.094	
Pop3	0.122	0.091	0.029	
Pop4	0.127	0.099	0.036	0.024	
Pop5	0.166	0.091	0.124	0.112	0.117	
Pop6	0.117	0.059	0.052	0.044	0.055	0.099	
Pop7	0.017	0.146	0.123	0.126	0.132	0.169	0.121	
Pop8	0.131	0.086	0.037	0.030	0.033	0.108	0.050	0.135	
CV error (K=9): 0.14127
Writing output files.
Pipeline complete. Results and logs are in dump/special_chr20_maf0005_pruned/admixture/
