****                   ADMIXTURE Version 1.3.1                  ****
****                    Copyright 2008-2025                     ****
****           David Alexander, Suyash Shringarpure,            ****
****                John Novembre, Ken Lange                    ****
****                                                            ****
****                 Please cite our paper!                     ****
****   Information at https://dalexander.github.io/admixture/   ****

Cross-validation will be performed.  Folds=5.
Parallel execution requested.  Will use 1 threads.
Random seed: 43
Point estimation method: Block relaxation algorithm
Convergence acceleration algorithm: QuasiNewton, 3 secant conditions
Point estimation will terminate when objective function delta < 0.0001
Estimation of standard errors disabled; will compute point estimates only.
Size of G: 2504x67555
Performing five EM steps to prime main algorithm
1 (EM) 	Elapsed: 5.406	Loglikelihood: -5.07766e+07	(delta): 2.12622e+08
2 (EM) 	Elapsed: 5.496	Loglikelihood: -4.72888e+07	(delta): 3.48773e+06
3 (EM) 	Elapsed: 5.453	Loglikelihood: -4.6893e+07	(delta): 395791
4 (EM) 	Elapsed: 5.514	Loglikelihood: -4.66797e+07	(delta): 213361
5 (EM) 	Elapsed: 5.354	Loglikelihood: -4.653e+07	(delta): 149725
Initial loglikelihood: -4.653e+07
Starting main algorithm
1 (QN/Block) 	Elapsed: 12.491	Loglikelihood: -4.25664e+07	(delta): 3.96357e+06
2 (QN/Block) 	Elapsed: 12.588	Loglikelihood: -4.1621e+07	(delta): 945364
3 (QN/Block) 	Elapsed: 15.541	Loglikelihood: -4.12645e+07	(delta): 356546
4 (QN/Block) 	Elapsed: 15.109	Loglikelihood: -4.08701e+07	(delta): 394383
5 (QN/Block) 	Elapsed: 15.827	Loglikelihood: -4.06358e+07	(delta): 234275
6 (QN/Block) 	Elapsed: 14.712	Loglikelihood: -4.05324e+07	(delta): 103450
7 (QN/Block) 	Elapsed: 15.668	Loglikelihood: -4.0486e+07	(delta): 46351.5
8 (QN/Block) 	Elapsed: 14.608	Loglikelihood: -4.04807e+07	(delta): 5306.31
9 (QN/Block) 	Elapsed: 14.649	Loglikelihood: -4.04796e+07	(delta): 1136.78
10 (QN/Block) 	Elapsed: 14.728	Loglikelihood: -4.04795e+07	(delta): 106.773
11 (QN/Block) 	Elapsed: 13.927	Loglikelihood: -4.04795e+07	(delta): 6.66362
12 (QN/Block) 	Elapsed: 13.924	Loglikelihood: -4.04795e+07	(delta): 0.638145
13 (QN/Block) 	Elapsed: 13.855	Loglikelihood: -4.04795e+07	(delta): 0.090506
14 (QN/Block) 	Elapsed: 13.964	Loglikelihood: -4.04795e+07	(delta): 0.0151005
15 (QN/Block) 	Elapsed: 13.802	Loglikelihood: -4.04795e+07	(delta): 0.00390839
16 (QN/Block) 	Elapsed: 13.759	Loglikelihood: -4.04795e+07	(delta): 0.00201426
17 (QN/Block) 	Elapsed: 13.899	Loglikelihood: -4.04795e+07	(delta): 0.00195811
18 (QN/Block) 	Elapsed: 13.929	Loglikelihood: -4.04795e+07	(delta): 0.00156671
19 (QN/Block) 	Elapsed: 13.842	Loglikelihood: -4.04795e+07	(delta): 0.00127912
20 (QN/Block) 	Elapsed: 13.884	Loglikelihood: -4.04795e+07	(delta): 0.000716217
21 (QN/Block) 	Elapsed: 13.939	Loglikelihood: -4.04795e+07	(delta): 0.000424787
22 (QN/Block) 	Elapsed: 13.923	Loglikelihood: -4.04795e+07	(delta): 1.29268e-05
Summary: 
Converged in 22 iterations (359.721 sec)
Loglikelihood: -40479455.741021
Fst divergences between estimated populations: 
	Pop0	Pop1	Pop2	
Pop0	
Pop1	0.114	
Pop2	0.116	0.035	
Pop3	0.138	0.057	0.080	
CV error (K=4): 0.14318
Writing output files.
