****                   ADMIXTURE Version 1.3.1                  ****
****                    Copyright 2008-2025                     ****
****           David Alexander, Suyash Shringarpure,            ****
****                John Novembre, Ken Lange                    ****
****                                                            ****
****                 Please cite our paper!                     ****
****   Information at https://dalexander.github.io/admixture/   ****

Cross-validation will be performed.  Folds=5.
Parallel execution requested.  Will use 1 threads.
Random seed: 43
Point estimation method: Block relaxation algorithm
Convergence acceleration algorithm: QuasiNewton, 3 secant conditions
Point estimation will terminate when objective function delta < 0.0001
Estimation of standard errors disabled; will compute point estimates only.
Size of G: 2504x67555
Performing five EM steps to prime main algorithm
1 (EM) 	Elapsed: 7.367	Loglikelihood: -5.10901e+07	(delta): 2.06555e+08
2 (EM) 	Elapsed: 7.533	Loglikelihood: -4.73205e+07	(delta): 3.76966e+06
3 (EM) 	Elapsed: 7.527	Loglikelihood: -4.69332e+07	(delta): 387221
4 (EM) 	Elapsed: 7.501	Loglikelihood: -4.67354e+07	(delta): 197861
5 (EM) 	Elapsed: 7.375	Loglikelihood: -4.65926e+07	(delta): 142771
Initial loglikelihood: -4.65926e+07
Starting main algorithm
1 (QN/Block) 	Elapsed: 17.093	Loglikelihood: -4.2367e+07	(delta): 4.22565e+06
2 (QN/Block) 	Elapsed: 16.913	Loglikelihood: -4.11406e+07	(delta): 1.22637e+06
3 (QN/Block) 	Elapsed: 18.379	Loglikelihood: -4.08253e+07	(delta): 315252
4 (QN/Block) 	Elapsed: 19.195	Loglikelihood: -4.05821e+07	(delta): 243256
5 (QN/Block) 	Elapsed: 19.952	Loglikelihood: -4.05085e+07	(delta): 73583.4
6 (QN/Block) 	Elapsed: 18.766	Loglikelihood: -4.04632e+07	(delta): 45350.2
7 (QN/Block) 	Elapsed: 19.47	Loglikelihood: -4.04508e+07	(delta): 12377.2
8 (QN/Block) 	Elapsed: 19.291	Loglikelihood: -4.04466e+07	(delta): 4218.17
9 (QN/Block) 	Elapsed: 19.437	Loglikelihood: -4.04455e+07	(delta): 1083.7
10 (QN/Block) 	Elapsed: 19.769	Loglikelihood: -4.0445e+07	(delta): 501.744
11 (QN/Block) 	Elapsed: 18.59	Loglikelihood: -4.04447e+07	(delta): 320.435
12 (QN/Block) 	Elapsed: 20.036	Loglikelihood: -4.04439e+07	(delta): 705.037
13 (QN/Block) 	Elapsed: 20.534	Loglikelihood: -4.04414e+07	(delta): 2556.98
14 (QN/Block) 	Elapsed: 20.985	Loglikelihood: -4.04062e+07	(delta): 35240.4
15 (QN/Block) 	Elapsed: 19.917	Loglikelihood: -4.04003e+07	(delta): 5803.9
16 (QN/Block) 	Elapsed: 19.502	Loglikelihood: -4.03994e+07	(delta): 932.364
17 (QN/Block) 	Elapsed: 19.473	Loglikelihood: -4.03992e+07	(delta): 256.782
18 (QN/Block) 	Elapsed: 20.817	Loglikelihood: -4.03991e+07	(delta): 29.4102
19 (QN/Block) 	Elapsed: 20.486	Loglikelihood: -4.03991e+07	(delta): 3.92231
20 (QN/Block) 	Elapsed: 19.195	Loglikelihood: -4.03991e+07	(delta): 1.23912
21 (QN/Block) 	Elapsed: 19.204	Loglikelihood: -4.03991e+07	(delta): 1.07344
22 (QN/Block) 	Elapsed: 18.404	Loglikelihood: -4.03991e+07	(delta): 0.347039
23 (QN/Block) 	Elapsed: 19.11	Loglikelihood: -4.03991e+07	(delta): 0.176041
24 (QN/Block) 	Elapsed: 18.375	Loglikelihood: -4.03991e+07	(delta): 0.0233462
25 (QN/Block) 	Elapsed: 18.422	Loglikelihood: -4.03991e+07	(delta): 0.00767381
26 (QN/Block) 	Elapsed: 18.383	Loglikelihood: -4.03991e+07	(delta): 0.00192957
27 (QN/Block) 	Elapsed: 18.567	Loglikelihood: -4.03991e+07	(delta): 0.000379376
28 (QN/Block) 	Elapsed: 18.526	Loglikelihood: -4.03991e+07	(delta): 7.08774e-05
Summary: 
Converged in 28 iterations (601.033 sec)
Loglikelihood: -40399121.710344
Fst divergences between estimated populations: 
	Pop0	Pop1	Pop2	Pop3	
Pop0	
Pop1	0.122	
Pop2	0.035	0.120	
Pop3	0.117	0.016	0.115	
Pop4	0.080	0.144	0.057	0.139	
CV error (K=5): 0.14308
Writing output files.
