****                   ADMIXTURE Version 1.3.1                  ****
****                    Copyright 2008-2025                     ****
****           David Alexander, Suyash Shringarpure,            ****
****                John Novembre, Ken Lange                    ****
****                                                            ****
****                 Please cite our paper!                     ****
****   Information at https://dalexander.github.io/admixture/   ****

Cross-validation will be performed.  Folds=5.
Parallel execution requested.  Will use 1 threads.
Random seed: 43
Point estimation method: Block relaxation algorithm
Convergence acceleration algorithm: QuasiNewton, 3 secant conditions
Point estimation will terminate when objective function delta < 0.0001
Estimation of standard errors disabled; will compute point estimates only.
Size of G: 2504x67555
Performing five EM steps to prime main algorithm
1 (EM) 	Elapsed: 2.616	Loglikelihood: -4.87538e+07	(delta): 2.41515e+08
2 (EM) 	Elapsed: 2.712	Loglikelihood: -4.6867e+07	(delta): 1.88679e+06
3 (EM) 	Elapsed: 2.634	Loglikelihood: -4.65477e+07	(delta): 319314
4 (EM) 	Elapsed: 2.81	Loglikelihood: -4.63898e+07	(delta): 157835
5 (EM) 	Elapsed: 2.7	Loglikelihood: -4.63113e+07	(delta): 78516.4
Initial loglikelihood: -4.63113e+07
Starting main algorithm
1 (QN/Block) 	Elapsed: 5.625	Loglikelihood: -4.52554e+07	(delta): 1.05592e+06
2 (QN/Block) 	Elapsed: 5.411	Loglikelihood: -4.4257e+07	(delta): 998379
3 (QN/Block) 	Elapsed: 6.548	Loglikelihood: -4.38364e+07	(delta): 420613
4 (QN/Block) 	Elapsed: 8.053	Loglikelihood: -4.29257e+07	(delta): 910694
5 (QN/Block) 	Elapsed: 8.24	Loglikelihood: -4.24635e+07	(delta): 462184
6 (QN/Block) 	Elapsed: 8.125	Loglikelihood: -4.23762e+07	(delta): 87362.3
7 (QN/Block) 	Elapsed: 7.063	Loglikelihood: -4.23209e+07	(delta): 55249.7
8 (QN/Block) 	Elapsed: 7.931	Loglikelihood: -4.23076e+07	(delta): 13299.7
9 (QN/Block) 	Elapsed: 7.131	Loglikelihood: -4.23063e+07	(delta): 1288.84
10 (QN/Block) 	Elapsed: 6.562	Loglikelihood: -4.23059e+07	(delta): 384.081
11 (QN/Block) 	Elapsed: 7.571	Loglikelihood: -4.23059e+07	(delta): 34.5962
12 (QN/Block) 	Elapsed: 6.774	Loglikelihood: -4.23059e+07	(delta): 0.492337
13 (QN/Block) 	Elapsed: 6.691	Loglikelihood: -4.23059e+07	(delta): 0.0269807
14 (QN/Block) 	Elapsed: 6.688	Loglikelihood: -4.23059e+07	(delta): 0.011946
15 (QN/Block) 	Elapsed: 6.522	Loglikelihood: -4.23059e+07	(delta): 0.00203235
16 (QN/Block) 	Elapsed: 6.609	Loglikelihood: -4.23059e+07	(delta): 0.00153186
17 (QN/Block) 	Elapsed: 6.614	Loglikelihood: -4.23059e+07	(delta): 0.00300816
18 (QN/Block) 	Elapsed: 6.63	Loglikelihood: -4.23059e+07	(delta): 0.000835866
19 (QN/Block) 	Elapsed: 8.258	Loglikelihood: -4.23059e+07	(delta): 0.00176477
20 (QN/Block) 	Elapsed: 6.635	Loglikelihood: -4.23059e+07	(delta): 4.85852e-05
Summary: 
Converged in 20 iterations (167.755 sec)
Loglikelihood: -42305906.208591
Fst divergences between estimated populations: 
	Pop0	
Pop0	
Pop1	0.110	
CV error (K=2): 0.15339
Writing output files.
