****                   ADMIXTURE Version 1.3.1                  ****
****                    Copyright 2008-2025                     ****
****           David Alexander, Suyash Shringarpure,            ****
****                John Novembre, Ken Lange                    ****
****                                                            ****
****                 Please cite our paper!                     ****
****   Information at https://dalexander.github.io/admixture/   ****

Cross-validation will be performed.  Folds=5.
Parallel execution requested.  Will use 1 threads.
Random seed: 43
Point estimation method: Block relaxation algorithm
Convergence acceleration algorithm: QuasiNewton, 3 secant conditions
Point estimation will terminate when objective function delta < 0.0001
Estimation of standard errors disabled; will compute point estimates only.
Size of G: 2504x67555
Performing five EM steps to prime main algorithm
1 (EM) 	Elapsed: 3.85	Loglikelihood: -5.01067e+07	(delta): 2.2277e+08
2 (EM) 	Elapsed: 3.98	Loglikelihood: -4.71775e+07	(delta): 2.92917e+06
3 (EM) 	Elapsed: 4.127	Loglikelihood: -4.67995e+07	(delta): 377966
4 (EM) 	Elapsed: 4.003	Loglikelihood: -4.65847e+07	(delta): 214871
5 (EM) 	Elapsed: 4.091	Loglikelihood: -4.64454e+07	(delta): 139267
Initial loglikelihood: -4.64454e+07
Starting main algorithm
1 (QN/Block) 	Elapsed: 8.341	Loglikelihood: -4.32534e+07	(delta): 3.192e+06
2 (QN/Block) 	Elapsed: 8.448	Loglikelihood: -4.19253e+07	(delta): 1.32811e+06
3 (QN/Block) 	Elapsed: 9.588	Loglikelihood: -4.14219e+07	(delta): 503356
4 (QN/Block) 	Elapsed: 9.572	Loglikelihood: -4.1095e+07	(delta): 326958
5 (QN/Block) 	Elapsed: 11.163	Loglikelihood: -4.10012e+07	(delta): 93797.9
6 (QN/Block) 	Elapsed: 9.47	Loglikelihood: -4.09811e+07	(delta): 20053.7
7 (QN/Block) 	Elapsed: 10.087	Loglikelihood: -4.09747e+07	(delta): 6387.95
8 (QN/Block) 	Elapsed: 11.278	Loglikelihood: -4.09736e+07	(delta): 1156.54
9 (QN/Block) 	Elapsed: 9.664	Loglikelihood: -4.09735e+07	(delta): 61.8075
10 (QN/Block) 	Elapsed: 9.565	Loglikelihood: -4.09735e+07	(delta): 1.70488
11 (QN/Block) 	Elapsed: 9.584	Loglikelihood: -4.09735e+07	(delta): 0.20323
12 (QN/Block) 	Elapsed: 9.696	Loglikelihood: -4.09735e+07	(delta): 0.039145
13 (QN/Block) 	Elapsed: 9.601	Loglikelihood: -4.09735e+07	(delta): 0.017852
14 (QN/Block) 	Elapsed: 9.738	Loglikelihood: -4.09735e+07	(delta): 0.00243517
15 (QN/Block) 	Elapsed: 9.83	Loglikelihood: -4.09735e+07	(delta): 0.00131037
16 (QN/Block) 	Elapsed: 9.678	Loglikelihood: -4.09735e+07	(delta): 0.000612594
17 (QN/Block) 	Elapsed: 9.658	Loglikelihood: -4.09735e+07	(delta): 7.74711e-05
Summary: 
Converged in 17 iterations (199.963 sec)
Loglikelihood: -40973502.760531
Fst divergences between estimated populations: 
	Pop0	Pop1	
Pop0	
Pop1	0.071	
Pop2	0.111	0.138	
CV error (K=3): 0.14575
Writing output files.
