****                   ADMIXTURE Version 1.3.1                  ****
****                    Copyright 2008-2025                     ****
****           David Alexander, Suyash Shringarpure,            ****
****                John Novembre, Ken Lange                    ****
****                                                            ****
****                 Please cite our paper!                     ****
****   Information at https://dalexander.github.io/admixture/   ****

Cross-validation will be performed.  Folds=5.
Parallel execution requested.  Will use 1 threads.
Random seed: 43
Point estimation method: Block relaxation algorithm
Convergence acceleration algorithm: QuasiNewton, 3 secant conditions
Point estimation will terminate when objective function delta < 0.0001
Estimation of standard errors disabled; will compute point estimates only.
Size of G: 2504x67555
Performing five EM steps to prime main algorithm
1 (EM) 	Elapsed: 16.412	Loglikelihood: -5.14999e+07	(delta): 1.95983e+08
2 (EM) 	Elapsed: 16.615	Loglikelihood: -4.72582e+07	(delta): 4.24172e+06
3 (EM) 	Elapsed: 16.461	Loglikelihood: -4.68848e+07	(delta): 373443
4 (EM) 	Elapsed: 16.536	Loglikelihood: -4.6724e+07	(delta): 160797
5 (EM) 	Elapsed: 16.605	Loglikelihood: -4.66086e+07	(delta): 115332
Initial loglikelihood: -4.66086e+07
Starting main algorithm
1 (QN/Block) 	Elapsed: 34.387	Loglikelihood: -4.17358e+07	(delta): 4.87282e+06
2 (QN/Block) 	Elapsed: 34.399	Loglikelihood: -4.06562e+07	(delta): 1.07958e+06
3 (QN/Block) 	Elapsed: 36.695	Loglikelihood: -4.02676e+07	(delta): 388660
4 (QN/Block) 	Elapsed: 39.659	Loglikelihood: -4.00728e+07	(delta): 194781
5 (QN/Block) 	Elapsed: 37.784	Loglikelihood: -4.00078e+07	(delta): 64973
6 (QN/Block) 	Elapsed: 37.375	Loglikelihood: -3.99755e+07	(delta): 32327.2
7 (QN/Block) 	Elapsed: 37.869	Loglikelihood: -3.99625e+07	(delta): 13022.8
8 (QN/Block) 	Elapsed: 39.105	Loglikelihood: -3.9952e+07	(delta): 10504.3
9 (QN/Block) 	Elapsed: 37.984	Loglikelihood: -3.99374e+07	(delta): 14540.1
10 (QN/Block) 	Elapsed: 37.929	Loglikelihood: -3.99267e+07	(delta): 10691.7
11 (QN/Block) 	Elapsed: 38.886	Loglikelihood: -3.9919e+07	(delta): 7705.12
12 (QN/Block) 	Elapsed: 37.629	Loglikelihood: -3.99156e+07	(delta): 3427.97
13 (QN/Block) 	Elapsed: 36.496	Loglikelihood: -3.9913e+07	(delta): 2562.49
14 (QN/Block) 	Elapsed: 37.792	Loglikelihood: -3.99112e+07	(delta): 1829.56
15 (QN/Block) 	Elapsed: 36.535	Loglikelihood: -3.99097e+07	(delta): 1555.82
16 (QN/Block) 	Elapsed: 37.022	Loglikelihood: -3.99083e+07	(delta): 1310.96
17 (QN/Block) 	Elapsed: 39.014	Loglikelihood: -3.99029e+07	(delta): 5412.83
18 (QN/Block) 	Elapsed: 38.809	Loglikelihood: -3.98985e+07	(delta): 4453
19 (QN/Block) 	Elapsed: 36.773	Loglikelihood: -3.98947e+07	(delta): 3751.48
20 (QN/Block) 	Elapsed: 37.432	Loglikelihood: -3.9893e+07	(delta): 1721.15
21 (QN/Block) 	Elapsed: 35.198	Loglikelihood: -3.98921e+07	(delta): 917.612
22 (QN/Block) 	Elapsed: 35.098	Loglikelihood: -3.98915e+07	(delta): 616.131
23 (QN/Block) 	Elapsed: 36.283	Loglikelihood: -3.98911e+07	(delta): 372.277
24 (QN/Block) 	Elapsed: 35.04	Loglikelihood: -3.98909e+07	(delta): 245
25 (QN/Block) 	Elapsed: 34.535	Loglikelihood: -3.98905e+07	(delta): 358.16
26 (QN/Block) 	Elapsed: 35.478	Loglikelihood: -3.98901e+07	(delta): 361.896
27 (QN/Block) 	Elapsed: 36.827	Loglikelihood: -3.98899e+07	(delta): 279.622
28 (QN/Block) 	Elapsed: 37.972	Loglikelihood: -3.98895e+07	(delta): 313.408
29 (QN/Block) 	Elapsed: 36.592	Loglikelihood: -3.98893e+07	(delta): 259
30 (QN/Block) 	Elapsed: 35.364	Loglikelihood: -3.9889e+07	(delta): 313.86
31 (QN/Block) 	Elapsed: 36.931	Loglikelihood: -3.98887e+07	(delta): 247.629
32 (QN/Block) 	Elapsed: 35.75	Loglikelihood: -3.98885e+07	(delta): 229.313
33 (QN/Block) 	Elapsed: 35.662	Loglikelihood: -3.98883e+07	(delta): 185.293
34 (QN/Block) 	Elapsed: 35.49	Loglikelihood: -3.98881e+07	(delta): 216.518
35 (QN/Block) 	Elapsed: 35.383	Loglikelihood: -3.98879e+07	(delta): 209.473
36 (QN/Block) 	Elapsed: 34.432	Loglikelihood: -3.98877e+07	(delta): 199.524
37 (QN/Block) 	Elapsed: 35.76	Loglikelihood: -3.98874e+07	(delta): 295.925
38 (QN/Block) 	Elapsed: 36.548	Loglikelihood: -3.9887e+07	(delta): 361.581
39 (QN/Block) 	Elapsed: 35.827	Loglikelihood: -3.98867e+07	(delta): 288.778
40 (QN/Block) 	Elapsed: 37.026	Loglikelihood: -3.98862e+07	(delta): 504.951
41 (QN/Block) 	Elapsed: 36.684	Loglikelihood: -3.9886e+07	(delta): 218.298
42 (QN/Block) 	Elapsed: 34.555	Loglikelihood: -3.98859e+07	(delta): 144.032
43 (QN/Block) 	Elapsed: 34.709	Loglikelihood: -3.98858e+07	(delta): 85.2215
44 (QN/Block) 	Elapsed: 33.543	Loglikelihood: -3.98857e+07	(delta): 74.6457
45 (QN/Block) 	Elapsed: 33.679	Loglikelihood: -3.98857e+07	(delta): 37.2245
46 (QN/Block) 	Elapsed: 36.26	Loglikelihood: -3.98856e+07	(delta): 28.1096
47 (QN/Block) 	Elapsed: 34.656	Loglikelihood: -3.98856e+07	(delta): 20.0343
48 (QN/Block) 	Elapsed: 36.254	Loglikelihood: -3.98856e+07	(delta): 13.1201
49 (QN/Block) 	Elapsed: 36.344	Loglikelihood: -3.98856e+07	(delta): 4.99078
50 (QN/Block) 	Elapsed: 36.52	Loglikelihood: -3.98856e+07	(delta): 5.66029
51 (QN/Block) 	Elapsed: 35.281	Loglikelihood: -3.98856e+07	(delta): 1.19087
52 (QN/Block) 	Elapsed: 35.314	Loglikelihood: -3.98856e+07	(delta): 11.5168
53 (QN/Block) 	Elapsed: 36.125	Loglikelihood: -3.98856e+07	(delta): 3.95245
54 (QN/Block) 	Elapsed: 38.307	Loglikelihood: -3.98856e+07	(delta): 5.40856
55 (QN/Block) 	Elapsed: 36.575	Loglikelihood: -3.98856e+07	(delta): 4.82156
56 (QN/Block) 	Elapsed: 36.503	Loglikelihood: -3.98856e+07	(delta): 3.12366
57 (QN/Block) 	Elapsed: 36.549	Loglikelihood: -3.98856e+07	(delta): 2.241
58 (QN/Block) 	Elapsed: 36.237	Loglikelihood: -3.98856e+07	(delta): 1.60776
59 (QN/Block) 	Elapsed: 36.461	Loglikelihood: -3.98856e+07	(delta): 1.59163
60 (QN/Block) 	Elapsed: 36.266	Loglikelihood: -3.98856e+07	(delta): 1.40303
61 (QN/Block) 	Elapsed: 36.319	Loglikelihood: -3.98856e+07	(delta): 1.39444
62 (QN/Block) 	Elapsed: 36.277	Loglikelihood: -3.98856e+07	(delta): 1.44859
63 (QN/Block) 	Elapsed: 35.108	Loglikelihood: -3.98856e+07	(delta): 1.42283
64 (QN/Block) 	Elapsed: 36.511	Loglikelihood: -3.98856e+07	(delta): 1.82461
65 (QN/Block) 	Elapsed: 36.378	Loglikelihood: -3.98856e+07	(delta): 0.99454
66 (QN/Block) 	Elapsed: 36.168	Loglikelihood: -3.98856e+07	(delta): 0.850011
67 (QN/Block) 	Elapsed: 36.113	Loglikelihood: -3.98856e+07	(delta): 0.597365
68 (QN/Block) 	Elapsed: 33.156	Loglikelihood: -3.98856e+07	(delta): 0.422896
69 (QN/Block) 	Elapsed: 35.025	Loglikelihood: -3.98856e+07	(delta): 0.461569
70 (QN/Block) 	Elapsed: 34.281	Loglikelihood: -3.98856e+07	(delta): 0.0673691
71 (QN/Block) 	Elapsed: 34.101	Loglikelihood: -3.98856e+07	(delta): 0.0938621
72 (QN/Block) 	Elapsed: 35.468	Loglikelihood: -3.98856e+07	(delta): 0.0325113
73 (QN/Block) 	Elapsed: 36.617	Loglikelihood: -3.98856e+07	(delta): 0.0205429
74 (QN/Block) 	Elapsed: 35.992	Loglikelihood: -3.98856e+07	(delta): 0.0170099
75 (QN/Block) 	Elapsed: 34.4	Loglikelihood: -3.98856e+07	(delta): 0.0143334
76 (QN/Block) 	Elapsed: 36.217	Loglikelihood: -3.98856e+07	(delta): 0.0319121
77 (QN/Block) 	Elapsed: 36.205	Loglikelihood: -3.98856e+07	(delta): 0.00708231
78 (QN/Block) 	Elapsed: 36.105	Loglikelihood: -3.98856e+07	(delta): 0.00652778
79 (QN/Block) 	Elapsed: 36.484	Loglikelihood: -3.98856e+07	(delta): 0.00599844
80 (QN/Block) 	Elapsed: 36.408	Loglikelihood: -3.98856e+07	(delta): 0.00553764
81 (QN/Block) 	Elapsed: 36.753	Loglikelihood: -3.98856e+07	(delta): 0.00512033
82 (QN/Block) 	Elapsed: 36.116	Loglikelihood: -3.98856e+07	(delta): 0.00473359
83 (QN/Block) 	Elapsed: 35.615	Loglikelihood: -3.98856e+07	(delta): 0.00419274
84 (QN/Block) 	Elapsed: 36.084	Loglikelihood: -3.98856e+07	(delta): 0.001486
85 (QN/Block) 	Elapsed: 36.31	Loglikelihood: -3.98856e+07	(delta): 0.00190606
86 (QN/Block) 	Elapsed: 35.052	Loglikelihood: -3.98856e+07	(delta): 0.00216797
87 (QN/Block) 	Elapsed: 35.978	Loglikelihood: -3.98856e+07	(delta): 0.0027172
88 (QN/Block) 	Elapsed: 35.815	Loglikelihood: -3.98856e+07	(delta): 0.00195324
89 (QN/Block) 	Elapsed: 36.07	Loglikelihood: -3.98856e+07	(delta): 0.00381608
90 (QN/Block) 	Elapsed: 36.38	Loglikelihood: -3.98856e+07	(delta): 0.00467127
91 (QN/Block) 	Elapsed: 34.937	Loglikelihood: -3.98856e+07	(delta): 0.00410219
92 (QN/Block) 	Elapsed: 33.735	Loglikelihood: -3.98856e+07	(delta): 0.0026761
93 (QN/Block) 	Elapsed: 33.71	Loglikelihood: -3.98856e+07	(delta): 0.00139451
94 (QN/Block) 	Elapsed: 33.604	Loglikelihood: -3.98856e+07	(delta): 0.000718527
95 (QN/Block) 	Elapsed: 32.66	Loglikelihood: -3.98856e+07	(delta): 0.00111023
96 (QN/Block) 	Elapsed: 32.687	Loglikelihood: -3.98856e+07	(delta): 0.00104968
97 (QN/Block) 	Elapsed: 33.548	Loglikelihood: -3.98856e+07	(delta): 0.000712171
98 (QN/Block) 	Elapsed: 33.53	Loglikelihood: -3.98856e+07	(delta): 0.000658348
99 (QN/Block) 	Elapsed: 33.592	Loglikelihood: -3.98856e+07	(delta): 0.00102304
100 (QN/Block) 	Elapsed: 33.507	Loglikelihood: -3.98856e+07	(delta): 0.000701576
101 (QN/Block) 	Elapsed: 33.506	Loglikelihood: -3.98856e+07	(delta): 0.000311136
102 (QN/Block) 	Elapsed: 30.767	Loglikelihood: -3.98856e+07	(delta): 0.000444934
103 (QN/Block) 	Elapsed: 31.693	Loglikelihood: -3.98856e+07	(delta): 2.51532e-05
Summary: 
Converged in 103 iterations (3884.28 sec)
Loglikelihood: -39885551.874329
Fst divergences between estimated populations: 
	Pop0	Pop1	Pop2	Pop3	Pop4	Pop5	Pop6	Pop7	
Pop0	
Pop1	0.141	
Pop2	0.118	0.094	
Pop3	0.122	0.091	0.029	
Pop4	0.127	0.099	0.036	0.024	
Pop5	0.166	0.091	0.124	0.112	0.117	
Pop6	0.117	0.059	0.052	0.044	0.055	0.099	
Pop7	0.017	0.146	0.123	0.126	0.132	0.169	0.121	
Pop8	0.131	0.086	0.037	0.030	0.033	0.108	0.050	0.135	
CV error (K=9): 0.14127
Writing output files.
