****                   ADMIXTURE Version 1.3.1                  ****
****                    Copyright 2008-2025                     ****
****           David Alexander, Suyash Shringarpure,            ****
****                John Novembre, Ken Lange                    ****
****                                                            ****
****                 Please cite our paper!                     ****
****   Information at https://dalexander.github.io/admixture/   ****

Cross-validation will be performed.  Folds=5.
Parallel execution requested.  Will use 1 threads.
Random seed: 43
Point estimation method: Block relaxation algorithm
Convergence acceleration algorithm: QuasiNewton, 3 secant conditions
Point estimation will terminate when objective function delta < 0.0001
Estimation of standard errors disabled; will compute point estimates only.
Size of G: 2504x67555
Performing five EM steps to prime main algorithm
1 (EM) 	Elapsed: 9.452	Loglikelihood: -5.12797e+07	(delta): 2.02764e+08
2 (EM) 	Elapsed: 9.24	Loglikelihood: -4.73297e+07	(delta): 3.94993e+06
3 (EM) 	Elapsed: 9.362	Loglikelihood: -4.69355e+07	(delta): 394293
4 (EM) 	Elapsed: 9.161	Loglikelihood: -4.67435e+07	(delta): 191955
5 (EM) 	Elapsed: 9.503	Loglikelihood: -4.66057e+07	(delta): 137827
Initial loglikelihood: -4.66057e+07
Starting main algorithm
1 (QN/Block) 	Elapsed: 20.74	Loglikelihood: -4.21925e+07	(delta): 4.41322e+06
2 (QN/Block) 	Elapsed: 20.78	Loglikelihood: -4.11058e+07	(delta): 1.08662e+06
3 (QN/Block) 	Elapsed: 22.295	Loglikelihood: -4.07268e+07	(delta): 379064
4 (QN/Block) 	Elapsed: 23.057	Loglikelihood: -4.05263e+07	(delta): 200482
5 (QN/Block) 	Elapsed: 24.529	Loglikelihood: -4.04739e+07	(delta): 52390.7
6 (QN/Block) 	Elapsed: 21.966	Loglikelihood: -4.04612e+07	(delta): 12663.8
7 (QN/Block) 	Elapsed: 22.281	Loglikelihood: -4.04565e+07	(delta): 4692.08
8 (QN/Block) 	Elapsed: 22.876	Loglikelihood: -4.04553e+07	(delta): 1290.47
9 (QN/Block) 	Elapsed: 22.025	Loglikelihood: -4.04547e+07	(delta): 506.512
10 (QN/Block) 	Elapsed: 22.336	Loglikelihood: -4.04545e+07	(delta): 262.572
11 (QN/Block) 	Elapsed: 22.246	Loglikelihood: -4.04543e+07	(delta): 161.543
12 (QN/Block) 	Elapsed: 23.576	Loglikelihood: -4.04543e+07	(delta): 53.0358
13 (QN/Block) 	Elapsed: 24.896	Loglikelihood: -4.04543e+07	(delta): 5.5081
14 (QN/Block) 	Elapsed: 22.864	Loglikelihood: -4.04543e+07	(delta): 1.4427
15 (QN/Block) 	Elapsed: 22.901	Loglikelihood: -4.04543e+07	(delta): 1.0958
16 (QN/Block) 	Elapsed: 22.158	Loglikelihood: -4.04543e+07	(delta): 0.260595
17 (QN/Block) 	Elapsed: 23.867	Loglikelihood: -4.04543e+07	(delta): 0.0672633
18 (QN/Block) 	Elapsed: 23.85	Loglikelihood: -4.04543e+07	(delta): 0.00715627
19 (QN/Block) 	Elapsed: 21.893	Loglikelihood: -4.04543e+07	(delta): 0.0104383
20 (QN/Block) 	Elapsed: 22.325	Loglikelihood: -4.04543e+07	(delta): 0.00557031
21 (QN/Block) 	Elapsed: 24.752	Loglikelihood: -4.04543e+07	(delta): 0.00143971
22 (QN/Block) 	Elapsed: 24.432	Loglikelihood: -4.04543e+07	(delta): 0.00114365
23 (QN/Block) 	Elapsed: 24.686	Loglikelihood: -4.04543e+07	(delta): 3.80874e-05
Summary: 
Converged in 23 iterations (600.067 sec)
Loglikelihood: -40454261.719198
Fst divergences between estimated populations: 
	Pop0	Pop1	Pop2	Pop3	Pop4	
Pop0	
Pop1	0.138	
Pop2	0.157	0.087	
Pop3	0.020	0.145	0.162	
Pop4	0.016	0.145	0.163	0.015	
Pop5	0.109	0.074	0.089	0.116	0.117	
CV error (K=6): 0.14380
Writing output files.
