****                   ADMIXTURE Version 1.3.1                  ****
****                    Copyright 2008-2025                     ****
****           David Alexander, Suyash Shringarpure,            ****
****                John Novembre, Ken Lange                    ****
****                                                            ****
****                 Please cite our paper!                     ****
****   Information at https://dalexander.github.io/admixture/   ****

Cross-validation will be performed.  Folds=5.
Parallel execution requested.  Will use 1 threads.
Random seed: 43
Point estimation method: Block relaxation algorithm
Convergence acceleration algorithm: QuasiNewton, 3 secant conditions
Point estimation will terminate when objective function delta < 0.0001
Estimation of standard errors disabled; will compute point estimates only.
Size of G: 2504x67555
Performing five EM steps to prime main algorithm
1 (EM) 	Elapsed: 13.677	Loglikelihood: -5.14507e+07	(delta): 1.97636e+08
2 (EM) 	Elapsed: 13.774	Loglikelihood: -4.72852e+07	(delta): 4.16551e+06
3 (EM) 	Elapsed: 13.904	Loglikelihood: -4.69039e+07	(delta): 381275
4 (EM) 	Elapsed: 13.923	Loglikelihood: -4.67344e+07	(delta): 169531
5 (EM) 	Elapsed: 13.86	Loglikelihood: -4.66126e+07	(delta): 121845
Initial loglikelihood: -4.66126e+07
Starting main algorithm
1 (QN/Block) 	Elapsed: 29.114	Loglikelihood: -4.18413e+07	(delta): 4.7713e+06
2 (QN/Block) 	Elapsed: 29.381	Loglikelihood: -4.06435e+07	(delta): 1.19774e+06
3 (QN/Block) 	Elapsed: 31.403	Loglikelihood: -4.02295e+07	(delta): 413995
4 (QN/Block) 	Elapsed: 31.301	Loglikelihood: -4.0046e+07	(delta): 183523
5 (QN/Block) 	Elapsed: 33.625	Loglikelihood: -3.99955e+07	(delta): 50451.9
6 (QN/Block) 	Elapsed: 31.52	Loglikelihood: -3.99772e+07	(delta): 18353.1
7 (QN/Block) 	Elapsed: 32.085	Loglikelihood: -3.99607e+07	(delta): 16521.9
8 (QN/Block) 	Elapsed: 33.849	Loglikelihood: -3.99388e+07	(delta): 21887.7
9 (QN/Block) 	Elapsed: 34.899	Loglikelihood: -3.99275e+07	(delta): 11258
10 (QN/Block) 	Elapsed: 32.576	Loglikelihood: -3.99224e+07	(delta): 5077.17
11 (QN/Block) 	Elapsed: 33.643	Loglikelihood: -3.99202e+07	(delta): 2219.29
12 (QN/Block) 	Elapsed: 32.049	Loglikelihood: -3.99196e+07	(delta): 595.513
13 (QN/Block) 	Elapsed: 32.515	Loglikelihood: -3.99193e+07	(delta): 307.479
14 (QN/Block) 	Elapsed: 33.267	Loglikelihood: -3.99192e+07	(delta): 152.733
15 (QN/Block) 	Elapsed: 31.492	Loglikelihood: -3.99191e+07	(delta): 112.086
16 (QN/Block) 	Elapsed: 31.455	Loglikelihood: -3.9919e+07	(delta): 69.1975
17 (QN/Block) 	Elapsed: 31.635	Loglikelihood: -3.9919e+07	(delta): 31.1444
18 (QN/Block) 	Elapsed: 31.559	Loglikelihood: -3.99189e+07	(delta): 15.4645
19 (QN/Block) 	Elapsed: 34.936	Loglikelihood: -3.99189e+07	(delta): 5.14347
20 (QN/Block) 	Elapsed: 34.657	Loglikelihood: -3.99189e+07	(delta): 2.50058
21 (QN/Block) 	Elapsed: 34.403	Loglikelihood: -3.99189e+07	(delta): 2.1422
22 (QN/Block) 	Elapsed: 31.538	Loglikelihood: -3.99189e+07	(delta): 1.88759
23 (QN/Block) 	Elapsed: 31.398	Loglikelihood: -3.99189e+07	(delta): 1.397
24 (QN/Block) 	Elapsed: 32.427	Loglikelihood: -3.99189e+07	(delta): 0.359296
25 (QN/Block) 	Elapsed: 34.563	Loglikelihood: -3.99189e+07	(delta): 0.0669421
26 (QN/Block) 	Elapsed: 34.826	Loglikelihood: -3.99189e+07	(delta): 0.0291233
27 (QN/Block) 	Elapsed: 31.44	Loglikelihood: -3.99189e+07	(delta): 0.0965347
28 (QN/Block) 	Elapsed: 31.639	Loglikelihood: -3.99189e+07	(delta): 0.00869761
29 (QN/Block) 	Elapsed: 32.831	Loglikelihood: -3.99189e+07	(delta): 0.00327568
30 (QN/Block) 	Elapsed: 31.344	Loglikelihood: -3.99189e+07	(delta): 0.00149375
31 (QN/Block) 	Elapsed: 32.648	Loglikelihood: -3.99189e+07	(delta): 0.000125594
32 (QN/Block) 	Elapsed: 31.261	Loglikelihood: -3.99189e+07	(delta): 0.000427291
33 (QN/Block) 	Elapsed: 33.289	Loglikelihood: -3.99189e+07	(delta): 0.00111384
34 (QN/Block) 	Elapsed: 33.077	Loglikelihood: -3.99189e+07	(delta): 0.00148632
35 (QN/Block) 	Elapsed: 32.848	Loglikelihood: -3.99189e+07	(delta): 0.00864992
36 (QN/Block) 	Elapsed: 32.698	Loglikelihood: -3.99189e+07	(delta): 0.0330208
37 (QN/Block) 	Elapsed: 32.913	Loglikelihood: -3.99189e+07	(delta): 0.0153876
38 (QN/Block) 	Elapsed: 32.632	Loglikelihood: -3.99189e+07	(delta): 0.000505947
39 (QN/Block) 	Elapsed: 29.641	Loglikelihood: -3.99189e+07	(delta): 0.000214562
40 (QN/Block) 	Elapsed: 29.757	Loglikelihood: -3.99189e+07	(delta): 0.000151753
41 (QN/Block) 	Elapsed: 29.978	Loglikelihood: -3.99189e+07	(delta): 0.000511266
42 (QN/Block) 	Elapsed: 30.011	Loglikelihood: -3.99189e+07	(delta): 0.00116967
43 (QN/Block) 	Elapsed: 29.667	Loglikelihood: -3.99189e+07	(delta): 0.000775583
44 (QN/Block) 	Elapsed: 29.834	Loglikelihood: -3.99189e+07	(delta): 0.000223838
45 (QN/Block) 	Elapsed: 29.976	Loglikelihood: -3.99189e+07	(delta): 8.09878e-05
Summary: 
Converged in 45 iterations (1566.17 sec)
Loglikelihood: -39918927.785761
Fst divergences between estimated populations: 
	Pop0	Pop1	Pop2	Pop3	Pop4	Pop5	Pop6	
Pop0	
Pop1	0.131	
Pop2	0.089	0.149	
Pop3	0.088	0.148	0.021	
Pop4	0.019	0.121	0.091	0.090	
Pop5	0.127	0.017	0.144	0.143	0.116	
Pop6	0.103	0.167	0.090	0.097	0.108	0.164	
Pop7	0.043	0.120	0.065	0.062	0.038	0.116	0.096	
CV error (K=8): 0.14110
Writing output files.
