Marginal likelihood with initialization (1) = -0.3811181360
Marginal likelihood with initialization (2) = -0.3800023290
Marginal likelihood with initialization (3) = -0.3784471203
Marginal likelihood with initialization (4) = -0.3796058407
Marginal likelihood with initialization (5) = -0.3797214299
Iteration Marginal_Likelihood delta_Marginal_Likelihood Iteration_Time (secs)
0 -0.3784471203 -- 327.376
10 -0.3779657254 0.0004813949 69.953
20 -0.3778903429 0.0000753826 72.671
30 -0.3778611734 0.0000291694 67.078
40 -0.3778543030 0.0000068704 66.888
50 -0.3778500991 0.0000042039 67.378
60 -0.3778459419 0.0000041573 64.428
70 -0.3778438558 0.0000020860 65.720
80 -0.3778421948 0.0000016611 63.779
90 -0.3778404310 0.0000017638 64.139
100 -0.3778392705 0.0000011605 65.213
110 -0.3778378365 0.0000014340 63.762
120 -0.3778368017 0.0000010348 63.887
130 -0.3778358539 0.0000009479 66.137
Marginal Likelihood = -0.3778358539
Total time = 1188.4359 seconds
Total iterations = 130 
