Marginal likelihood with initialization (1) = -0.3807657628
Marginal likelihood with initialization (2) = -0.3780818232
Marginal likelihood with initialization (3) = -0.3789211333
Marginal likelihood with initialization (4) = -0.3781851534
Marginal likelihood with initialization (5) = -0.3781680419
Iteration Marginal_Likelihood delta_Marginal_Likelihood Iteration_Time (secs)
0 -0.3780818232 -- 226.564
10 -0.3776896593 0.0003921639 61.969
20 -0.3775380596 0.0001515997 63.839
30 -0.3775179228 0.0000201368 61.816
40 -0.3775112877 0.0000066351 61.870
50 -0.3775069353 0.0000043524 63.836
60 -0.3775037471 0.0000031882 62.364
70 -0.3775017777 0.0000019694 61.685
80 -0.3774999405 0.0000018372 63.811
90 -0.3774986110 0.0000013295 59.761
100 -0.3774972782 0.0000013328 59.267
110 -0.3774962918 0.0000009864 60.650
Marginal Likelihood = -0.3774962918
Total time = 907.4507 seconds
Total iterations = 110 
