Marginal likelihood with initialization (1) = -0.3785025563
Marginal likelihood with initialization (2) = -0.3780371609
Marginal likelihood with initialization (3) = -0.3784081390
Marginal likelihood with initialization (4) = -0.3784383291
Marginal likelihood with initialization (5) = -0.3803870426
Iteration Marginal_Likelihood delta_Marginal_Likelihood Iteration_Time (secs)
0 -0.3780371609 -- 151.869
10 -0.3776325156 0.0004046453 46.923
20 -0.3773680889 0.0002644266 48.062
30 -0.3772284728 0.0001396161 49.956
40 -0.3771542670 0.0000742058 49.548
50 -0.3771047273 0.0000495397 49.077
60 -0.3770749405 0.0000297869 48.575
70 -0.3770518362 0.0000231043 51.751
80 -0.3770368014 0.0000150348 49.263
90 -0.3770248960 0.0000119054 48.237
100 -0.3770162769 0.0000086191 47.786
110 -0.3770088678 0.0000074091 49.325
120 -0.3770018578 0.0000070100 48.295
130 -0.3769963767 0.0000054811 47.385
140 -0.3769920000 0.0000043766 48.869
150 -0.3769889546 0.0000030455 48.071
160 -0.3769864414 0.0000025131 47.778
170 -0.3769842326 0.0000022088 47.251
180 -0.3769824614 0.0000017713 49.561
190 -0.3769808861 0.0000015753 47.632
200 -0.3769796114 0.0000012747 47.795
210 -0.3769784757 0.0000011357 47.307
220 -0.3769776877 0.0000007879 49.197
Marginal Likelihood = -0.3769776877
Total time = 1219.5281 seconds
Total iterations = 220 
