Marginal likelihood with initialization (1) = -0.3781497764
Marginal likelihood with initialization (2) = -0.3780065634
Marginal likelihood with initialization (3) = -0.3801440869
Marginal likelihood with initialization (4) = -0.3796017698
Marginal likelihood with initialization (5) = -0.3798507951
Iteration Marginal_Likelihood delta_Marginal_Likelihood Iteration_Time (secs)
0 -0.3780065634 -- 205.297
10 -0.3775162272 0.0004903361 55.889
20 -0.3774367926 0.0000794346 59.075
30 -0.3774201194 0.0000166732 56.294
40 -0.3774128459 0.0000072734 55.414
50 -0.3774089674 0.0000038785 56.224
60 -0.3774062211 0.0000027463 55.857
70 -0.3774036818 0.0000025393 54.952
80 -0.3774015966 0.0000020853 55.049
90 -0.3774002227 0.0000013739 57.202
100 -0.3773987099 0.0000015128 55.177
110 -0.3773975976 0.0000011123 54.663
120 -0.3773963955 0.0000012021 56.869
130 -0.3773956074 0.0000007881 55.305
Marginal Likelihood = -0.3773956074
Total time = 933.2854 seconds
Total iterations = 130 
