Marginal likelihood with initialization (1) = -0.3791922251
Marginal likelihood with initialization (2) = -0.3791728779
Marginal likelihood with initialization (3) = -0.3794043433
Marginal likelihood with initialization (4) = -0.3793739270
Marginal likelihood with initialization (5) = -0.3793460699
Iteration Marginal_Likelihood delta_Marginal_Likelihood Iteration_Time (secs)
0 -0.3791728779 -- 87.415
10 -0.3784671990 0.0007056790 33.477
20 -0.3783357691 0.0001314299 33.204
30 -0.3782966226 0.0000391465 32.815
40 -0.3782744501 0.0000221725 34.430
50 -0.3782640009 0.0000104491 32.991
60 -0.3782577128 0.0000062881 32.908
70 -0.3782527692 0.0000049437 33.421
80 -0.3782491144 0.0000036547 34.640
90 -0.3782463886 0.0000027259 35.510
100 -0.3782441018 0.0000022868 34.009
110 -0.3782423654 0.0000017364 34.980
120 -0.3782409568 0.0000014085 34.046
130 -0.3782398917 0.0000010651 34.140
140 -0.3782390052 0.0000008865 35.995
Marginal Likelihood = -0.3782390052
Total time = 563.9905 seconds
Total iterations = 140 
