Marginal likelihood with initialization (1) = -0.3781767981
Marginal likelihood with initialization (2) = -0.3781016584
Marginal likelihood with initialization (3) = -0.3793739070
Marginal likelihood with initialization (4) = -0.3793411762
Marginal likelihood with initialization (5) = -0.3791165829
Iteration Marginal_Likelihood delta_Marginal_Likelihood Iteration_Time (secs)
0 -0.3781016584 -- 125.205
10 -0.3773227173 0.0007789411 40.467
20 -0.3772406986 0.0000820187 42.403
30 -0.3772089371 0.0000317615 40.528
40 -0.3771925452 0.0000163919 40.454
50 -0.3771837851 0.0000087601 41.184
60 -0.3771775383 0.0000062468 42.803
70 -0.3771734206 0.0000041177 43.078
80 -0.3771696348 0.0000037858 42.540
90 -0.3771668450 0.0000027898 41.236
100 -0.3771644729 0.0000023721 41.888
110 -0.3771622550 0.0000022179 43.689
120 -0.3771605907 0.0000016643 41.306
130 -0.3771590973 0.0000014934 41.150
140 -0.3771578020 0.0000012953 40.660
150 -0.3771566717 0.0000011303 42.373
160 -0.3771555472 0.0000011244 40.823
170 -0.3771547286 0.0000008186 40.804
Marginal Likelihood = -0.3771547286
Total time = 832.6045 seconds
Total iterations = 170 
