****                   ADMIXTURE Version 1.3.1                  ****
****                    Copyright 2008-2025                     ****
****           David Alexander, Suyash Shringarpure,            ****
****                John Novembre, Ken Lange                    ****
****                                                            ****
****                 Please cite our paper!                     ****
****   Information at https://dalexander.github.io/admixture/   ****

Cross-validation will be performed.  Folds=5.
Parallel execution requested.  Will use 1 threads.
Random seed: 43
Point estimation method: Block relaxation algorithm
Convergence acceleration algorithm: QuasiNewton, 3 secant conditions
Point estimation will terminate when objective function delta < 0.0001
Estimation of standard errors disabled; will compute point estimates only.
Size of G: 2504x6021
Performing five EM steps to prime main algorithm
1 (EM) 	Elapsed: 1.12	Loglikelihood: -1.64135e+07	(delta): 5.74985e+06
2 (EM) 	Elapsed: 1.096	Loglikelihood: -1.60698e+07	(delta): 343676
3 (EM) 	Elapsed: 1.159	Loglikelihood: -1.59962e+07	(delta): 73597
4 (EM) 	Elapsed: 1.124	Loglikelihood: -1.59523e+07	(delta): 43862.5
5 (EM) 	Elapsed: 1.169	Loglikelihood: -1.5919e+07	(delta): 33333.2
Initial loglikelihood: -1.5919e+07
Starting main algorithm
1 (QN/Block) 	Elapsed: 2.362	Loglikelihood: -1.47835e+07	(delta): 1.1355e+06
2 (QN/Block) 	Elapsed: 2.437	Loglikelihood: -1.46188e+07	(delta): 164665
3 (QN/Block) 	Elapsed: 2.72	Loglikelihood: -1.45388e+07	(delta): 79984.2
4 (QN/Block) 	Elapsed: 2.95	Loglikelihood: -1.45074e+07	(delta): 31449
5 (QN/Block) 	Elapsed: 2.675	Loglikelihood: -1.45006e+07	(delta): 6833.4
6 (QN/Block) 	Elapsed: 2.622	Loglikelihood: -1.44971e+07	(delta): 3453.41
7 (QN/Block) 	Elapsed: 2.867	Loglikelihood: -1.44949e+07	(delta): 2234.66
8 (QN/Block) 	Elapsed: 2.616	Loglikelihood: -1.4493e+07	(delta): 1822.26
9 (QN/Block) 	Elapsed: 2.824	Loglikelihood: -1.44899e+07	(delta): 3135.16
10 (QN/Block) 	Elapsed: 2.839	Loglikelihood: -1.44876e+07	(delta): 2264.58
11 (QN/Block) 	Elapsed: 2.922	Loglikelihood: -1.4486e+07	(delta): 1606.37
12 (QN/Block) 	Elapsed: 2.602	Loglikelihood: -1.44843e+07	(delta): 1783.93
13 (QN/Block) 	Elapsed: 2.789	Loglikelihood: -1.44837e+07	(delta): 599.045
14 (QN/Block) 	Elapsed: 2.67	Loglikelihood: -1.44833e+07	(delta): 346.72
15 (QN/Block) 	Elapsed: 2.857	Loglikelihood: -1.44829e+07	(delta): 369.88
16 (QN/Block) 	Elapsed: 2.699	Loglikelihood: -1.44828e+07	(delta): 87.7138
17 (QN/Block) 	Elapsed: 2.657	Loglikelihood: -1.44828e+07	(delta): 72.7822
18 (QN/Block) 	Elapsed: 2.654	Loglikelihood: -1.44828e+07	(delta): 22.7339
19 (QN/Block) 	Elapsed: 2.738	Loglikelihood: -1.44827e+07	(delta): 19.0976
20 (QN/Block) 	Elapsed: 2.688	Loglikelihood: -1.44827e+07	(delta): 11.3894
21 (QN/Block) 	Elapsed: 2.695	Loglikelihood: -1.44827e+07	(delta): 10.3673
22 (QN/Block) 	Elapsed: 2.61	Loglikelihood: -1.44827e+07	(delta): 7.81273
23 (QN/Block) 	Elapsed: 2.584	Loglikelihood: -1.44827e+07	(delta): 4.71054
24 (QN/Block) 	Elapsed: 2.716	Loglikelihood: -1.44827e+07	(delta): 6.14846
25 (QN/Block) 	Elapsed: 2.983	Loglikelihood: -1.44827e+07	(delta): 3.72759
26 (QN/Block) 	Elapsed: 3.592	Loglikelihood: -1.44827e+07	(delta): 5.51985
27 (QN/Block) 	Elapsed: 3.136	Loglikelihood: -1.44827e+07	(delta): 2.1444
28 (QN/Block) 	Elapsed: 3.115	Loglikelihood: -1.44827e+07	(delta): 8.48262
29 (QN/Block) 	Elapsed: 2.764	Loglikelihood: -1.44827e+07	(delta): 2.35676
30 (QN/Block) 	Elapsed: 2.941	Loglikelihood: -1.44827e+07	(delta): 3.18478
31 (QN/Block) 	Elapsed: 2.789	Loglikelihood: -1.44827e+07	(delta): 0.661499
32 (QN/Block) 	Elapsed: 2.775	Loglikelihood: -1.44827e+07	(delta): 4.74123
33 (QN/Block) 	Elapsed: 2.856	Loglikelihood: -1.44827e+07	(delta): 1.18206
34 (QN/Block) 	Elapsed: 2.736	Loglikelihood: -1.44827e+07	(delta): 1.37551
35 (QN/Block) 	Elapsed: 2.822	Loglikelihood: -1.44827e+07	(delta): 0.280976
36 (QN/Block) 	Elapsed: 2.81	Loglikelihood: -1.44827e+07	(delta): 0.418463
37 (QN/Block) 	Elapsed: 2.873	Loglikelihood: -1.44827e+07	(delta): 0.160462
38 (QN/Block) 	Elapsed: 2.83	Loglikelihood: -1.44827e+07	(delta): 0.291778
39 (QN/Block) 	Elapsed: 2.929	Loglikelihood: -1.44827e+07	(delta): 0.0851129
40 (QN/Block) 	Elapsed: 2.755	Loglikelihood: -1.44827e+07	(delta): 0.113305
41 (QN/Block) 	Elapsed: 2.706	Loglikelihood: -1.44827e+07	(delta): 0.0858903
42 (QN/Block) 	Elapsed: 2.781	Loglikelihood: -1.44827e+07	(delta): 0.183591
43 (QN/Block) 	Elapsed: 2.809	Loglikelihood: -1.44827e+07	(delta): 0.0215241
44 (QN/Block) 	Elapsed: 2.693	Loglikelihood: -1.44827e+07	(delta): 0.0243563
45 (QN/Block) 	Elapsed: 2.611	Loglikelihood: -1.44827e+07	(delta): 0.0142231
46 (QN/Block) 	Elapsed: 2.651	Loglikelihood: -1.44827e+07	(delta): 0.0319233
47 (QN/Block) 	Elapsed: 2.666	Loglikelihood: -1.44827e+07	(delta): 0.00451149
48 (QN/Block) 	Elapsed: 2.677	Loglikelihood: -1.44827e+07	(delta): 0.00821986
49 (QN/Block) 	Elapsed: 2.622	Loglikelihood: -1.44827e+07	(delta): 0.00283594
50 (QN/Block) 	Elapsed: 2.621	Loglikelihood: -1.44827e+07	(delta): 0.00496179
51 (QN/Block) 	Elapsed: 2.654	Loglikelihood: -1.44827e+07	(delta): 0.000919741
52 (QN/Block) 	Elapsed: 2.627	Loglikelihood: -1.44827e+07	(delta): 0.00102794
53 (QN/Block) 	Elapsed: 2.644	Loglikelihood: -1.44827e+07	(delta): 0.001257
54 (QN/Block) 	Elapsed: 2.573	Loglikelihood: -1.44827e+07	(delta): 0.00130598
55 (QN/Block) 	Elapsed: 2.57	Loglikelihood: -1.44827e+07	(delta): 8.99546e-05
Summary: 
Converged in 55 iterations (163.809 sec)
Loglikelihood: -14482658.589864
Fst divergences between estimated populations: 
	Pop0	Pop1	Pop2	Pop3	Pop4	Pop5	Pop6	
Pop0	
Pop1	0.143	
Pop2	0.133	0.208	
Pop3	0.112	0.179	0.123	
Pop4	0.022	0.154	0.133	0.122	
Pop5	0.149	0.033	0.209	0.183	0.157	
Pop6	0.130	0.196	0.128	0.094	0.135	0.197	
Pop7	0.080	0.151	0.135	0.097	0.082	0.153	0.116	
CV error (K=8): 0.50040
Writing output files.
