****                   ADMIXTURE Version 1.3.1                  ****
****                    Copyright 2008-2025                     ****
****           David Alexander, Suyash Shringarpure,            ****
****                John Novembre, Ken Lange                    ****
****                                                            ****
****                 Please cite our paper!                     ****
****   Information at https://dalexander.github.io/admixture/   ****

Cross-validation will be performed.  Folds=5.
Parallel execution requested.  Will use 1 threads.
Random seed: 43
Point estimation method: Block relaxation algorithm
Convergence acceleration algorithm: QuasiNewton, 3 secant conditions
Point estimation will terminate when objective function delta < 0.0001
Estimation of standard errors disabled; will compute point estimates only.
Size of G: 2504x6021
Performing five EM steps to prime main algorithm
1 (EM) 	Elapsed: 0.253	Loglikelihood: -1.64108e+07	(delta): 9.59202e+06
2 (EM) 	Elapsed: 0.228	Loglikelihood: -1.60105e+07	(delta): 400350
3 (EM) 	Elapsed: 0.201	Loglikelihood: -1.58857e+07	(delta): 124829
4 (EM) 	Elapsed: 0.202	Loglikelihood: -1.58237e+07	(delta): 61989.7
5 (EM) 	Elapsed: 0.196	Loglikelihood: -1.57909e+07	(delta): 32753
Initial loglikelihood: -1.57909e+07
Starting main algorithm
1 (QN/Block) 	Elapsed: 0.464	Loglikelihood: -1.54154e+07	(delta): 375564
2 (QN/Block) 	Elapsed: 0.445	Loglikelihood: -1.53121e+07	(delta): 103274
3 (QN/Block) 	Elapsed: 0.557	Loglikelihood: -1.52197e+07	(delta): 92420.4
4 (QN/Block) 	Elapsed: 0.773	Loglikelihood: -1.50558e+07	(delta): 163896
5 (QN/Block) 	Elapsed: 0.623	Loglikelihood: -1.50216e+07	(delta): 34137.2
6 (QN/Block) 	Elapsed: 0.645	Loglikelihood: -1.50101e+07	(delta): 11556.2
7 (QN/Block) 	Elapsed: 0.609	Loglikelihood: -1.50042e+07	(delta): 5828.47
8 (QN/Block) 	Elapsed: 0.566	Loglikelihood: -1.50035e+07	(delta): 730.941
9 (QN/Block) 	Elapsed: 0.564	Loglikelihood: -1.50034e+07	(delta): 92.195
10 (QN/Block) 	Elapsed: 0.548	Loglikelihood: -1.50034e+07	(delta): 8.88548
11 (QN/Block) 	Elapsed: 0.574	Loglikelihood: -1.50034e+07	(delta): 0.980671
12 (QN/Block) 	Elapsed: 0.543	Loglikelihood: -1.50034e+07	(delta): 0.0780542
13 (QN/Block) 	Elapsed: 0.558	Loglikelihood: -1.50034e+07	(delta): 0.0038707
14 (QN/Block) 	Elapsed: 0.561	Loglikelihood: -1.50034e+07	(delta): 0.000184065
15 (QN/Block) 	Elapsed: 0.59	Loglikelihood: -1.50034e+07	(delta): 1.19489e-05
Summary: 
Converged in 15 iterations (11.353 sec)
Loglikelihood: -15003410.453001
Fst divergences between estimated populations: 
	Pop0	
Pop0	
Pop1	0.133	
CV error (K=2): 0.53183
Writing output files.
