****                   ADMIXTURE Version 1.3.1                  ****
****                    Copyright 2008-2025                     ****
****           David Alexander, Suyash Shringarpure,            ****
****                John Novembre, Ken Lange                    ****
****                                                            ****
****                 Please cite our paper!                     ****
****   Information at https://dalexander.github.io/admixture/   ****

Cross-validation will be performed.  Folds=5.
Parallel execution requested.  Will use 1 threads.
Random seed: 43
Point estimation method: Block relaxation algorithm
Convergence acceleration algorithm: QuasiNewton, 3 secant conditions
Point estimation will terminate when objective function delta < 0.0001
Estimation of standard errors disabled; will compute point estimates only.
Size of G: 2504x6021
Performing five EM steps to prime main algorithm
1 (EM) 	Elapsed: 0.604	Loglikelihood: -1.65095e+07	(delta): 6.34379e+06
2 (EM) 	Elapsed: 0.601	Loglikelihood: -1.61274e+07	(delta): 382100
3 (EM) 	Elapsed: 0.594	Loglikelihood: -1.60224e+07	(delta): 104939
4 (EM) 	Elapsed: 0.571	Loglikelihood: -1.59594e+07	(delta): 62995.6
5 (EM) 	Elapsed: 0.63	Loglikelihood: -1.59145e+07	(delta): 44945.8
Initial loglikelihood: -1.59145e+07
Starting main algorithm
1 (QN/Block) 	Elapsed: 1.388	Loglikelihood: -1.48327e+07	(delta): 1.0818e+06
2 (QN/Block) 	Elapsed: 1.398	Loglikelihood: -1.46767e+07	(delta): 155970
3 (QN/Block) 	Elapsed: 1.505	Loglikelihood: -1.46079e+07	(delta): 68838
4 (QN/Block) 	Elapsed: 1.612	Loglikelihood: -1.45748e+07	(delta): 33045
5 (QN/Block) 	Elapsed: 1.538	Loglikelihood: -1.45685e+07	(delta): 6365.75
6 (QN/Block) 	Elapsed: 1.57	Loglikelihood: -1.45632e+07	(delta): 5269.58
7 (QN/Block) 	Elapsed: 1.542	Loglikelihood: -1.45546e+07	(delta): 8583.9
8 (QN/Block) 	Elapsed: 1.652	Loglikelihood: -1.45487e+07	(delta): 5961.61
9 (QN/Block) 	Elapsed: 1.637	Loglikelihood: -1.4538e+07	(delta): 10636.6
10 (QN/Block) 	Elapsed: 1.549	Loglikelihood: -1.45343e+07	(delta): 3740.72
11 (QN/Block) 	Elapsed: 1.6	Loglikelihood: -1.45311e+07	(delta): 3150.67
12 (QN/Block) 	Elapsed: 1.752	Loglikelihood: -1.4529e+07	(delta): 2172.81
13 (QN/Block) 	Elapsed: 1.75	Loglikelihood: -1.45277e+07	(delta): 1249.54
14 (QN/Block) 	Elapsed: 1.875	Loglikelihood: -1.45271e+07	(delta): 627.026
15 (QN/Block) 	Elapsed: 1.602	Loglikelihood: -1.45266e+07	(delta): 523.589
16 (QN/Block) 	Elapsed: 1.627	Loglikelihood: -1.45263e+07	(delta): 264.766
17 (QN/Block) 	Elapsed: 1.766	Loglikelihood: -1.45261e+07	(delta): 220.528
18 (QN/Block) 	Elapsed: 1.703	Loglikelihood: -1.45261e+07	(delta): 11.4319
19 (QN/Block) 	Elapsed: 1.543	Loglikelihood: -1.45261e+07	(delta): 2.40276
20 (QN/Block) 	Elapsed: 1.586	Loglikelihood: -1.45261e+07	(delta): 0.645969
21 (QN/Block) 	Elapsed: 1.541	Loglikelihood: -1.45261e+07	(delta): 0.099345
22 (QN/Block) 	Elapsed: 1.629	Loglikelihood: -1.45261e+07	(delta): 0.0168793
23 (QN/Block) 	Elapsed: 1.604	Loglikelihood: -1.45261e+07	(delta): 0.00302476
24 (QN/Block) 	Elapsed: 1.568	Loglikelihood: -1.45261e+07	(delta): 0.000475498
25 (QN/Block) 	Elapsed: 1.592	Loglikelihood: -1.45261e+07	(delta): 3.6845e-05
Summary: 
Converged in 25 iterations (45.913 sec)
Loglikelihood: -14526061.845284
Fst divergences between estimated populations: 
	Pop0	Pop1	Pop2	Pop3	
Pop0	
Pop1	0.134	
Pop2	0.117	0.197	
Pop3	0.051	0.139	0.124	
Pop4	0.074	0.164	0.102	0.100	
CV error (K=5): 0.50178
Writing output files.
