****                   ADMIXTURE Version 1.3.1                  ****
****                    Copyright 2008-2025                     ****
****           David Alexander, Suyash Shringarpure,            ****
****                John Novembre, Ken Lange                    ****
****                                                            ****
****                 Please cite our paper!                     ****
****   Information at https://dalexander.github.io/admixture/   ****

Cross-validation will be performed.  Folds=5.
Parallel execution requested.  Will use 1 threads.
Random seed: 43
Point estimation method: Block relaxation algorithm
Convergence acceleration algorithm: QuasiNewton, 3 secant conditions
Point estimation will terminate when objective function delta < 0.0001
Estimation of standard errors disabled; will compute point estimates only.
Size of G: 2504x6021
Performing five EM steps to prime main algorithm
1 (EM) 	Elapsed: 0.369	Loglikelihood: -1.65313e+07	(delta): 7.72704e+06
2 (EM) 	Elapsed: 0.321	Loglikelihood: -1.6122e+07	(delta): 409323
3 (EM) 	Elapsed: 0.3	Loglikelihood: -1.599e+07	(delta): 132022
4 (EM) 	Elapsed: 0.311	Loglikelihood: -1.59128e+07	(delta): 77132.3
5 (EM) 	Elapsed: 0.299	Loglikelihood: -1.58624e+07	(delta): 50447.1
Initial loglikelihood: -1.58624e+07
Starting main algorithm
1 (QN/Block) 	Elapsed: 0.652	Loglikelihood: -1.50796e+07	(delta): 782784
2 (QN/Block) 	Elapsed: 0.659	Loglikelihood: -1.48713e+07	(delta): 208329
3 (QN/Block) 	Elapsed: 0.804	Loglikelihood: -1.47638e+07	(delta): 107445
4 (QN/Block) 	Elapsed: 1.066	Loglikelihood: -1.46943e+07	(delta): 69523.5
5 (QN/Block) 	Elapsed: 0.882	Loglikelihood: -1.46865e+07	(delta): 7779.74
6 (QN/Block) 	Elapsed: 0.815	Loglikelihood: -1.46846e+07	(delta): 1918.25
7 (QN/Block) 	Elapsed: 0.776	Loglikelihood: -1.46842e+07	(delta): 378.387
8 (QN/Block) 	Elapsed: 0.799	Loglikelihood: -1.46842e+07	(delta): 43.0994
9 (QN/Block) 	Elapsed: 0.799	Loglikelihood: -1.46842e+07	(delta): 5.12965
10 (QN/Block) 	Elapsed: 0.826	Loglikelihood: -1.46842e+07	(delta): 1.58684
11 (QN/Block) 	Elapsed: 0.877	Loglikelihood: -1.46842e+07	(delta): 1.06009
12 (QN/Block) 	Elapsed: 0.917	Loglikelihood: -1.46842e+07	(delta): 0.0182923
13 (QN/Block) 	Elapsed: 0.81	Loglikelihood: -1.46842e+07	(delta): 0.00408932
14 (QN/Block) 	Elapsed: 0.798	Loglikelihood: -1.46842e+07	(delta): 0.00107442
15 (QN/Block) 	Elapsed: 0.837	Loglikelihood: -1.46842e+07	(delta): 0.000156749
16 (QN/Block) 	Elapsed: 0.866	Loglikelihood: -1.46842e+07	(delta): 1.43442e-05
Summary: 
Converged in 16 iterations (16.571 sec)
Loglikelihood: -14684182.537321
Fst divergences between estimated populations: 
	Pop0	Pop1	
Pop0	
Pop1	0.090	
Pop2	0.132	0.161	
CV error (K=3): 0.51121
Writing output files.
