****                   ADMIXTURE Version 1.3.1                  ****
****                    Copyright 2008-2025                     ****
****           David Alexander, Suyash Shringarpure,            ****
****                John Novembre, Ken Lange                    ****
****                                                            ****
****                 Please cite our paper!                     ****
****   Information at https://dalexander.github.io/admixture/   ****

Cross-validation will be performed.  Folds=5.
Parallel execution requested.  Will use 1 threads.
Random seed: 43
Point estimation method: Block relaxation algorithm
Convergence acceleration algorithm: QuasiNewton, 3 secant conditions
Point estimation will terminate when objective function delta < 0.0001
Estimation of standard errors disabled; will compute point estimates only.
Size of G: 2504x6021
Performing five EM steps to prime main algorithm
1 (EM) 	Elapsed: 0.42	Loglikelihood: -1.65434e+07	(delta): 6.95125e+06
2 (EM) 	Elapsed: 0.439	Loglikelihood: -1.6136e+07	(delta): 407410
3 (EM) 	Elapsed: 0.421	Loglikelihood: -1.60147e+07	(delta): 121223
4 (EM) 	Elapsed: 0.483	Loglikelihood: -1.59439e+07	(delta): 70876.5
5 (EM) 	Elapsed: 0.417	Loglikelihood: -1.58946e+07	(delta): 49287.9
Initial loglikelihood: -1.58946e+07
Starting main algorithm
1 (QN/Block) 	Elapsed: 0.996	Loglikelihood: -1.48751e+07	(delta): 1.0195e+06
2 (QN/Block) 	Elapsed: 1.029	Loglikelihood: -1.47472e+07	(delta): 127862
3 (QN/Block) 	Elapsed: 1.197	Loglikelihood: -1.46626e+07	(delta): 84587.5
4 (QN/Block) 	Elapsed: 1.274	Loglikelihood: -1.46181e+07	(delta): 44539.9
5 (QN/Block) 	Elapsed: 1.214	Loglikelihood: -1.46095e+07	(delta): 8562.12
6 (QN/Block) 	Elapsed: 1.148	Loglikelihood: -1.4604e+07	(delta): 5547.15
7 (QN/Block) 	Elapsed: 1.199	Loglikelihood: -1.46003e+07	(delta): 3630.73
8 (QN/Block) 	Elapsed: 1.379	Loglikelihood: -1.45988e+07	(delta): 1572.56
9 (QN/Block) 	Elapsed: 1.257	Loglikelihood: -1.45979e+07	(delta): 865.83
10 (QN/Block) 	Elapsed: 1.328	Loglikelihood: -1.45973e+07	(delta): 628.679
11 (QN/Block) 	Elapsed: 1.313	Loglikelihood: -1.45971e+07	(delta): 131.791
12 (QN/Block) 	Elapsed: 1.167	Loglikelihood: -1.4597e+07	(delta): 87.1339
13 (QN/Block) 	Elapsed: 1.185	Loglikelihood: -1.4597e+07	(delta): 21.6483
14 (QN/Block) 	Elapsed: 1.203	Loglikelihood: -1.4597e+07	(delta): 15.8437
15 (QN/Block) 	Elapsed: 1.148	Loglikelihood: -1.4597e+07	(delta): 1.74552
16 (QN/Block) 	Elapsed: 1.192	Loglikelihood: -1.4597e+07	(delta): 0.565974
17 (QN/Block) 	Elapsed: 1.183	Loglikelihood: -1.4597e+07	(delta): 0.125738
18 (QN/Block) 	Elapsed: 1.186	Loglikelihood: -1.4597e+07	(delta): 0.0244456
19 (QN/Block) 	Elapsed: 1.198	Loglikelihood: -1.4597e+07	(delta): 0.00363484
20 (QN/Block) 	Elapsed: 1.17	Loglikelihood: -1.4597e+07	(delta): 0.000355182
21 (QN/Block) 	Elapsed: 1.235	Loglikelihood: -1.4597e+07	(delta): 4.51617e-05
Summary: 
Converged in 21 iterations (29.652 sec)
Loglikelihood: -14597005.720197
Fst divergences between estimated populations: 
	Pop0	Pop1	Pop2	
Pop0	
Pop1	0.133	
Pop2	0.140	0.054	
Pop3	0.163	0.072	0.100	
CV error (K=4): 0.50595
Writing output files.
