****                   ADMIXTURE Version 1.3.1                  ****
****                    Copyright 2008-2025                     ****
****           David Alexander, Suyash Shringarpure,            ****
****                John Novembre, Ken Lange                    ****
****                                                            ****
****                 Please cite our paper!                     ****
****   Information at https://dalexander.github.io/admixture/   ****

Cross-validation will be performed.  Folds=5.
Parallel execution requested.  Will use 1 threads.
Random seed: 43
Point estimation method: Block relaxation algorithm
Convergence acceleration algorithm: QuasiNewton, 3 secant conditions
Point estimation will terminate when objective function delta < 0.0001
Estimation of standard errors disabled; will compute point estimates only.
Size of G: 2504x6021
Performing five EM steps to prime main algorithm
1 (EM) 	Elapsed: 0.989	Loglikelihood: -1.64443e+07	(delta): 5.86014e+06
2 (EM) 	Elapsed: 0.937	Loglikelihood: -1.60926e+07	(delta): 351690
3 (EM) 	Elapsed: 0.96	Loglikelihood: -1.60095e+07	(delta): 83058
4 (EM) 	Elapsed: 0.881	Loglikelihood: -1.59599e+07	(delta): 49662.8
5 (EM) 	Elapsed: 0.905	Loglikelihood: -1.59228e+07	(delta): 37061
Initial loglikelihood: -1.59228e+07
Starting main algorithm
1 (QN/Block) 	Elapsed: 2.051	Loglikelihood: -1.47838e+07	(delta): 1.13905e+06
2 (QN/Block) 	Elapsed: 2.105	Loglikelihood: -1.46075e+07	(delta): 176228
3 (QN/Block) 	Elapsed: 2.337	Loglikelihood: -1.45312e+07	(delta): 76387.4
4 (QN/Block) 	Elapsed: 2.466	Loglikelihood: -1.45078e+07	(delta): 23338.9
5 (QN/Block) 	Elapsed: 2.515	Loglikelihood: -1.45043e+07	(delta): 3504.27
6 (QN/Block) 	Elapsed: 2.394	Loglikelihood: -1.45025e+07	(delta): 1840.21
7 (QN/Block) 	Elapsed: 2.343	Loglikelihood: -1.45014e+07	(delta): 1027.28
8 (QN/Block) 	Elapsed: 2.429	Loglikelihood: -1.45008e+07	(delta): 667.37
9 (QN/Block) 	Elapsed: 2.297	Loglikelihood: -1.45002e+07	(delta): 558.586
10 (QN/Block) 	Elapsed: 2.486	Loglikelihood: -1.44999e+07	(delta): 372.513
11 (QN/Block) 	Elapsed: 2.336	Loglikelihood: -1.44997e+07	(delta): 165.91
12 (QN/Block) 	Elapsed: 2.255	Loglikelihood: -1.44996e+07	(delta): 110.804
13 (QN/Block) 	Elapsed: 2.229	Loglikelihood: -1.44995e+07	(delta): 99.0135
14 (QN/Block) 	Elapsed: 2.322	Loglikelihood: -1.44994e+07	(delta): 59.8326
15 (QN/Block) 	Elapsed: 2.387	Loglikelihood: -1.44994e+07	(delta): 53.6682
16 (QN/Block) 	Elapsed: 2.305	Loglikelihood: -1.44993e+07	(delta): 86.9989
17 (QN/Block) 	Elapsed: 2.269	Loglikelihood: -1.44992e+07	(delta): 89.9079
18 (QN/Block) 	Elapsed: 2.243	Loglikelihood: -1.44991e+07	(delta): 47.2956
19 (QN/Block) 	Elapsed: 2.367	Loglikelihood: -1.4499e+07	(delta): 88.5271
20 (QN/Block) 	Elapsed: 2.311	Loglikelihood: -1.4499e+07	(delta): 53.6534
21 (QN/Block) 	Elapsed: 2.272	Loglikelihood: -1.4499e+07	(delta): 29.6975
22 (QN/Block) 	Elapsed: 2.217	Loglikelihood: -1.44989e+07	(delta): 18.4441
23 (QN/Block) 	Elapsed: 2.312	Loglikelihood: -1.44989e+07	(delta): 17.6589
24 (QN/Block) 	Elapsed: 2.294	Loglikelihood: -1.44989e+07	(delta): 8.57569
25 (QN/Block) 	Elapsed: 2.316	Loglikelihood: -1.44989e+07	(delta): 9.3809
26 (QN/Block) 	Elapsed: 2.239	Loglikelihood: -1.44989e+07	(delta): 7.54598
27 (QN/Block) 	Elapsed: 2.236	Loglikelihood: -1.44989e+07	(delta): 5.91032
28 (QN/Block) 	Elapsed: 2.342	Loglikelihood: -1.44989e+07	(delta): 2.073
29 (QN/Block) 	Elapsed: 2.267	Loglikelihood: -1.44989e+07	(delta): 3.96977
30 (QN/Block) 	Elapsed: 2.213	Loglikelihood: -1.44989e+07	(delta): 2.20709
31 (QN/Block) 	Elapsed: 2.291	Loglikelihood: -1.44989e+07	(delta): 2.42268
32 (QN/Block) 	Elapsed: 2.273	Loglikelihood: -1.44989e+07	(delta): 0.5755
33 (QN/Block) 	Elapsed: 2.301	Loglikelihood: -1.44989e+07	(delta): 0.677162
34 (QN/Block) 	Elapsed: 2.271	Loglikelihood: -1.44989e+07	(delta): 0.253396
35 (QN/Block) 	Elapsed: 2.327	Loglikelihood: -1.44989e+07	(delta): 0.132078
36 (QN/Block) 	Elapsed: 2.307	Loglikelihood: -1.44989e+07	(delta): 0.0775833
37 (QN/Block) 	Elapsed: 2.293	Loglikelihood: -1.44989e+07	(delta): 0.0542827
38 (QN/Block) 	Elapsed: 3.079	Loglikelihood: -1.44989e+07	(delta): 0.0222065
39 (QN/Block) 	Elapsed: 2.795	Loglikelihood: -1.44989e+07	(delta): 0.0223732
40 (QN/Block) 	Elapsed: 2.487	Loglikelihood: -1.44989e+07	(delta): 0.00371209
41 (QN/Block) 	Elapsed: 2.595	Loglikelihood: -1.44989e+07	(delta): 0.00213007
42 (QN/Block) 	Elapsed: 2.329	Loglikelihood: -1.44989e+07	(delta): 0.000736404
43 (QN/Block) 	Elapsed: 2.312	Loglikelihood: -1.44989e+07	(delta): 0.000704203
44 (QN/Block) 	Elapsed: 2.316	Loglikelihood: -1.44989e+07	(delta): 0.000300825
45 (QN/Block) 	Elapsed: 2.395	Loglikelihood: -1.44989e+07	(delta): 0.000327045
46 (QN/Block) 	Elapsed: 2.421	Loglikelihood: -1.44989e+07	(delta): 3.61744e-05
Summary: 
Converged in 46 iterations (117.974 sec)
Loglikelihood: -14498884.777140
Fst divergences between estimated populations: 
	Pop0	Pop1	Pop2	Pop3	Pop4	Pop5	
Pop0	
Pop1	0.139	
Pop2	0.133	0.130	
Pop3	0.194	0.147	0.207	
Pop4	0.103	0.115	0.120	0.179	
Pop5	0.125	0.056	0.127	0.144	0.093	
Pop6	0.196	0.150	0.207	0.034	0.182	0.145	
CV error (K=7): 0.50100
Writing output files.
