Running ADMIXTURE for K=2
Running ADMIXTURE for K=3
Running ADMIXTURE for K=4
Running ADMIXTURE for K=5
****                   ADMIXTURE Version 1.3.1                  ****
****                    Copyright 2008-2025                     ****
****           David Alexander, Suyash Shringarpure,            ****
****                John Novembre, Ken Lange                    ****
****                                                            ****
****                 Please cite our paper!                     ****
****   Information at https://dalexander.github.io/admixture/   ****

Cross-validation will be performed.  Folds=5.
Parallel execution requested.  Will use 1 threads.
Random seed: 43
Point estimation method: Block relaxation algorithm
Convergence acceleration algorithm: QuasiNewton, 3 secant conditions
Point estimation will terminate when objective function delta < 0.0001
Estimation of standard errors disabled; will compute point estimates only.
****                   ADMIXTURE Version 1.3.1                  ****
****                    Copyright 2008-2025                     ****
****           David Alexander, Suyash Shringarpure,            ****
****                John Novembre, Ken Lange                    ****
****                                                            ****
****                 Please cite our paper!                     ****
****   Information at https://dalexander.github.io/admixture/   ****

Cross-validation will be performed.  Folds=5.
Parallel execution requested.  Will use 1 threads.
Random seed: 43
Point estimation method: Block relaxation algorithm
Convergence acceleration algorithm: QuasiNewton, 3 secant conditions
Point estimation will terminate when objective function delta < 0.0001
Estimation of standard errors disabled; will compute point estimates only.
****                   ADMIXTURE Version 1.3.1                  ****
****                    Copyright 2008-2025                     ****
****           David Alexander, Suyash Shringarpure,            ****
****                John Novembre, Ken Lange                    ****
****                                                            ****
****                 Please cite our paper!                     ****
****   Information at https://dalexander.github.io/admixture/   ****

Cross-validation will be performed.  Folds=5.
Parallel execution requested.  Will use 1 threads.
Random seed: 43
Point estimation method: Block relaxation algorithm
Convergence acceleration algorithm: QuasiNewton, 3 secant conditions
Point estimation will terminate when objective function delta < 0.0001
Estimation of standard errors disabled; will compute point estimates only.
****                   ADMIXTURE Version 1.3.1                  ****
****                    Copyright 2008-2025                     ****
****           David Alexander, Suyash Shringarpure,            ****
****                John Novembre, Ken Lange                    ****
****                                                            ****
****                 Please cite our paper!                     ****
****   Information at https://dalexander.github.io/admixture/   ****

Cross-validation will be performed.  Folds=5.
Parallel execution requested.  Will use 1 threads.
Random seed: 43
Point estimation method: Block relaxation algorithm
Convergence acceleration algorithm: QuasiNewton, 3 secant conditions
Point estimation will terminate when objective function delta < 0.0001
Estimation of standard errors disabled; will compute point estimates only.
Size of G: 2504x267644
Size of G: 2504x267644
Performing five EM steps to prime main algorithm
Performing five EM steps to prime main algorithm
Size of G: 2504x267644
Size of G: 2504x267644
Performing five EM steps to prime main algorithm
Performing five EM steps to prime main algorithm
1 (EM) 	Elapsed: 13.074	Loglikelihood: -4.50378e+08	(delta): 6.97286e+08
1 (EM) 	Elapsed: 17.225	Loglikelihood: -4.5721e+08	(delta): 6.21125e+08
1 (EM) 	Elapsed: 21.974	Loglikelihood: -4.59289e+08	(delta): 5.82837e+08
2 (EM) 	Elapsed: 12.979	Loglikelihood: -4.36108e+08	(delta): 1.42697e+07
1 (EM) 	Elapsed: 28.839	Loglikelihood: -4.59834e+08	(delta): 5.59002e+08
2 (EM) 	Elapsed: 16.775	Loglikelihood: -4.39413e+08	(delta): 1.77966e+07
3 (EM) 	Elapsed: 12.685	Loglikelihood: -4.32849e+08	(delta): 3.25905e+06
2 (EM) 	Elapsed: 21.881	Loglikelihood: -4.40317e+08	(delta): 1.89723e+07
3 (EM) 	Elapsed: 17.405	Loglikelihood: -4.3553e+08	(delta): 3.88339e+06
4 (EM) 	Elapsed: 13.263	Loglikelihood: -4.31244e+08	(delta): 1.60511e+06
2 (EM) 	Elapsed: 29.161	Loglikelihood: -4.40445e+08	(delta): 1.93894e+07
3 (EM) 	Elapsed: 22.352	Loglikelihood: -4.36557e+08	(delta): 3.76021e+06
5 (EM) 	Elapsed: 13.113	Loglikelihood: -4.30416e+08	(delta): 827430
Initial loglikelihood: -4.30416e+08
Starting main algorithm
4 (EM) 	Elapsed: 17.257	Loglikelihood: -4.33399e+08	(delta): 2.13065e+06
3 (EM) 	Elapsed: 29.653	Loglikelihood: -4.36945e+08	(delta): 3.49987e+06
5 (EM) 	Elapsed: 17.785	Loglikelihood: -4.32032e+08	(delta): 1.36665e+06
4 (EM) 	Elapsed: 22.675	Loglikelihood: -4.34458e+08	(delta): 2.09889e+06
Initial loglikelihood: -4.32032e+08
Starting main algorithm
1 (QN/Block) 	Elapsed: 26.209	Loglikelihood: -4.22699e+08	(delta): 7.71712e+06
5 (EM) 	Elapsed: 25.642	Loglikelihood: -4.33008e+08	(delta): 1.44927e+06
Initial loglikelihood: -4.33008e+08
Starting main algorithm
4 (EM) 	Elapsed: 32.345	Loglikelihood: -4.35026e+08	(delta): 1.91874e+06
2 (QN/Block) 	Elapsed: 30.092	Loglikelihood: -4.16401e+08	(delta): 6.29833e+06
1 (QN/Block) 	Elapsed: 38.292	Loglikelihood: -4.13061e+08	(delta): 1.89716e+07
5 (EM) 	Elapsed: 32.899	Loglikelihood: -4.33663e+08	(delta): 1.3634e+06
Initial loglikelihood: -4.33663e+08
Starting main algorithm
3 (QN/Block) 	Elapsed: 32.687	Loglikelihood: -4.12718e+08	(delta): 3.68292e+06
2 (QN/Block) 	Elapsed: 35.902	Loglikelihood: -4.02513e+08	(delta): 1.05481e+07
1 (QN/Block) 	Elapsed: 51.862	Loglikelihood: -4.04173e+08	(delta): 2.88357e+07
4 (QN/Block) 	Elapsed: 37.573	Loglikelihood: -4.05882e+08	(delta): 6.83563e+06
3 (QN/Block) 	Elapsed: 40.057	Loglikelihood: -3.95322e+08	(delta): 7.19079e+06
2 (QN/Block) 	Elapsed: 50.164	Loglikelihood: -3.95965e+08	(delta): 8.20817e+06
1 (QN/Block) 	Elapsed: 66.889	Loglikelihood: -4.01052e+08	(delta): 3.26112e+07
5 (QN/Block) 	Elapsed: 38.003	Loglikelihood: -3.99991e+08	(delta): 5.89122e+06
4 (QN/Block) 	Elapsed: 45.009	Loglikelihood: -3.89451e+08	(delta): 5.87137e+06
6 (QN/Block) 	Elapsed: 37.25	Loglikelihood: -3.98208e+08	(delta): 1.7831e+06
3 (QN/Block) 	Elapsed: 54.631	Loglikelihood: -3.91333e+08	(delta): 4.63124e+06
2 (QN/Block) 	Elapsed: 65.76	Loglikelihood: -3.92045e+08	(delta): 9.00681e+06
5 (QN/Block) 	Elapsed: 39.011	Loglikelihood: -3.87991e+08	(delta): 1.45992e+06
7 (QN/Block) 	Elapsed: 30.417	Loglikelihood: -3.97798e+08	(delta): 410434
6 (QN/Block) 	Elapsed: 46.32	Loglikelihood: -3.87339e+08	(delta): 651427
8 (QN/Block) 	Elapsed: 35.273	Loglikelihood: -3.97618e+08	(delta): 179434
4 (QN/Block) 	Elapsed: 66.713	Loglikelihood: -3.88276e+08	(delta): 3.05702e+06
3 (QN/Block) 	Elapsed: 76.212	Loglikelihood: -3.87537e+08	(delta): 4.50806e+06
9 (QN/Block) 	Elapsed: 30.345	Loglikelihood: -3.97554e+08	(delta): 64552.1
7 (QN/Block) 	Elapsed: 44.314	Loglikelihood: -3.87233e+08	(delta): 106416
5 (QN/Block) 	Elapsed: 63.775	Loglikelihood: -3.87466e+08	(delta): 810317
10 (QN/Block) 	Elapsed: 37.591	Loglikelihood: -3.97548e+08	(delta): 5389.67
8 (QN/Block) 	Elapsed: 41.443	Loglikelihood: -3.8721e+08	(delta): 23005.8
11 (QN/Block) 	Elapsed: 30.219	Loglikelihood: -3.97548e+08	(delta): 438.251
4 (QN/Block) 	Elapsed: 76.163	Loglikelihood: -3.85587e+08	(delta): 1.94978e+06
6 (QN/Block) 	Elapsed: 57.561	Loglikelihood: -3.87031e+08	(delta): 434712
9 (QN/Block) 	Elapsed: 39.203	Loglikelihood: -3.87204e+08	(delta): 5372.94
12 (QN/Block) 	Elapsed: 30.308	Loglikelihood: -3.97548e+08	(delta): 22.635
13 (QN/Block) 	Elapsed: 30.238	Loglikelihood: -3.97548e+08	(delta): 2.35538
10 (QN/Block) 	Elapsed: 39.055	Loglikelihood: -3.87203e+08	(delta): 1004.21
5 (QN/Block) 	Elapsed: 72.384	Loglikelihood: -3.85176e+08	(delta): 410470
7 (QN/Block) 	Elapsed: 62.166	Loglikelihood: -3.86453e+08	(delta): 578500
14 (QN/Block) 	Elapsed: 29.509	Loglikelihood: -3.97548e+08	(delta): 0.293968
11 (QN/Block) 	Elapsed: 44.361	Loglikelihood: -3.87203e+08	(delta): 175.375
15 (QN/Block) 	Elapsed: 29.998	Loglikelihood: -3.97548e+08	(delta): 0.0546502
6 (QN/Block) 	Elapsed: 72.444	Loglikelihood: -3.8493e+08	(delta): 246224
12 (QN/Block) 	Elapsed: 38.67	Loglikelihood: -3.87203e+08	(delta): 41.9177
8 (QN/Block) 	Elapsed: 63.752	Loglikelihood: -3.85538e+08	(delta): 914852
16 (QN/Block) 	Elapsed: 30.197	Loglikelihood: -3.97548e+08	(delta): 0.0126023
17 (QN/Block) 	Elapsed: 30.652	Loglikelihood: -3.97548e+08	(delta): 0.00519174
13 (QN/Block) 	Elapsed: 47.427	Loglikelihood: -3.87203e+08	(delta): 11.0388
9 (QN/Block) 	Elapsed: 60.655	Loglikelihood: -3.85166e+08	(delta): 371613
18 (QN/Block) 	Elapsed: 30.871	Loglikelihood: -3.97548e+08	(delta): 0.000887632
7 (QN/Block) 	Elapsed: 72.549	Loglikelihood: -3.84678e+08	(delta): 252564
14 (QN/Block) 	Elapsed: 47.574	Loglikelihood: -3.87203e+08	(delta): 0.453403
19 (QN/Block) 	Elapsed: 30.078	Loglikelihood: -3.97548e+08	(delta): 0.000277638
10 (QN/Block) 	Elapsed: 53.928	Loglikelihood: -3.8489e+08	(delta): 276447
20 (QN/Block) 	Elapsed: 30.687	Loglikelihood: -3.97548e+08	(delta): 3.18289e-05
15 (QN/Block) 	Elapsed: 39.093	Loglikelihood: -3.87203e+08	(delta): 0.0258027
Summary: 
Converged in 20 iterations (767.215 sec)
Loglikelihood: -397547806.369707
Fst divergences between estimated populations: 
	Pop0	
Pop0	
Pop1	0.127	
8 (QN/Block) 	Elapsed: 75.202	Loglikelihood: -3.84395e+08	(delta): 282909
11 (QN/Block) 	Elapsed: 54.339	Loglikelihood: -3.84808e+08	(delta): 81993.2
16 (QN/Block) 	Elapsed: 38.971	Loglikelihood: -3.87203e+08	(delta): 0.00813878
17 (QN/Block) 	Elapsed: 39.387	Loglikelihood: -3.87203e+08	(delta): 0.00141883
12 (QN/Block) 	Elapsed: 54.278	Loglikelihood: -3.84786e+08	(delta): 22117
9 (QN/Block) 	Elapsed: 80.969	Loglikelihood: -3.84031e+08	(delta): 364045
18 (QN/Block) 	Elapsed: 39.22	Loglikelihood: -3.87203e+08	(delta): 0.000130892
13 (QN/Block) 	Elapsed: 53.772	Loglikelihood: -3.84778e+08	(delta): 7711.58
19 (QN/Block) 	Elapsed: 39.461	Loglikelihood: -3.87203e+08	(delta): 1.01924e-05
10 (QN/Block) 	Elapsed: 74.644	Loglikelihood: -3.83878e+08	(delta): 152451
Summary: 
Converged in 19 iterations (938.668 sec)
Loglikelihood: -387203136.470547
Fst divergences between estimated populations: 
	Pop0	Pop1	
Pop0	
Pop1	0.098	
Pop2	0.131	0.163	
14 (QN/Block) 	Elapsed: 54.876	Loglikelihood: -3.84777e+08	(delta): 1484.22
11 (QN/Block) 	Elapsed: 72.809	Loglikelihood: -3.83805e+08	(delta): 73728.6
15 (QN/Block) 	Elapsed: 54.674	Loglikelihood: -3.84776e+08	(delta): 140.424
12 (QN/Block) 	Elapsed: 71.461	Loglikelihood: -3.83779e+08	(delta): 25183
16 (QN/Block) 	Elapsed: 54.566	Loglikelihood: -3.84776e+08	(delta): 17.3267
17 (QN/Block) 	Elapsed: 53.568	Loglikelihood: -3.84776e+08	(delta): 2.51566
13 (QN/Block) 	Elapsed: 74.397	Loglikelihood: -3.8377e+08	(delta): 9487.8
18 (QN/Block) 	Elapsed: 54.441	Loglikelihood: -3.84776e+08	(delta): 0.599953
14 (QN/Block) 	Elapsed: 74.421	Loglikelihood: -3.83765e+08	(delta): 4796.88
19 (QN/Block) 	Elapsed: 54.068	Loglikelihood: -3.84776e+08	(delta): 0.0906244
CV error (K=2): 0.34344
Writing output files.
Running ADMIXTURE for K=6
****                   ADMIXTURE Version 1.3.1                  ****
****                    Copyright 2008-2025                     ****
****           David Alexander, Suyash Shringarpure,            ****
****                John Novembre, Ken Lange                    ****
****                                                            ****
****                 Please cite our paper!                     ****
****   Information at https://dalexander.github.io/admixture/   ****

Cross-validation will be performed.  Folds=5.
Parallel execution requested.  Will use 1 threads.
Random seed: 43
Point estimation method: Block relaxation algorithm
Convergence acceleration algorithm: QuasiNewton, 3 secant conditions
Point estimation will terminate when objective function delta < 0.0001
Estimation of standard errors disabled; will compute point estimates only.
Size of G: 2504x267644
Performing five EM steps to prime main algorithm
20 (QN/Block) 	Elapsed: 54.391	Loglikelihood: -3.84776e+08	(delta): 0.00599796
15 (QN/Block) 	Elapsed: 74.203	Loglikelihood: -3.83763e+08	(delta): 1891.69
1 (EM) 	Elapsed: 36.456	Loglikelihood: -4.59799e+08	(delta): 5.44253e+08
2 (EM) 	Elapsed: 37.169	Loglikelihood: -4.40202e+08	(delta): 1.95974e+07
21 (QN/Block) 	Elapsed: 54.289	Loglikelihood: -3.84776e+08	(delta): 0.000769913
16 (QN/Block) 	Elapsed: 80.53	Loglikelihood: -3.83763e+08	(delta): 408.691
3 (EM) 	Elapsed: 36.162	Loglikelihood: -4.36928e+08	(delta): 3.27366e+06
22 (QN/Block) 	Elapsed: 53.406	Loglikelihood: -3.84776e+08	(delta): 7.53999e-05
Summary: 
Converged in 22 iterations (1434.69 sec)
Loglikelihood: -384776379.991773
Fst divergences between estimated populations: 
	Pop0	Pop1	Pop2	
Pop0	
Pop1	0.194	
Pop2	0.132	0.126	
Pop3	0.164	0.106	0.103	
4 (EM) 	Elapsed: 36.48	Loglikelihood: -4.35158e+08	(delta): 1.76995e+06
17 (QN/Block) 	Elapsed: 71.029	Loglikelihood: -3.83763e+08	(delta): 168.96
5 (EM) 	Elapsed: 36.584	Loglikelihood: -4.33868e+08	(delta): 1.28982e+06
Initial loglikelihood: -4.33868e+08
Starting main algorithm
18 (QN/Block) 	Elapsed: 74.384	Loglikelihood: -3.83762e+08	(delta): 404.542
CV error (K=3): 0.32833
Writing output files.
Running ADMIXTURE for K=7
****                   ADMIXTURE Version 1.3.1                  ****
****                    Copyright 2008-2025                     ****
****           David Alexander, Suyash Shringarpure,            ****
****                John Novembre, Ken Lange                    ****
****                                                            ****
****                 Please cite our paper!                     ****
****   Information at https://dalexander.github.io/admixture/   ****

Cross-validation will be performed.  Folds=5.
Parallel execution requested.  Will use 1 threads.
Random seed: 43
Point estimation method: Block relaxation algorithm
Convergence acceleration algorithm: QuasiNewton, 3 secant conditions
Point estimation will terminate when objective function delta < 0.0001
Estimation of standard errors disabled; will compute point estimates only.
Size of G: 2504x267644
Performing five EM steps to prime main algorithm
1 (QN/Block) 	Elapsed: 78.359	Loglikelihood: -3.99638e+08	(delta): 3.42302e+07
1 (EM) 	Elapsed: 43.574	Loglikelihood: -4.59698e+08	(delta): 5.33591e+08
19 (QN/Block) 	Elapsed: 70.336	Loglikelihood: -3.83762e+08	(delta): 167.484
2 (EM) 	Elapsed: 44.923	Loglikelihood: -4.39909e+08	(delta): 1.97891e+07
2 (QN/Block) 	Elapsed: 79.006	Loglikelihood: -3.90931e+08	(delta): 8.70769e+06
20 (QN/Block) 	Elapsed: 71.147	Loglikelihood: -3.83762e+08	(delta): 145.067
3 (EM) 	Elapsed: 44.381	Loglikelihood: -4.36842e+08	(delta): 3.06755e+06
3 (QN/Block) 	Elapsed: 85.01	Loglikelihood: -3.86299e+08	(delta): 4.63181e+06
4 (EM) 	Elapsed: 44.895	Loglikelihood: -4.35245e+08	(delta): 1.5967e+06
21 (QN/Block) 	Elapsed: 74.223	Loglikelihood: -3.83762e+08	(delta): 34.5775
5 (EM) 	Elapsed: 43.14	Loglikelihood: -4.34086e+08	(delta): 1.15887e+06
Initial loglikelihood: -4.34086e+08
Starting main algorithm
4 (QN/Block) 	Elapsed: 87.589	Loglikelihood: -3.84345e+08	(delta): 1.95354e+06
22 (QN/Block) 	Elapsed: 68.979	Loglikelihood: -3.83762e+08	(delta): 14.4202
1 (QN/Block) 	Elapsed: 91.36	Loglikelihood: -3.96946e+08	(delta): 3.71406e+07
23 (QN/Block) 	Elapsed: 72.082	Loglikelihood: -3.83762e+08	(delta): 11.018
5 (QN/Block) 	Elapsed: 83.646	Loglikelihood: -3.83991e+08	(delta): 353830
24 (QN/Block) 	Elapsed: 69.467	Loglikelihood: -3.83762e+08	(delta): 8.05907
2 (QN/Block) 	Elapsed: 92.731	Loglikelihood: -3.86819e+08	(delta): 1.01264e+07
6 (QN/Block) 	Elapsed: 83.696	Loglikelihood: -3.83909e+08	(delta): 82197.5
25 (QN/Block) 	Elapsed: 69.328	Loglikelihood: -3.83762e+08	(delta): 9.68274
7 (QN/Block) 	Elapsed: 82.794	Loglikelihood: -3.8389e+08	(delta): 18868.2
3 (QN/Block) 	Elapsed: 99.805	Loglikelihood: -3.83191e+08	(delta): 3.62864e+06
26 (QN/Block) 	Elapsed: 69.584	Loglikelihood: -3.83762e+08	(delta): 5.52451
8 (QN/Block) 	Elapsed: 83.191	Loglikelihood: -3.83883e+08	(delta): 7077.71
4 (QN/Block) 	Elapsed: 103.498	Loglikelihood: -3.81824e+08	(delta): 1.36652e+06
27 (QN/Block) 	Elapsed: 69.508	Loglikelihood: -3.83762e+08	(delta): 6.18633
CV error (K=4): 0.32504
Writing output files.
Running ADMIXTURE for K=8
****                   ADMIXTURE Version 1.3.1                  ****
****                    Copyright 2008-2025                     ****
****           David Alexander, Suyash Shringarpure,            ****
****                John Novembre, Ken Lange                    ****
****                                                            ****
****                 Please cite our paper!                     ****
****   Information at https://dalexander.github.io/admixture/   ****

Cross-validation will be performed.  Folds=5.
Parallel execution requested.  Will use 1 threads.
Random seed: 43
Point estimation method: Block relaxation algorithm
Convergence acceleration algorithm: QuasiNewton, 3 secant conditions
Point estimation will terminate when objective function delta < 0.0001
Estimation of standard errors disabled; will compute point estimates only.
Size of G: 2504x267644
Performing five EM steps to prime main algorithm
9 (QN/Block) 	Elapsed: 84.37	Loglikelihood: -3.83881e+08	(delta): 2208.09
1 (EM) 	Elapsed: 51.814	Loglikelihood: -4.59344e+08	(delta): 5.25482e+08
28 (QN/Block) 	Elapsed: 70.298	Loglikelihood: -3.83762e+08	(delta): 4.40587
5 (QN/Block) 	Elapsed: 104.917	Loglikelihood: -3.81515e+08	(delta): 309176
2 (EM) 	Elapsed: 51.386	Loglikelihood: -4.39399e+08	(delta): 1.99451e+07
10 (QN/Block) 	Elapsed: 84.011	Loglikelihood: -3.8388e+08	(delta): 1287.8
29 (QN/Block) 	Elapsed: 70.268	Loglikelihood: -3.83762e+08	(delta): 2.85398
3 (EM) 	Elapsed: 51.295	Loglikelihood: -4.36539e+08	(delta): 2.85998e+06
6 (QN/Block) 	Elapsed: 100.447	Loglikelihood: -3.81285e+08	(delta): 229656
30 (QN/Block) 	Elapsed: 69.835	Loglikelihood: -3.83762e+08	(delta): 2.44712
11 (QN/Block) 	Elapsed: 84.377	Loglikelihood: -3.83879e+08	(delta): 1018.24
4 (EM) 	Elapsed: 51.698	Loglikelihood: -4.35087e+08	(delta): 1.45188e+06
5 (EM) 	Elapsed: 51.52	Loglikelihood: -4.34017e+08	(delta): 1.07078e+06
31 (QN/Block) 	Elapsed: 73.008	Loglikelihood: -3.83762e+08	(delta): 2.22977
Initial loglikelihood: -4.34017e+08
Starting main algorithm
7 (QN/Block) 	Elapsed: 100.832	Loglikelihood: -3.81165e+08	(delta): 120477
12 (QN/Block) 	Elapsed: 84.057	Loglikelihood: -3.83878e+08	(delta): 1041.68
32 (QN/Block) 	Elapsed: 69.385	Loglikelihood: -3.83762e+08	(delta): 2.45921
13 (QN/Block) 	Elapsed: 86.816	Loglikelihood: -3.83876e+08	(delta): 1639.73
1 (QN/Block) 	Elapsed: 110.296	Loglikelihood: -3.9687e+08	(delta): 3.71469e+07
8 (QN/Block) 	Elapsed: 100.733	Loglikelihood: -3.81115e+08	(delta): 49932.6
33 (QN/Block) 	Elapsed: 70.202	Loglikelihood: -3.83762e+08	(delta): 0.932327
14 (QN/Block) 	Elapsed: 93.322	Loglikelihood: -3.83876e+08	(delta): 520.629
34 (QN/Block) 	Elapsed: 69.427	Loglikelihood: -3.83762e+08	(delta): 0.605165
9 (QN/Block) 	Elapsed: 99.745	Loglikelihood: -3.81091e+08	(delta): 23410.4
2 (QN/Block) 	Elapsed: 109.556	Loglikelihood: -3.87396e+08	(delta): 9.4738e+06
15 (QN/Block) 	Elapsed: 83.582	Loglikelihood: -3.83875e+08	(delta): 321.023
35 (QN/Block) 	Elapsed: 78.272	Loglikelihood: -3.83762e+08	(delta): 0.28835
10 (QN/Block) 	Elapsed: 100.005	Loglikelihood: -3.81075e+08	(delta): 16717.9
3 (QN/Block) 	Elapsed: 117.799	Loglikelihood: -3.82988e+08	(delta): 4.40822e+06
36 (QN/Block) 	Elapsed: 78.645	Loglikelihood: -3.83762e+08	(delta): 0.151058
16 (QN/Block) 	Elapsed: 83.47	Loglikelihood: -3.83875e+08	(delta): 225.712
11 (QN/Block) 	Elapsed: 103.88	Loglikelihood: -3.81054e+08	(delta): 20877.5
37 (QN/Block) 	Elapsed: 69.562	Loglikelihood: -3.83762e+08	(delta): 0.00739056
17 (QN/Block) 	Elapsed: 83.602	Loglikelihood: -3.83875e+08	(delta): 245.156
4 (QN/Block) 	Elapsed: 122.354	Loglikelihood: -3.81145e+08	(delta): 1.84307e+06
38 (QN/Block) 	Elapsed: 72.858	Loglikelihood: -3.83762e+08	(delta): 0.00992626
12 (QN/Block) 	Elapsed: 107.281	Loglikelihood: -3.81042e+08	(delta): 11818
18 (QN/Block) 	Elapsed: 83.485	Loglikelihood: -3.83875e+08	(delta): 179.527
39 (QN/Block) 	Elapsed: 73.334	Loglikelihood: -3.83762e+08	(delta): 0.00731403
5 (QN/Block) 	Elapsed: 126.375	Loglikelihood: -3.80795e+08	(delta): 349286
19 (QN/Block) 	Elapsed: 84.295	Loglikelihood: -3.83874e+08	(delta): 160.78
13 (QN/Block) 	Elapsed: 112.713	Loglikelihood: -3.81034e+08	(delta): 7939.93
40 (QN/Block) 	Elapsed: 70.29	Loglikelihood: -3.83762e+08	(delta): 0.0057078
6 (QN/Block) 	Elapsed: 118.813	Loglikelihood: -3.80714e+08	(delta): 81287.9
20 (QN/Block) 	Elapsed: 84.071	Loglikelihood: -3.83874e+08	(delta): 96.9492
41 (QN/Block) 	Elapsed: 70.418	Loglikelihood: -3.83762e+08	(delta): 0.00104016
14 (QN/Block) 	Elapsed: 104.376	Loglikelihood: -3.81025e+08	(delta): 8641.7
21 (QN/Block) 	Elapsed: 83.711	Loglikelihood: -3.83874e+08	(delta): 53.0478
42 (QN/Block) 	Elapsed: 69.965	Loglikelihood: -3.83762e+08	(delta): 0.00263011
7 (QN/Block) 	Elapsed: 118.488	Loglikelihood: -3.80662e+08	(delta): 52222.8
15 (QN/Block) 	Elapsed: 107.794	Loglikelihood: -3.81016e+08	(delta): 9033.99
43 (QN/Block) 	Elapsed: 70.142	Loglikelihood: -3.83762e+08	(delta): 0.000372231
22 (QN/Block) 	Elapsed: 87.626	Loglikelihood: -3.83874e+08	(delta): 18.1712
44 (QN/Block) 	Elapsed: 73.02	Loglikelihood: -3.83762e+08	(delta): 1.68681e-05
Summary: 
Converged in 44 iterations (3492.96 sec)
Loglikelihood: -383761764.127046
Fst divergences between estimated populations: 
	Pop0	Pop1	Pop2	Pop3	
Pop0	
Pop1	0.146	
Pop2	0.052	0.140	
Pop3	0.141	0.024	0.135	
Pop4	0.106	0.171	0.076	0.169	
8 (QN/Block) 	Elapsed: 122.965	Loglikelihood: -3.80631e+08	(delta): 30493.7
16 (QN/Block) 	Elapsed: 100.796	Loglikelihood: -3.81008e+08	(delta): 8288.39
23 (QN/Block) 	Elapsed: 90.796	Loglikelihood: -3.83874e+08	(delta): 13.9913
17 (QN/Block) 	Elapsed: 99.838	Loglikelihood: -3.81001e+08	(delta): 6621.76
24 (QN/Block) 	Elapsed: 90.118	Loglikelihood: -3.83874e+08	(delta): 9.03844
9 (QN/Block) 	Elapsed: 118.229	Loglikelihood: -3.80606e+08	(delta): 25194
25 (QN/Block) 	Elapsed: 86.173	Loglikelihood: -3.83874e+08	(delta): 5.06173
18 (QN/Block) 	Elapsed: 103.259	Loglikelihood: -3.80993e+08	(delta): 8150.43
10 (QN/Block) 	Elapsed: 120.733	Loglikelihood: -3.80582e+08	(delta): 24431
26 (QN/Block) 	Elapsed: 89.457	Loglikelihood: -3.83874e+08	(delta): 3.10106
19 (QN/Block) 	Elapsed: 103.181	Loglikelihood: -3.80988e+08	(delta): 5074.84
11 (QN/Block) 	Elapsed: 124.962	Loglikelihood: -3.80565e+08	(delta): 16183.5
27 (QN/Block) 	Elapsed: 86.46	Loglikelihood: -3.83874e+08	(delta): 1.47992
20 (QN/Block) 	Elapsed: 103.22	Loglikelihood: -3.80983e+08	(delta): 4799.01
28 (QN/Block) 	Elapsed: 85.721	Loglikelihood: -3.83874e+08	(delta): 2.0839
12 (QN/Block) 	Elapsed: 129.653	Loglikelihood: -3.80556e+08	(delta): 9026.39
21 (QN/Block) 	Elapsed: 99.822	Loglikelihood: -3.80979e+08	(delta): 3965.39
29 (QN/Block) 	Elapsed: 83.169	Loglikelihood: -3.83874e+08	(delta): 0.492112
22 (QN/Block) 	Elapsed: 99.998	Loglikelihood: -3.80975e+08	(delta): 4422.98
13 (QN/Block) 	Elapsed: 125.935	Loglikelihood: -3.80551e+08	(delta): 5620.7
30 (QN/Block) 	Elapsed: 84.703	Loglikelihood: -3.83874e+08	(delta): 0.370416
23 (QN/Block) 	Elapsed: 107.086	Loglikelihood: -3.80971e+08	(delta): 3650.98
31 (QN/Block) 	Elapsed: 92.399	Loglikelihood: -3.83874e+08	(delta): 0.224629
14 (QN/Block) 	Elapsed: 138.213	Loglikelihood: -3.80545e+08	(delta): 6296.63
32 (QN/Block) 	Elapsed: 87.223	Loglikelihood: -3.83874e+08	(delta): 0.0883795
24 (QN/Block) 	Elapsed: 105.505	Loglikelihood: -3.80968e+08	(delta): 3007.28
15 (QN/Block) 	Elapsed: 138.351	Loglikelihood: -3.80542e+08	(delta): 2908.65
33 (QN/Block) 	Elapsed: 90.482	Loglikelihood: -3.83874e+08	(delta): 0.0407696
25 (QN/Block) 	Elapsed: 108.081	Loglikelihood: -3.80966e+08	(delta): 2399.51
CV error (K=5): 0.32394
Writing output files.
Running ADMIXTURE for K=9
****                   ADMIXTURE Version 1.3.1                  ****
****                    Copyright 2008-2025                     ****
****           David Alexander, Suyash Shringarpure,            ****
****                John Novembre, Ken Lange                    ****
****                                                            ****
****                 Please cite our paper!                     ****
****   Information at https://dalexander.github.io/admixture/   ****

Cross-validation will be performed.  Folds=5.
Parallel execution requested.  Will use 1 threads.
Random seed: 43
Point estimation method: Block relaxation algorithm
Convergence acceleration algorithm: QuasiNewton, 3 secant conditions
Point estimation will terminate when objective function delta < 0.0001
Estimation of standard errors disabled; will compute point estimates only.
Size of G: 2504x267644
Performing five EM steps to prime main algorithm
34 (QN/Block) 	Elapsed: 87.563	Loglikelihood: -3.83874e+08	(delta): 0.0117771
16 (QN/Block) 	Elapsed: 134.408	Loglikelihood: -3.80539e+08	(delta): 3102.26
1 (EM) 	Elapsed: 63.236	Loglikelihood: -4.59092e+08	(delta): 5.19339e+08
26 (QN/Block) 	Elapsed: 106.586	Loglikelihood: -3.80963e+08	(delta): 2488.49
35 (QN/Block) 	Elapsed: 84.08	Loglikelihood: -3.83874e+08	(delta): 0.00306237
2 (EM) 	Elapsed: 61.753	Loglikelihood: -4.39013e+08	(delta): 2.00796e+07
27 (QN/Block) 	Elapsed: 99.808	Loglikelihood: -3.80961e+08	(delta): 2422.09
17 (QN/Block) 	Elapsed: 130.089	Loglikelihood: -3.80534e+08	(delta): 4348.49
36 (QN/Block) 	Elapsed: 83.429	Loglikelihood: -3.83874e+08	(delta): 0.00369316
3 (EM) 	Elapsed: 61.667	Loglikelihood: -4.36296e+08	(delta): 2.71648e+06
4 (EM) 	Elapsed: 61.489	Loglikelihood: -4.34962e+08	(delta): 1.33406e+06
37 (QN/Block) 	Elapsed: 83.35	Loglikelihood: -3.83874e+08	(delta): 0.00014478
28 (QN/Block) 	Elapsed: 100.054	Loglikelihood: -3.80959e+08	(delta): 2033.12
18 (QN/Block) 	Elapsed: 129.44	Loglikelihood: -3.80531e+08	(delta): 2696.8
5 (EM) 	Elapsed: 62.096	Loglikelihood: -4.33977e+08	(delta): 984935
Initial loglikelihood: -4.33977e+08
Starting main algorithm
38 (QN/Block) 	Elapsed: 84.079	Loglikelihood: -3.83874e+08	(delta): 6.3777e-06
Summary: 
Converged in 38 iterations (3582.11 sec)
Loglikelihood: -383874261.699053
Fst divergences between estimated populations: 
	Pop0	Pop1	Pop2	Pop3	Pop4	
Pop0	
Pop1	0.164	
Pop2	0.198	0.106	
Pop3	0.038	0.172	0.204	
Pop4	0.030	0.172	0.201	0.029	
Pop5	0.133	0.103	0.126	0.143	0.140	
29 (QN/Block) 	Elapsed: 100.927	Loglikelihood: -3.80957e+08	(delta): 1553.68
19 (QN/Block) 	Elapsed: 130.199	Loglikelihood: -3.80529e+08	(delta): 2896.83
1 (QN/Block) 	Elapsed: 128.596	Loglikelihood: -3.94102e+08	(delta): 3.98751e+07
30 (QN/Block) 	Elapsed: 107.386	Loglikelihood: -3.80957e+08	(delta): 354.572
20 (QN/Block) 	Elapsed: 129.904	Loglikelihood: -3.80526e+08	(delta): 2896.34
31 (QN/Block) 	Elapsed: 100.054	Loglikelihood: -3.80957e+08	(delta): 96.5761
2 (QN/Block) 	Elapsed: 129.491	Loglikelihood: -3.85888e+08	(delta): 8.21408e+06
32 (QN/Block) 	Elapsed: 99.816	Loglikelihood: -3.80957e+08	(delta): 90.6206
21 (QN/Block) 	Elapsed: 130.163	Loglikelihood: -3.80523e+08	(delta): 2760.75
3 (QN/Block) 	Elapsed: 138.127	Loglikelihood: -3.82712e+08	(delta): 3.17663e+06
33 (QN/Block) 	Elapsed: 100.961	Loglikelihood: -3.80957e+08	(delta): 60.7621
22 (QN/Block) 	Elapsed: 129.837	Loglikelihood: -3.8052e+08	(delta): 2783.36
4 (QN/Block) 	Elapsed: 142.493	Loglikelihood: -3.812e+08	(delta): 1.51156e+06
34 (QN/Block) 	Elapsed: 100.662	Loglikelihood: -3.80957e+08	(delta): 44.102
23 (QN/Block) 	Elapsed: 130.841	Loglikelihood: -3.80519e+08	(delta): 1482.13
35 (QN/Block) 	Elapsed: 104.987	Loglikelihood: -3.80957e+08	(delta): 28.0365
5 (QN/Block) 	Elapsed: 143.519	Loglikelihood: -3.80785e+08	(delta): 415015
24 (QN/Block) 	Elapsed: 127.193	Loglikelihood: -3.80517e+08	(delta): 1347.85
36 (QN/Block) 	Elapsed: 104.476	Loglikelihood: -3.80957e+08	(delta): 26.7907
6 (QN/Block) 	Elapsed: 143.212	Loglikelihood: -3.8057e+08	(delta): 215147
37 (QN/Block) 	Elapsed: 103.939	Loglikelihood: -3.80957e+08	(delta): 24.1716
25 (QN/Block) 	Elapsed: 130.622	Loglikelihood: -3.80516e+08	(delta): 1647.55
7 (QN/Block) 	Elapsed: 139.938	Loglikelihood: -3.80374e+08	(delta): 196235
38 (QN/Block) 	Elapsed: 112.888	Loglikelihood: -3.80957e+08	(delta): 10.3154
26 (QN/Block) 	Elapsed: 131.159	Loglikelihood: -3.80515e+08	(delta): 680.157
39 (QN/Block) 	Elapsed: 101.475	Loglikelihood: -3.80957e+08	(delta): 2.51622
8 (QN/Block) 	Elapsed: 148.84	Loglikelihood: -3.80279e+08	(delta): 94281.7
27 (QN/Block) 	Elapsed: 119.837	Loglikelihood: -3.80514e+08	(delta): 1187.4
CV error (K=6): 0.32454
Writing output files.
Running ADMIXTURE for K=10
****                   ADMIXTURE Version 1.3.1                  ****
****                    Copyright 2008-2025                     ****
****           David Alexander, Suyash Shringarpure,            ****
****                John Novembre, Ken Lange                    ****
****                                                            ****
****                 Please cite our paper!                     ****
****   Information at https://dalexander.github.io/admixture/   ****

Cross-validation will be performed.  Folds=5.
Parallel execution requested.  Will use 1 threads.
Random seed: 43
Point estimation method: Block relaxation algorithm
Convergence acceleration algorithm: QuasiNewton, 3 secant conditions
Point estimation will terminate when objective function delta < 0.0001
Estimation of standard errors disabled; will compute point estimates only.
Size of G: 2504x267644
Performing five EM steps to prime main algorithm
40 (QN/Block) 	Elapsed: 102.874	Loglikelihood: -3.80957e+08	(delta): 3.24424
1 (EM) 	Elapsed: 78.457	Loglikelihood: -4.58811e+08	(delta): 5.14918e+08
9 (QN/Block) 	Elapsed: 146.293	Loglikelihood: -3.80227e+08	(delta): 51782.6
28 (QN/Block) 	Elapsed: 126.712	Loglikelihood: -3.80513e+08	(delta): 848.206
41 (QN/Block) 	Elapsed: 111.332	Loglikelihood: -3.80957e+08	(delta): 5.18444
2 (EM) 	Elapsed: 77.916	Loglikelihood: -4.38648e+08	(delta): 2.01632e+07
29 (QN/Block) 	Elapsed: 129.71	Loglikelihood: -3.80512e+08	(delta): 622.28
42 (QN/Block) 	Elapsed: 102.121	Loglikelihood: -3.80957e+08	(delta): 0.446499
10 (QN/Block) 	Elapsed: 141.377	Loglikelihood: -3.80203e+08	(delta): 24499.2
3 (EM) 	Elapsed: 77.589	Loglikelihood: -4.36053e+08	(delta): 2.59483e+06
4 (EM) 	Elapsed: 78.511	Loglikelihood: -4.34806e+08	(delta): 1.24659e+06
43 (QN/Block) 	Elapsed: 103.907	Loglikelihood: -3.80957e+08	(delta): 0.160103
30 (QN/Block) 	Elapsed: 127.23	Loglikelihood: -3.80512e+08	(delta): 259.71
11 (QN/Block) 	Elapsed: 144.806	Loglikelihood: -3.80184e+08	(delta): 18676
5 (EM) 	Elapsed: 78.518	Loglikelihood: -4.33881e+08	(delta): 925555
Initial loglikelihood: -4.33881e+08
Starting main algorithm
44 (QN/Block) 	Elapsed: 103.729	Loglikelihood: -3.80957e+08	(delta): 0.0985339
31 (QN/Block) 	Elapsed: 121.448	Loglikelihood: -3.80512e+08	(delta): 297.907
12 (QN/Block) 	Elapsed: 140.487	Loglikelihood: -3.80171e+08	(delta): 13047.3
45 (QN/Block) 	Elapsed: 101.673	Loglikelihood: -3.80957e+08	(delta): 0.0910411
1 (QN/Block) 	Elapsed: 151.17	Loglikelihood: -3.93588e+08	(delta): 4.02928e+07
32 (QN/Block) 	Elapsed: 121.523	Loglikelihood: -3.80511e+08	(delta): 278.086
46 (QN/Block) 	Elapsed: 102.405	Loglikelihood: -3.80957e+08	(delta): 0.0477086
13 (QN/Block) 	Elapsed: 141.447	Loglikelihood: -3.8016e+08	(delta): 11325.8
2 (QN/Block) 	Elapsed: 154.51	Loglikelihood: -3.84897e+08	(delta): 8.69058e+06
33 (QN/Block) 	Elapsed: 121.062	Loglikelihood: -3.80511e+08	(delta): 206.104
47 (QN/Block) 	Elapsed: 103.213	Loglikelihood: -3.80957e+08	(delta): 0.0282735
14 (QN/Block) 	Elapsed: 141.743	Loglikelihood: -3.80152e+08	(delta): 8212.19
34 (QN/Block) 	Elapsed: 122.92	Loglikelihood: -3.80511e+08	(delta): 258.803
48 (QN/Block) 	Elapsed: 103.862	Loglikelihood: -3.80957e+08	(delta): 0.00664651
3 (QN/Block) 	Elapsed: 164.522	Loglikelihood: -3.81535e+08	(delta): 3.36226e+06
15 (QN/Block) 	Elapsed: 140.552	Loglikelihood: -3.8014e+08	(delta): 11266.5
49 (QN/Block) 	Elapsed: 101.153	Loglikelihood: -3.80957e+08	(delta): 0.00504661
35 (QN/Block) 	Elapsed: 119.36	Loglikelihood: -3.80511e+08	(delta): 170.534
4 (QN/Block) 	Elapsed: 160.041	Loglikelihood: -3.80455e+08	(delta): 1.0795e+06
50 (QN/Block) 	Elapsed: 100.41	Loglikelihood: -3.80957e+08	(delta): 0.00371122
16 (QN/Block) 	Elapsed: 138.866	Loglikelihood: -3.80128e+08	(delta): 12387.3
36 (QN/Block) 	Elapsed: 118.028	Loglikelihood: -3.80511e+08	(delta): 170.443
51 (QN/Block) 	Elapsed: 101.323	Loglikelihood: -3.80957e+08	(delta): 0.00224614
5 (QN/Block) 	Elapsed: 159.899	Loglikelihood: -3.80186e+08	(delta): 269742
37 (QN/Block) 	Elapsed: 118.714	Loglikelihood: -3.80511e+08	(delta): 50.8119
17 (QN/Block) 	Elapsed: 143.582	Loglikelihood: -3.80113e+08	(delta): 14676.2
52 (QN/Block) 	Elapsed: 100.632	Loglikelihood: -3.80957e+08	(delta): 0.00030297
38 (QN/Block) 	Elapsed: 118.507	Loglikelihood: -3.80511e+08	(delta): 105.729
6 (QN/Block) 	Elapsed: 159.698	Loglikelihood: -3.80026e+08	(delta): 160052
53 (QN/Block) 	Elapsed: 100.55	Loglikelihood: -3.80957e+08	(delta): 0.000258565
18 (QN/Block) 	Elapsed: 138.876	Loglikelihood: -3.801e+08	(delta): 13567.5
39 (QN/Block) 	Elapsed: 122.311	Loglikelihood: -3.8051e+08	(delta): 79.6329
54 (QN/Block) 	Elapsed: 100.812	Loglikelihood: -3.80957e+08	(delta): 0.000386477
19 (QN/Block) 	Elapsed: 140.359	Loglikelihood: -3.80091e+08	(delta): 9268.42
7 (QN/Block) 	Elapsed: 160.728	Loglikelihood: -3.79942e+08	(delta): 83892
55 (QN/Block) 	Elapsed: 101.05	Loglikelihood: -3.80957e+08	(delta): 0.000128508
40 (QN/Block) 	Elapsed: 119.218	Loglikelihood: -3.8051e+08	(delta): 62.9733
20 (QN/Block) 	Elapsed: 138.817	Loglikelihood: -3.80084e+08	(delta): 6585.7
56 (QN/Block) 	Elapsed: 100.02	Loglikelihood: -3.80957e+08	(delta): 1.45435e-05
Summary: 
Converged in 56 iterations (6205.3 sec)
Loglikelihood: -380956693.648977
Fst divergences between estimated populations: 
	Pop0	Pop1	Pop2	Pop3	Pop4	Pop5	
Pop0	
Pop1	0.145	
Pop2	0.136	0.036	
Pop3	0.201	0.150	0.146	
Pop4	0.108	0.111	0.115	0.170	
Pop5	0.126	0.071	0.066	0.140	0.079	
Pop6	0.204	0.154	0.151	0.025	0.173	0.145	
8 (QN/Block) 	Elapsed: 158.706	Loglikelihood: -3.79887e+08	(delta): 54512.1
41 (QN/Block) 	Elapsed: 122.115	Loglikelihood: -3.8051e+08	(delta): 52.7251
21 (QN/Block) 	Elapsed: 138.627	Loglikelihood: -3.80079e+08	(delta): 4519.66
42 (QN/Block) 	Elapsed: 122.812	Loglikelihood: -3.8051e+08	(delta): 43.8798
9 (QN/Block) 	Elapsed: 160.725	Loglikelihood: -3.79845e+08	(delta): 42093.7
22 (QN/Block) 	Elapsed: 140.785	Loglikelihood: -3.80074e+08	(delta): 5670.64
43 (QN/Block) 	Elapsed: 124.632	Loglikelihood: -3.8051e+08	(delta): 41.1227
10 (QN/Block) 	Elapsed: 164.902	Loglikelihood: -3.79816e+08	(delta): 29019.8
44 (QN/Block) 	Elapsed: 118.62	Loglikelihood: -3.8051e+08	(delta): 31.5204
23 (QN/Block) 	Elapsed: 143.078	Loglikelihood: -3.8007e+08	(delta): 4139.31
11 (QN/Block) 	Elapsed: 164.967	Loglikelihood: -3.79797e+08	(delta): 19394.1
45 (QN/Block) 	Elapsed: 119.623	Loglikelihood: -3.8051e+08	(delta): 202.691
24 (QN/Block) 	Elapsed: 139.537	Loglikelihood: -3.80067e+08	(delta): 2655.3
46 (QN/Block) 	Elapsed: 118.678	Loglikelihood: -3.8051e+08	(delta): 43.472
12 (QN/Block) 	Elapsed: 163.805	Loglikelihood: -3.79785e+08	(delta): 11783.2
25 (QN/Block) 	Elapsed: 138.975	Loglikelihood: -3.80065e+08	(delta): 2195.91
47 (QN/Block) 	Elapsed: 118.937	Loglikelihood: -3.8051e+08	(delta): 102.675
26 (QN/Block) 	Elapsed: 138.154	Loglikelihood: -3.80063e+08	(delta): 1549.05
13 (QN/Block) 	Elapsed: 158.739	Loglikelihood: -3.79775e+08	(delta): 9827.92
48 (QN/Block) 	Elapsed: 118.347	Loglikelihood: -3.8051e+08	(delta): 70.9229
27 (QN/Block) 	Elapsed: 139.163	Loglikelihood: -3.80062e+08	(delta): 809.933
14 (QN/Block) 	Elapsed: 159.358	Loglikelihood: -3.79768e+08	(delta): 7017.43
49 (QN/Block) 	Elapsed: 118.557	Loglikelihood: -3.8051e+08	(delta): 67.9425
28 (QN/Block) 	Elapsed: 138.3	Loglikelihood: -3.80062e+08	(delta): 684.475
50 (QN/Block) 	Elapsed: 118.375	Loglikelihood: -3.8051e+08	(delta): 104.076
15 (QN/Block) 	Elapsed: 159.828	Loglikelihood: -3.79756e+08	(delta): 12480.2
51 (QN/Block) 	Elapsed: 119.179	Loglikelihood: -3.8051e+08	(delta): 46.2841
29 (QN/Block) 	Elapsed: 139.676	Loglikelihood: -3.80061e+08	(delta): 571.693
16 (QN/Block) 	Elapsed: 160.195	Loglikelihood: -3.7975e+08	(delta): 5638.53
52 (QN/Block) 	Elapsed: 119.324	Loglikelihood: -3.80509e+08	(delta): 75.2064
CV error (K=7): 0.32039
Writing output files.
30 (QN/Block) 	Elapsed: 142.47	Loglikelihood: -3.8006e+08	(delta): 1429.4
53 (QN/Block) 	Elapsed: 114.429	Loglikelihood: -3.80509e+08	(delta): 41.3332
17 (QN/Block) 	Elapsed: 154.571	Loglikelihood: -3.79741e+08	(delta): 8839.71
31 (QN/Block) 	Elapsed: 145.928	Loglikelihood: -3.80059e+08	(delta): 534.918
54 (QN/Block) 	Elapsed: 114.516	Loglikelihood: -3.80509e+08	(delta): 28.1814
18 (QN/Block) 	Elapsed: 153.6	Loglikelihood: -3.79736e+08	(delta): 5017.79
32 (QN/Block) 	Elapsed: 132.294	Loglikelihood: -3.80059e+08	(delta): 409.319
55 (QN/Block) 	Elapsed: 114.135	Loglikelihood: -3.80509e+08	(delta): 19.5694
19 (QN/Block) 	Elapsed: 152.062	Loglikelihood: -3.79732e+08	(delta): 4597.5
33 (QN/Block) 	Elapsed: 132.374	Loglikelihood: -3.80058e+08	(delta): 359.934
56 (QN/Block) 	Elapsed: 113.066	Loglikelihood: -3.80509e+08	(delta): 12.9776
57 (QN/Block) 	Elapsed: 112.46	Loglikelihood: -3.80509e+08	(delta): 10.0064
20 (QN/Block) 	Elapsed: 152.35	Loglikelihood: -3.79728e+08	(delta): 3481.21
34 (QN/Block) 	Elapsed: 132.263	Loglikelihood: -3.80058e+08	(delta): 269.285
58 (QN/Block) 	Elapsed: 113.053	Loglikelihood: -3.80509e+08	(delta): 11.9388
35 (QN/Block) 	Elapsed: 131.828	Loglikelihood: -3.80058e+08	(delta): 164.505
21 (QN/Block) 	Elapsed: 151.997	Loglikelihood: -3.79722e+08	(delta): 6522.64
59 (QN/Block) 	Elapsed: 118.531	Loglikelihood: -3.80509e+08	(delta): 7.07628
36 (QN/Block) 	Elapsed: 134.757	Loglikelihood: -3.80058e+08	(delta): 111.665
22 (QN/Block) 	Elapsed: 158.915	Loglikelihood: -3.79718e+08	(delta): 3072.11
60 (QN/Block) 	Elapsed: 118.383	Loglikelihood: -3.80509e+08	(delta): 5.81099
37 (QN/Block) 	Elapsed: 133.969	Loglikelihood: -3.80058e+08	(delta): 51.8394
23 (QN/Block) 	Elapsed: 157.384	Loglikelihood: -3.79715e+08	(delta): 2997.3
61 (QN/Block) 	Elapsed: 120.972	Loglikelihood: -3.80509e+08	(delta): 4.5376
38 (QN/Block) 	Elapsed: 137.806	Loglikelihood: -3.80058e+08	(delta): 36.6077
62 (QN/Block) 	Elapsed: 114.617	Loglikelihood: -3.80509e+08	(delta): 5.53707
24 (QN/Block) 	Elapsed: 154.705	Loglikelihood: -3.79712e+08	(delta): 3610.94
39 (QN/Block) 	Elapsed: 134.678	Loglikelihood: -3.80058e+08	(delta): 23.7847
63 (QN/Block) 	Elapsed: 114.814	Loglikelihood: -3.80509e+08	(delta): 5.78551
25 (QN/Block) 	Elapsed: 154.948	Loglikelihood: -3.79709e+08	(delta): 2998.53
40 (QN/Block) 	Elapsed: 134.475	Loglikelihood: -3.80058e+08	(delta): 14.6826
64 (QN/Block) 	Elapsed: 115.154	Loglikelihood: -3.80509e+08	(delta): 2.71199
65 (QN/Block) 	Elapsed: 114.682	Loglikelihood: -3.80509e+08	(delta): 2.42562
26 (QN/Block) 	Elapsed: 154.689	Loglikelihood: -3.79705e+08	(delta): 3437.87
41 (QN/Block) 	Elapsed: 146.969	Loglikelihood: -3.80058e+08	(delta): 8.6988
66 (QN/Block) 	Elapsed: 122.924	Loglikelihood: -3.80509e+08	(delta): 2.97846
27 (QN/Block) 	Elapsed: 154.097	Loglikelihood: -3.79703e+08	(delta): 2738.39
42 (QN/Block) 	Elapsed: 138.333	Loglikelihood: -3.80058e+08	(delta): 6.86628
67 (QN/Block) 	Elapsed: 122.342	Loglikelihood: -3.80509e+08	(delta): 1.37463
28 (QN/Block) 	Elapsed: 154.741	Loglikelihood: -3.79699e+08	(delta): 3481.43
43 (QN/Block) 	Elapsed: 147.767	Loglikelihood: -3.80058e+08	(delta): 4.87945
68 (QN/Block) 	Elapsed: 122.686	Loglikelihood: -3.80509e+08	(delta): 0.928881
44 (QN/Block) 	Elapsed: 147.21	Loglikelihood: -3.80058e+08	(delta): 1.07882
29 (QN/Block) 	Elapsed: 154.945	Loglikelihood: -3.79696e+08	(delta): 2824.99
69 (QN/Block) 	Elapsed: 123.68	Loglikelihood: -3.80509e+08	(delta): 0.793678
45 (QN/Block) 	Elapsed: 147.361	Loglikelihood: -3.80058e+08	(delta): 0.807047
70 (QN/Block) 	Elapsed: 126.326	Loglikelihood: -3.80509e+08	(delta): 0.55418
30 (QN/Block) 	Elapsed: 154.658	Loglikelihood: -3.79694e+08	(delta): 2284.15
71 (QN/Block) 	Elapsed: 122.687	Loglikelihood: -3.80509e+08	(delta): 0.503836
46 (QN/Block) 	Elapsed: 147.134	Loglikelihood: -3.80058e+08	(delta): 0.67607
31 (QN/Block) 	Elapsed: 155.246	Loglikelihood: -3.79693e+08	(delta): 1459.62
72 (QN/Block) 	Elapsed: 119.235	Loglikelihood: -3.80509e+08	(delta): 0.46881
47 (QN/Block) 	Elapsed: 142.642	Loglikelihood: -3.80058e+08	(delta): 0.915347
32 (QN/Block) 	Elapsed: 153.479	Loglikelihood: -3.79691e+08	(delta): 1662.11
73 (QN/Block) 	Elapsed: 117.647	Loglikelihood: -3.80509e+08	(delta): -0.091333
48 (QN/Block) 	Elapsed: 142.427	Loglikelihood: -3.80058e+08	(delta): 1.19758
74 (QN/Block) 	Elapsed: 114.599	Loglikelihood: -3.80509e+08	(delta): 1.96651
33 (QN/Block) 	Elapsed: 168.367	Loglikelihood: -3.79689e+08	(delta): 1501.15
49 (QN/Block) 	Elapsed: 142.443	Loglikelihood: -3.80058e+08	(delta): 0.511634
75 (QN/Block) 	Elapsed: 119.335	Loglikelihood: -3.80509e+08	(delta): 0.376689
34 (QN/Block) 	Elapsed: 169.194	Loglikelihood: -3.79688e+08	(delta): 1609.64
50 (QN/Block) 	Elapsed: 139.183	Loglikelihood: -3.80058e+08	(delta): 0.254703
76 (QN/Block) 	Elapsed: 115.843	Loglikelihood: -3.80509e+08	(delta): 0.424862
35 (QN/Block) 	Elapsed: 169.011	Loglikelihood: -3.79686e+08	(delta): 2042.54
77 (QN/Block) 	Elapsed: 114.961	Loglikelihood: -3.80509e+08	(delta): 0.27615
51 (QN/Block) 	Elapsed: 138.047	Loglikelihood: -3.80058e+08	(delta): 0.108967
78 (QN/Block) 	Elapsed: 122.925	Loglikelihood: -3.80509e+08	(delta): 0.022189
52 (QN/Block) 	Elapsed: 133.42	Loglikelihood: -3.80058e+08	(delta): 0.0489619
36 (QN/Block) 	Elapsed: 168.476	Loglikelihood: -3.79683e+08	(delta): 2531.79
79 (QN/Block) 	Elapsed: 128.571	Loglikelihood: -3.80509e+08	(delta): 0.00375289
53 (QN/Block) 	Elapsed: 139.482	Loglikelihood: -3.80058e+08	(delta): 0.0467939
37 (QN/Block) 	Elapsed: 169.784	Loglikelihood: -3.79681e+08	(delta): 2488.16
80 (QN/Block) 	Elapsed: 127.783	Loglikelihood: -3.80509e+08	(delta): 0.00141311
54 (QN/Block) 	Elapsed: 140.083	Loglikelihood: -3.80058e+08	(delta): 0.00809312
38 (QN/Block) 	Elapsed: 160.973	Loglikelihood: -3.79678e+08	(delta): 2695.96
81 (QN/Block) 	Elapsed: 116.311	Loglikelihood: -3.80509e+08	(delta): 0.00228363
55 (QN/Block) 	Elapsed: 134.665	Loglikelihood: -3.80058e+08	(delta): 0.00417227
82 (QN/Block) 	Elapsed: 115.629	Loglikelihood: -3.80509e+08	(delta): 0.000259399
39 (QN/Block) 	Elapsed: 169.685	Loglikelihood: -3.79672e+08	(delta): 6492.59
56 (QN/Block) 	Elapsed: 135.018	Loglikelihood: -3.80058e+08	(delta): 0.00128943
83 (QN/Block) 	Elapsed: 128.034	Loglikelihood: -3.80509e+08	(delta): 0.00100058
40 (QN/Block) 	Elapsed: 169.924	Loglikelihood: -3.79666e+08	(delta): 5277.39
57 (QN/Block) 	Elapsed: 147.717	Loglikelihood: -3.80058e+08	(delta): 0.000191808
84 (QN/Block) 	Elapsed: 126.999	Loglikelihood: -3.80509e+08	(delta): 0.0109293
58 (QN/Block) 	Elapsed: 148.111	Loglikelihood: -3.80058e+08	(delta): 0.000147879
41 (QN/Block) 	Elapsed: 170.185	Loglikelihood: -3.79662e+08	(delta): 4442.61
85 (QN/Block) 	Elapsed: 127.421	Loglikelihood: -3.80509e+08	(delta): 0.102616
86 (QN/Block) 	Elapsed: 128.442	Loglikelihood: -3.80509e+08	(delta): 0.0913619
59 (QN/Block) 	Elapsed: 148.737	Loglikelihood: -3.80058e+08	(delta): 9.37581e-05
Summary: 
Converged in 59 iterations (8865.72 sec)
Loglikelihood: -380057745.994039
Fst divergences between estimated populations: 
	Pop0	Pop1	Pop2	Pop3	Pop4	Pop5	Pop6	Pop7	
Pop0	
Pop1	0.171	
Pop2	0.155	0.129	
Pop3	0.147	0.082	0.093	
Pop4	0.179	0.129	0.068	0.104	
Pop5	0.025	0.175	0.160	0.152	0.181	
Pop6	0.205	0.111	0.151	0.135	0.159	0.209	
Pop7	0.161	0.135	0.064	0.096	0.093	0.165	0.164	
Pop8	0.152	0.122	0.051	0.097	0.086	0.156	0.160	0.066	
42 (QN/Block) 	Elapsed: 169.84	Loglikelihood: -3.7966e+08	(delta): 2196.07
87 (QN/Block) 	Elapsed: 127.759	Loglikelihood: -3.80509e+08	(delta): 0.00287318
43 (QN/Block) 	Elapsed: 155.171	Loglikelihood: -3.79657e+08	(delta): 2929.69
88 (QN/Block) 	Elapsed: 127.471	Loglikelihood: -3.80509e+08	(delta): 0.000797868
44 (QN/Block) 	Elapsed: 155.894	Loglikelihood: -3.79654e+08	(delta): 2258.75
89 (QN/Block) 	Elapsed: 127.07	Loglikelihood: -3.80509e+08	(delta): 0.000432551
90 (QN/Block) 	Elapsed: 116.593	Loglikelihood: -3.80509e+08	(delta): 0.00134206
45 (QN/Block) 	Elapsed: 155.43	Loglikelihood: -3.79653e+08	(delta): 1567
91 (QN/Block) 	Elapsed: 116.73	Loglikelihood: -3.80509e+08	(delta): 0.000613213
46 (QN/Block) 	Elapsed: 156.18	Loglikelihood: -3.79652e+08	(delta): 1359.43
92 (QN/Block) 	Elapsed: 115.092	Loglikelihood: -3.80509e+08	(delta): 0.000322282
47 (QN/Block) 	Elapsed: 154.751	Loglikelihood: -3.7965e+08	(delta): 1270.79
93 (QN/Block) 	Elapsed: 115.636	Loglikelihood: -3.80509e+08	(delta): 0.000177681
94 (QN/Block) 	Elapsed: 115.99	Loglikelihood: -3.80509e+08	(delta): 4.3869e-05
Summary: 
Converged in 94 iterations (12114 sec)
Loglikelihood: -380509330.149513
Fst divergences between estimated populations: 
	Pop0	Pop1	Pop2	Pop3	Pop4	Pop5	Pop6	
Pop0	
Pop1	0.156	
Pop2	0.140	0.190	
Pop3	0.124	0.179	0.076	
Pop4	0.041	0.152	0.135	0.128	
Pop5	0.153	0.025	0.189	0.176	0.147	
Pop6	0.150	0.205	0.122	0.124	0.138	0.202	
Pop7	0.075	0.146	0.111	0.090	0.068	0.141	0.130	
48 (QN/Block) 	Elapsed: 156.422	Loglikelihood: -3.79649e+08	(delta): 1151.88
49 (QN/Block) 	Elapsed: 154.402	Loglikelihood: -3.79648e+08	(delta): 930.364
50 (QN/Block) 	Elapsed: 155.473	Loglikelihood: -3.79648e+08	(delta): 517.551
51 (QN/Block) 	Elapsed: 154.787	Loglikelihood: -3.79647e+08	(delta): 457.346
52 (QN/Block) 	Elapsed: 154.32	Loglikelihood: -3.79647e+08	(delta): 456.064
53 (QN/Block) 	Elapsed: 169.3	Loglikelihood: -3.79647e+08	(delta): 233.296
CV error (K=9): 0.31963
Writing output files.
54 (QN/Block) 	Elapsed: 159.702	Loglikelihood: -3.79646e+08	(delta): 442.263
55 (QN/Block) 	Elapsed: 163.213	Loglikelihood: -3.79646e+08	(delta): 336.106
56 (QN/Block) 	Elapsed: 162.932	Loglikelihood: -3.79646e+08	(delta): 180.585
57 (QN/Block) 	Elapsed: 149.573	Loglikelihood: -3.79645e+08	(delta): 201.243
CV error (K=8): 0.31996
Writing output files.
58 (QN/Block) 	Elapsed: 144.806	Loglikelihood: -3.79645e+08	(delta): 265.655
59 (QN/Block) 	Elapsed: 139.313	Loglikelihood: -3.79645e+08	(delta): 190.876
60 (QN/Block) 	Elapsed: 143.006	Loglikelihood: -3.79645e+08	(delta): 189.886
61 (QN/Block) 	Elapsed: 138.855	Loglikelihood: -3.79645e+08	(delta): 240.071
62 (QN/Block) 	Elapsed: 138.712	Loglikelihood: -3.79644e+08	(delta): 125.666
63 (QN/Block) 	Elapsed: 138.699	Loglikelihood: -3.79644e+08	(delta): 262.839
64 (QN/Block) 	Elapsed: 142.762	Loglikelihood: -3.79644e+08	(delta): 80.3745
65 (QN/Block) 	Elapsed: 138.735	Loglikelihood: -3.79644e+08	(delta): 69.7814
66 (QN/Block) 	Elapsed: 138.734	Loglikelihood: -3.79644e+08	(delta): 68.5645
67 (QN/Block) 	Elapsed: 138.82	Loglikelihood: -3.79644e+08	(delta): 61.3912
68 (QN/Block) 	Elapsed: 142.974	Loglikelihood: -3.79644e+08	(delta): 25.0747
69 (QN/Block) 	Elapsed: 138.975	Loglikelihood: -3.79644e+08	(delta): 21.9311
70 (QN/Block) 	Elapsed: 139.044	Loglikelihood: -3.79644e+08	(delta): 14.8277
71 (QN/Block) 	Elapsed: 138.982	Loglikelihood: -3.79644e+08	(delta): 21.2437
72 (QN/Block) 	Elapsed: 151.26	Loglikelihood: -3.79644e+08	(delta): 5.44438
73 (QN/Block) 	Elapsed: 143.092	Loglikelihood: -3.79644e+08	(delta): 3.3051
74 (QN/Block) 	Elapsed: 139.01	Loglikelihood: -3.79644e+08	(delta): 7.08091
75 (QN/Block) 	Elapsed: 139.166	Loglikelihood: -3.79644e+08	(delta): 4.80549
76 (QN/Block) 	Elapsed: 138.967	Loglikelihood: -3.79644e+08	(delta): 3.61618
77 (QN/Block) 	Elapsed: 139.018	Loglikelihood: -3.79644e+08	(delta): 0.912063
78 (QN/Block) 	Elapsed: 139.009	Loglikelihood: -3.79644e+08	(delta): 0.836421
79 (QN/Block) 	Elapsed: 139.136	Loglikelihood: -3.79644e+08	(delta): 0.506978
80 (QN/Block) 	Elapsed: 139.33	Loglikelihood: -3.79644e+08	(delta): 0.391479
81 (QN/Block) 	Elapsed: 151.598	Loglikelihood: -3.79644e+08	(delta): 0.125655
82 (QN/Block) 	Elapsed: 151.512	Loglikelihood: -3.79644e+08	(delta): 0.101748
83 (QN/Block) 	Elapsed: 142.984	Loglikelihood: -3.79644e+08	(delta): 0.0918543
84 (QN/Block) 	Elapsed: 138.811	Loglikelihood: -3.79644e+08	(delta): 0.18711
85 (QN/Block) 	Elapsed: 138.59	Loglikelihood: -3.79644e+08	(delta): 0.0903407
86 (QN/Block) 	Elapsed: 150.911	Loglikelihood: -3.79644e+08	(delta): 0.0301667
87 (QN/Block) 	Elapsed: 138.59	Loglikelihood: -3.79644e+08	(delta): 0.00196254
88 (QN/Block) 	Elapsed: 138.694	Loglikelihood: -3.79644e+08	(delta): 0.00102782
89 (QN/Block) 	Elapsed: 138.83	Loglikelihood: -3.79644e+08	(delta): 0.000931799
90 (QN/Block) 	Elapsed: 139.044	Loglikelihood: -3.79644e+08	(delta): 0.000466526
91 (QN/Block) 	Elapsed: 139.167	Loglikelihood: -3.79644e+08	(delta): 0.000253439
92 (QN/Block) 	Elapsed: 139.247	Loglikelihood: -3.79644e+08	(delta): 8.37445e-05
Summary: 
Converged in 92 iterations (14853.1 sec)
Loglikelihood: -379643725.468295
Fst divergences between estimated populations: 
	Pop0	Pop1	Pop2	Pop3	Pop4	Pop5	Pop6	Pop7	Pop8	
Pop0	
Pop1	0.129	
Pop2	0.178	0.151	
Pop3	0.181	0.155	0.025	
Pop4	0.127	0.158	0.207	0.209	
Pop5	0.094	0.098	0.152	0.156	0.143	
Pop6	0.136	0.067	0.176	0.177	0.157	0.107	
Pop7	0.147	0.080	0.167	0.170	0.166	0.116	0.078	
Pop8	0.141	0.046	0.156	0.160	0.155	0.097	0.078	0.083	
Pop9	0.045	0.127	0.179	0.181	0.112	0.099	0.134	0.150	0.135	
CV error (K=10): 0.31927
Writing output files.
Pipeline complete. Results and logs are in dump/special_chr20_maf001_no_ld/admixture/
