****                   ADMIXTURE Version 1.3.1                  ****
****                    Copyright 2008-2025                     ****
****           David Alexander, Suyash Shringarpure,            ****
****                John Novembre, Ken Lange                    ****
****                                                            ****
****                 Please cite our paper!                     ****
****   Information at https://dalexander.github.io/admixture/   ****

Cross-validation will be performed.  Folds=5.
Parallel execution requested.  Will use 1 threads.
Random seed: 43
Point estimation method: Block relaxation algorithm
Convergence acceleration algorithm: QuasiNewton, 3 secant conditions
Point estimation will terminate when objective function delta < 0.0001
Estimation of standard errors disabled; will compute point estimates only.
Size of G: 2504x267644
Performing five EM steps to prime main algorithm
1 (EM) 	Elapsed: 28.839	Loglikelihood: -4.59834e+08	(delta): 5.59002e+08
2 (EM) 	Elapsed: 29.161	Loglikelihood: -4.40445e+08	(delta): 1.93894e+07
3 (EM) 	Elapsed: 29.653	Loglikelihood: -4.36945e+08	(delta): 3.49987e+06
4 (EM) 	Elapsed: 32.345	Loglikelihood: -4.35026e+08	(delta): 1.91874e+06
5 (EM) 	Elapsed: 32.899	Loglikelihood: -4.33663e+08	(delta): 1.3634e+06
Initial loglikelihood: -4.33663e+08
Starting main algorithm
1 (QN/Block) 	Elapsed: 66.889	Loglikelihood: -4.01052e+08	(delta): 3.26112e+07
2 (QN/Block) 	Elapsed: 65.76	Loglikelihood: -3.92045e+08	(delta): 9.00681e+06
3 (QN/Block) 	Elapsed: 76.212	Loglikelihood: -3.87537e+08	(delta): 4.50806e+06
4 (QN/Block) 	Elapsed: 76.163	Loglikelihood: -3.85587e+08	(delta): 1.94978e+06
5 (QN/Block) 	Elapsed: 72.384	Loglikelihood: -3.85176e+08	(delta): 410470
6 (QN/Block) 	Elapsed: 72.444	Loglikelihood: -3.8493e+08	(delta): 246224
7 (QN/Block) 	Elapsed: 72.549	Loglikelihood: -3.84678e+08	(delta): 252564
8 (QN/Block) 	Elapsed: 75.202	Loglikelihood: -3.84395e+08	(delta): 282909
9 (QN/Block) 	Elapsed: 80.969	Loglikelihood: -3.84031e+08	(delta): 364045
10 (QN/Block) 	Elapsed: 74.644	Loglikelihood: -3.83878e+08	(delta): 152451
11 (QN/Block) 	Elapsed: 72.809	Loglikelihood: -3.83805e+08	(delta): 73728.6
12 (QN/Block) 	Elapsed: 71.461	Loglikelihood: -3.83779e+08	(delta): 25183
13 (QN/Block) 	Elapsed: 74.397	Loglikelihood: -3.8377e+08	(delta): 9487.8
14 (QN/Block) 	Elapsed: 74.421	Loglikelihood: -3.83765e+08	(delta): 4796.88
15 (QN/Block) 	Elapsed: 74.203	Loglikelihood: -3.83763e+08	(delta): 1891.69
16 (QN/Block) 	Elapsed: 80.53	Loglikelihood: -3.83763e+08	(delta): 408.691
17 (QN/Block) 	Elapsed: 71.029	Loglikelihood: -3.83763e+08	(delta): 168.96
18 (QN/Block) 	Elapsed: 74.384	Loglikelihood: -3.83762e+08	(delta): 404.542
19 (QN/Block) 	Elapsed: 70.336	Loglikelihood: -3.83762e+08	(delta): 167.484
20 (QN/Block) 	Elapsed: 71.147	Loglikelihood: -3.83762e+08	(delta): 145.067
21 (QN/Block) 	Elapsed: 74.223	Loglikelihood: -3.83762e+08	(delta): 34.5775
22 (QN/Block) 	Elapsed: 68.979	Loglikelihood: -3.83762e+08	(delta): 14.4202
23 (QN/Block) 	Elapsed: 72.082	Loglikelihood: -3.83762e+08	(delta): 11.018
24 (QN/Block) 	Elapsed: 69.467	Loglikelihood: -3.83762e+08	(delta): 8.05907
25 (QN/Block) 	Elapsed: 69.328	Loglikelihood: -3.83762e+08	(delta): 9.68274
26 (QN/Block) 	Elapsed: 69.584	Loglikelihood: -3.83762e+08	(delta): 5.52451
27 (QN/Block) 	Elapsed: 69.508	Loglikelihood: -3.83762e+08	(delta): 6.18633
28 (QN/Block) 	Elapsed: 70.298	Loglikelihood: -3.83762e+08	(delta): 4.40587
29 (QN/Block) 	Elapsed: 70.268	Loglikelihood: -3.83762e+08	(delta): 2.85398
30 (QN/Block) 	Elapsed: 69.835	Loglikelihood: -3.83762e+08	(delta): 2.44712
31 (QN/Block) 	Elapsed: 73.008	Loglikelihood: -3.83762e+08	(delta): 2.22977
32 (QN/Block) 	Elapsed: 69.385	Loglikelihood: -3.83762e+08	(delta): 2.45921
33 (QN/Block) 	Elapsed: 70.202	Loglikelihood: -3.83762e+08	(delta): 0.932327
34 (QN/Block) 	Elapsed: 69.427	Loglikelihood: -3.83762e+08	(delta): 0.605165
35 (QN/Block) 	Elapsed: 78.272	Loglikelihood: -3.83762e+08	(delta): 0.28835
36 (QN/Block) 	Elapsed: 78.645	Loglikelihood: -3.83762e+08	(delta): 0.151058
37 (QN/Block) 	Elapsed: 69.562	Loglikelihood: -3.83762e+08	(delta): 0.00739056
38 (QN/Block) 	Elapsed: 72.858	Loglikelihood: -3.83762e+08	(delta): 0.00992626
39 (QN/Block) 	Elapsed: 73.334	Loglikelihood: -3.83762e+08	(delta): 0.00731403
40 (QN/Block) 	Elapsed: 70.29	Loglikelihood: -3.83762e+08	(delta): 0.0057078
41 (QN/Block) 	Elapsed: 70.418	Loglikelihood: -3.83762e+08	(delta): 0.00104016
42 (QN/Block) 	Elapsed: 69.965	Loglikelihood: -3.83762e+08	(delta): 0.00263011
43 (QN/Block) 	Elapsed: 70.142	Loglikelihood: -3.83762e+08	(delta): 0.000372231
44 (QN/Block) 	Elapsed: 73.02	Loglikelihood: -3.83762e+08	(delta): 1.68681e-05
Summary: 
Converged in 44 iterations (3492.96 sec)
Loglikelihood: -383761764.127046
Fst divergences between estimated populations: 
	Pop0	Pop1	Pop2	Pop3	
Pop0	
Pop1	0.146	
Pop2	0.052	0.140	
Pop3	0.141	0.024	0.135	
Pop4	0.106	0.171	0.076	0.169	
CV error (K=5): 0.32394
Writing output files.
