****                   ADMIXTURE Version 1.3.1                  ****
****                    Copyright 2008-2025                     ****
****           David Alexander, Suyash Shringarpure,            ****
****                John Novembre, Ken Lange                    ****
****                                                            ****
****                 Please cite our paper!                     ****
****   Information at https://dalexander.github.io/admixture/   ****

Cross-validation will be performed.  Folds=5.
Parallel execution requested.  Will use 1 threads.
Random seed: 43
Point estimation method: Block relaxation algorithm
Convergence acceleration algorithm: QuasiNewton, 3 secant conditions
Point estimation will terminate when objective function delta < 0.0001
Estimation of standard errors disabled; will compute point estimates only.
Size of G: 2504x267644
Performing five EM steps to prime main algorithm
1 (EM) 	Elapsed: 63.236	Loglikelihood: -4.59092e+08	(delta): 5.19339e+08
2 (EM) 	Elapsed: 61.753	Loglikelihood: -4.39013e+08	(delta): 2.00796e+07
3 (EM) 	Elapsed: 61.667	Loglikelihood: -4.36296e+08	(delta): 2.71648e+06
4 (EM) 	Elapsed: 61.489	Loglikelihood: -4.34962e+08	(delta): 1.33406e+06
5 (EM) 	Elapsed: 62.096	Loglikelihood: -4.33977e+08	(delta): 984935
Initial loglikelihood: -4.33977e+08
Starting main algorithm
1 (QN/Block) 	Elapsed: 128.596	Loglikelihood: -3.94102e+08	(delta): 3.98751e+07
2 (QN/Block) 	Elapsed: 129.491	Loglikelihood: -3.85888e+08	(delta): 8.21408e+06
3 (QN/Block) 	Elapsed: 138.127	Loglikelihood: -3.82712e+08	(delta): 3.17663e+06
4 (QN/Block) 	Elapsed: 142.493	Loglikelihood: -3.812e+08	(delta): 1.51156e+06
5 (QN/Block) 	Elapsed: 143.519	Loglikelihood: -3.80785e+08	(delta): 415015
6 (QN/Block) 	Elapsed: 143.212	Loglikelihood: -3.8057e+08	(delta): 215147
7 (QN/Block) 	Elapsed: 139.938	Loglikelihood: -3.80374e+08	(delta): 196235
8 (QN/Block) 	Elapsed: 148.84	Loglikelihood: -3.80279e+08	(delta): 94281.7
9 (QN/Block) 	Elapsed: 146.293	Loglikelihood: -3.80227e+08	(delta): 51782.6
10 (QN/Block) 	Elapsed: 141.377	Loglikelihood: -3.80203e+08	(delta): 24499.2
11 (QN/Block) 	Elapsed: 144.806	Loglikelihood: -3.80184e+08	(delta): 18676
12 (QN/Block) 	Elapsed: 140.487	Loglikelihood: -3.80171e+08	(delta): 13047.3
13 (QN/Block) 	Elapsed: 141.447	Loglikelihood: -3.8016e+08	(delta): 11325.8
14 (QN/Block) 	Elapsed: 141.743	Loglikelihood: -3.80152e+08	(delta): 8212.19
15 (QN/Block) 	Elapsed: 140.552	Loglikelihood: -3.8014e+08	(delta): 11266.5
16 (QN/Block) 	Elapsed: 138.866	Loglikelihood: -3.80128e+08	(delta): 12387.3
17 (QN/Block) 	Elapsed: 143.582	Loglikelihood: -3.80113e+08	(delta): 14676.2
18 (QN/Block) 	Elapsed: 138.876	Loglikelihood: -3.801e+08	(delta): 13567.5
19 (QN/Block) 	Elapsed: 140.359	Loglikelihood: -3.80091e+08	(delta): 9268.42
20 (QN/Block) 	Elapsed: 138.817	Loglikelihood: -3.80084e+08	(delta): 6585.7
21 (QN/Block) 	Elapsed: 138.627	Loglikelihood: -3.80079e+08	(delta): 4519.66
22 (QN/Block) 	Elapsed: 140.785	Loglikelihood: -3.80074e+08	(delta): 5670.64
23 (QN/Block) 	Elapsed: 143.078	Loglikelihood: -3.8007e+08	(delta): 4139.31
24 (QN/Block) 	Elapsed: 139.537	Loglikelihood: -3.80067e+08	(delta): 2655.3
25 (QN/Block) 	Elapsed: 138.975	Loglikelihood: -3.80065e+08	(delta): 2195.91
26 (QN/Block) 	Elapsed: 138.154	Loglikelihood: -3.80063e+08	(delta): 1549.05
27 (QN/Block) 	Elapsed: 139.163	Loglikelihood: -3.80062e+08	(delta): 809.933
28 (QN/Block) 	Elapsed: 138.3	Loglikelihood: -3.80062e+08	(delta): 684.475
29 (QN/Block) 	Elapsed: 139.676	Loglikelihood: -3.80061e+08	(delta): 571.693
30 (QN/Block) 	Elapsed: 142.47	Loglikelihood: -3.8006e+08	(delta): 1429.4
31 (QN/Block) 	Elapsed: 145.928	Loglikelihood: -3.80059e+08	(delta): 534.918
32 (QN/Block) 	Elapsed: 132.294	Loglikelihood: -3.80059e+08	(delta): 409.319
33 (QN/Block) 	Elapsed: 132.374	Loglikelihood: -3.80058e+08	(delta): 359.934
34 (QN/Block) 	Elapsed: 132.263	Loglikelihood: -3.80058e+08	(delta): 269.285
35 (QN/Block) 	Elapsed: 131.828	Loglikelihood: -3.80058e+08	(delta): 164.505
36 (QN/Block) 	Elapsed: 134.757	Loglikelihood: -3.80058e+08	(delta): 111.665
37 (QN/Block) 	Elapsed: 133.969	Loglikelihood: -3.80058e+08	(delta): 51.8394
38 (QN/Block) 	Elapsed: 137.806	Loglikelihood: -3.80058e+08	(delta): 36.6077
39 (QN/Block) 	Elapsed: 134.678	Loglikelihood: -3.80058e+08	(delta): 23.7847
40 (QN/Block) 	Elapsed: 134.475	Loglikelihood: -3.80058e+08	(delta): 14.6826
41 (QN/Block) 	Elapsed: 146.969	Loglikelihood: -3.80058e+08	(delta): 8.6988
42 (QN/Block) 	Elapsed: 138.333	Loglikelihood: -3.80058e+08	(delta): 6.86628
43 (QN/Block) 	Elapsed: 147.767	Loglikelihood: -3.80058e+08	(delta): 4.87945
44 (QN/Block) 	Elapsed: 147.21	Loglikelihood: -3.80058e+08	(delta): 1.07882
45 (QN/Block) 	Elapsed: 147.361	Loglikelihood: -3.80058e+08	(delta): 0.807047
46 (QN/Block) 	Elapsed: 147.134	Loglikelihood: -3.80058e+08	(delta): 0.67607
47 (QN/Block) 	Elapsed: 142.642	Loglikelihood: -3.80058e+08	(delta): 0.915347
48 (QN/Block) 	Elapsed: 142.427	Loglikelihood: -3.80058e+08	(delta): 1.19758
49 (QN/Block) 	Elapsed: 142.443	Loglikelihood: -3.80058e+08	(delta): 0.511634
50 (QN/Block) 	Elapsed: 139.183	Loglikelihood: -3.80058e+08	(delta): 0.254703
51 (QN/Block) 	Elapsed: 138.047	Loglikelihood: -3.80058e+08	(delta): 0.108967
52 (QN/Block) 	Elapsed: 133.42	Loglikelihood: -3.80058e+08	(delta): 0.0489619
53 (QN/Block) 	Elapsed: 139.482	Loglikelihood: -3.80058e+08	(delta): 0.0467939
54 (QN/Block) 	Elapsed: 140.083	Loglikelihood: -3.80058e+08	(delta): 0.00809312
55 (QN/Block) 	Elapsed: 134.665	Loglikelihood: -3.80058e+08	(delta): 0.00417227
56 (QN/Block) 	Elapsed: 135.018	Loglikelihood: -3.80058e+08	(delta): 0.00128943
57 (QN/Block) 	Elapsed: 147.717	Loglikelihood: -3.80058e+08	(delta): 0.000191808
58 (QN/Block) 	Elapsed: 148.111	Loglikelihood: -3.80058e+08	(delta): 0.000147879
59 (QN/Block) 	Elapsed: 148.737	Loglikelihood: -3.80058e+08	(delta): 9.37581e-05
Summary: 
Converged in 59 iterations (8865.72 sec)
Loglikelihood: -380057745.994039
Fst divergences between estimated populations: 
	Pop0	Pop1	Pop2	Pop3	Pop4	Pop5	Pop6	Pop7	
Pop0	
Pop1	0.171	
Pop2	0.155	0.129	
Pop3	0.147	0.082	0.093	
Pop4	0.179	0.129	0.068	0.104	
Pop5	0.025	0.175	0.160	0.152	0.181	
Pop6	0.205	0.111	0.151	0.135	0.159	0.209	
Pop7	0.161	0.135	0.064	0.096	0.093	0.165	0.164	
Pop8	0.152	0.122	0.051	0.097	0.086	0.156	0.160	0.066	
CV error (K=9): 0.31963
Writing output files.
