****                   ADMIXTURE Version 1.3.1                  ****
****                    Copyright 2008-2025                     ****
****           David Alexander, Suyash Shringarpure,            ****
****                John Novembre, Ken Lange                    ****
****                                                            ****
****                 Please cite our paper!                     ****
****   Information at https://dalexander.github.io/admixture/   ****

Cross-validation will be performed.  Folds=5.
Parallel execution requested.  Will use 1 threads.
Random seed: 43
Point estimation method: Block relaxation algorithm
Convergence acceleration algorithm: QuasiNewton, 3 secant conditions
Point estimation will terminate when objective function delta < 0.0001
Estimation of standard errors disabled; will compute point estimates only.
Size of G: 2504x267644
Performing five EM steps to prime main algorithm
1 (EM) 	Elapsed: 51.814	Loglikelihood: -4.59344e+08	(delta): 5.25482e+08
2 (EM) 	Elapsed: 51.386	Loglikelihood: -4.39399e+08	(delta): 1.99451e+07
3 (EM) 	Elapsed: 51.295	Loglikelihood: -4.36539e+08	(delta): 2.85998e+06
4 (EM) 	Elapsed: 51.698	Loglikelihood: -4.35087e+08	(delta): 1.45188e+06
5 (EM) 	Elapsed: 51.52	Loglikelihood: -4.34017e+08	(delta): 1.07078e+06
Initial loglikelihood: -4.34017e+08
Starting main algorithm
1 (QN/Block) 	Elapsed: 110.296	Loglikelihood: -3.9687e+08	(delta): 3.71469e+07
2 (QN/Block) 	Elapsed: 109.556	Loglikelihood: -3.87396e+08	(delta): 9.4738e+06
3 (QN/Block) 	Elapsed: 117.799	Loglikelihood: -3.82988e+08	(delta): 4.40822e+06
4 (QN/Block) 	Elapsed: 122.354	Loglikelihood: -3.81145e+08	(delta): 1.84307e+06
5 (QN/Block) 	Elapsed: 126.375	Loglikelihood: -3.80795e+08	(delta): 349286
6 (QN/Block) 	Elapsed: 118.813	Loglikelihood: -3.80714e+08	(delta): 81287.9
7 (QN/Block) 	Elapsed: 118.488	Loglikelihood: -3.80662e+08	(delta): 52222.8
8 (QN/Block) 	Elapsed: 122.965	Loglikelihood: -3.80631e+08	(delta): 30493.7
9 (QN/Block) 	Elapsed: 118.229	Loglikelihood: -3.80606e+08	(delta): 25194
10 (QN/Block) 	Elapsed: 120.733	Loglikelihood: -3.80582e+08	(delta): 24431
11 (QN/Block) 	Elapsed: 124.962	Loglikelihood: -3.80565e+08	(delta): 16183.5
12 (QN/Block) 	Elapsed: 129.653	Loglikelihood: -3.80556e+08	(delta): 9026.39
13 (QN/Block) 	Elapsed: 125.935	Loglikelihood: -3.80551e+08	(delta): 5620.7
14 (QN/Block) 	Elapsed: 138.213	Loglikelihood: -3.80545e+08	(delta): 6296.63
15 (QN/Block) 	Elapsed: 138.351	Loglikelihood: -3.80542e+08	(delta): 2908.65
16 (QN/Block) 	Elapsed: 134.408	Loglikelihood: -3.80539e+08	(delta): 3102.26
17 (QN/Block) 	Elapsed: 130.089	Loglikelihood: -3.80534e+08	(delta): 4348.49
18 (QN/Block) 	Elapsed: 129.44	Loglikelihood: -3.80531e+08	(delta): 2696.8
19 (QN/Block) 	Elapsed: 130.199	Loglikelihood: -3.80529e+08	(delta): 2896.83
20 (QN/Block) 	Elapsed: 129.904	Loglikelihood: -3.80526e+08	(delta): 2896.34
21 (QN/Block) 	Elapsed: 130.163	Loglikelihood: -3.80523e+08	(delta): 2760.75
22 (QN/Block) 	Elapsed: 129.837	Loglikelihood: -3.8052e+08	(delta): 2783.36
23 (QN/Block) 	Elapsed: 130.841	Loglikelihood: -3.80519e+08	(delta): 1482.13
24 (QN/Block) 	Elapsed: 127.193	Loglikelihood: -3.80517e+08	(delta): 1347.85
25 (QN/Block) 	Elapsed: 130.622	Loglikelihood: -3.80516e+08	(delta): 1647.55
26 (QN/Block) 	Elapsed: 131.159	Loglikelihood: -3.80515e+08	(delta): 680.157
27 (QN/Block) 	Elapsed: 119.837	Loglikelihood: -3.80514e+08	(delta): 1187.4
28 (QN/Block) 	Elapsed: 126.712	Loglikelihood: -3.80513e+08	(delta): 848.206
29 (QN/Block) 	Elapsed: 129.71	Loglikelihood: -3.80512e+08	(delta): 622.28
30 (QN/Block) 	Elapsed: 127.23	Loglikelihood: -3.80512e+08	(delta): 259.71
31 (QN/Block) 	Elapsed: 121.448	Loglikelihood: -3.80512e+08	(delta): 297.907
32 (QN/Block) 	Elapsed: 121.523	Loglikelihood: -3.80511e+08	(delta): 278.086
33 (QN/Block) 	Elapsed: 121.062	Loglikelihood: -3.80511e+08	(delta): 206.104
34 (QN/Block) 	Elapsed: 122.92	Loglikelihood: -3.80511e+08	(delta): 258.803
35 (QN/Block) 	Elapsed: 119.36	Loglikelihood: -3.80511e+08	(delta): 170.534
36 (QN/Block) 	Elapsed: 118.028	Loglikelihood: -3.80511e+08	(delta): 170.443
37 (QN/Block) 	Elapsed: 118.714	Loglikelihood: -3.80511e+08	(delta): 50.8119
38 (QN/Block) 	Elapsed: 118.507	Loglikelihood: -3.80511e+08	(delta): 105.729
39 (QN/Block) 	Elapsed: 122.311	Loglikelihood: -3.8051e+08	(delta): 79.6329
40 (QN/Block) 	Elapsed: 119.218	Loglikelihood: -3.8051e+08	(delta): 62.9733
41 (QN/Block) 	Elapsed: 122.115	Loglikelihood: -3.8051e+08	(delta): 52.7251
42 (QN/Block) 	Elapsed: 122.812	Loglikelihood: -3.8051e+08	(delta): 43.8798
43 (QN/Block) 	Elapsed: 124.632	Loglikelihood: -3.8051e+08	(delta): 41.1227
44 (QN/Block) 	Elapsed: 118.62	Loglikelihood: -3.8051e+08	(delta): 31.5204
45 (QN/Block) 	Elapsed: 119.623	Loglikelihood: -3.8051e+08	(delta): 202.691
46 (QN/Block) 	Elapsed: 118.678	Loglikelihood: -3.8051e+08	(delta): 43.472
47 (QN/Block) 	Elapsed: 118.937	Loglikelihood: -3.8051e+08	(delta): 102.675
48 (QN/Block) 	Elapsed: 118.347	Loglikelihood: -3.8051e+08	(delta): 70.9229
49 (QN/Block) 	Elapsed: 118.557	Loglikelihood: -3.8051e+08	(delta): 67.9425
50 (QN/Block) 	Elapsed: 118.375	Loglikelihood: -3.8051e+08	(delta): 104.076
51 (QN/Block) 	Elapsed: 119.179	Loglikelihood: -3.8051e+08	(delta): 46.2841
52 (QN/Block) 	Elapsed: 119.324	Loglikelihood: -3.80509e+08	(delta): 75.2064
53 (QN/Block) 	Elapsed: 114.429	Loglikelihood: -3.80509e+08	(delta): 41.3332
54 (QN/Block) 	Elapsed: 114.516	Loglikelihood: -3.80509e+08	(delta): 28.1814
55 (QN/Block) 	Elapsed: 114.135	Loglikelihood: -3.80509e+08	(delta): 19.5694
56 (QN/Block) 	Elapsed: 113.066	Loglikelihood: -3.80509e+08	(delta): 12.9776
57 (QN/Block) 	Elapsed: 112.46	Loglikelihood: -3.80509e+08	(delta): 10.0064
58 (QN/Block) 	Elapsed: 113.053	Loglikelihood: -3.80509e+08	(delta): 11.9388
59 (QN/Block) 	Elapsed: 118.531	Loglikelihood: -3.80509e+08	(delta): 7.07628
60 (QN/Block) 	Elapsed: 118.383	Loglikelihood: -3.80509e+08	(delta): 5.81099
61 (QN/Block) 	Elapsed: 120.972	Loglikelihood: -3.80509e+08	(delta): 4.5376
62 (QN/Block) 	Elapsed: 114.617	Loglikelihood: -3.80509e+08	(delta): 5.53707
63 (QN/Block) 	Elapsed: 114.814	Loglikelihood: -3.80509e+08	(delta): 5.78551
64 (QN/Block) 	Elapsed: 115.154	Loglikelihood: -3.80509e+08	(delta): 2.71199
65 (QN/Block) 	Elapsed: 114.682	Loglikelihood: -3.80509e+08	(delta): 2.42562
66 (QN/Block) 	Elapsed: 122.924	Loglikelihood: -3.80509e+08	(delta): 2.97846
67 (QN/Block) 	Elapsed: 122.342	Loglikelihood: -3.80509e+08	(delta): 1.37463
68 (QN/Block) 	Elapsed: 122.686	Loglikelihood: -3.80509e+08	(delta): 0.928881
69 (QN/Block) 	Elapsed: 123.68	Loglikelihood: -3.80509e+08	(delta): 0.793678
70 (QN/Block) 	Elapsed: 126.326	Loglikelihood: -3.80509e+08	(delta): 0.55418
71 (QN/Block) 	Elapsed: 122.687	Loglikelihood: -3.80509e+08	(delta): 0.503836
72 (QN/Block) 	Elapsed: 119.235	Loglikelihood: -3.80509e+08	(delta): 0.46881
73 (QN/Block) 	Elapsed: 117.647	Loglikelihood: -3.80509e+08	(delta): -0.091333
74 (QN/Block) 	Elapsed: 114.599	Loglikelihood: -3.80509e+08	(delta): 1.96651
75 (QN/Block) 	Elapsed: 119.335	Loglikelihood: -3.80509e+08	(delta): 0.376689
76 (QN/Block) 	Elapsed: 115.843	Loglikelihood: -3.80509e+08	(delta): 0.424862
77 (QN/Block) 	Elapsed: 114.961	Loglikelihood: -3.80509e+08	(delta): 0.27615
78 (QN/Block) 	Elapsed: 122.925	Loglikelihood: -3.80509e+08	(delta): 0.022189
79 (QN/Block) 	Elapsed: 128.571	Loglikelihood: -3.80509e+08	(delta): 0.00375289
80 (QN/Block) 	Elapsed: 127.783	Loglikelihood: -3.80509e+08	(delta): 0.00141311
81 (QN/Block) 	Elapsed: 116.311	Loglikelihood: -3.80509e+08	(delta): 0.00228363
82 (QN/Block) 	Elapsed: 115.629	Loglikelihood: -3.80509e+08	(delta): 0.000259399
83 (QN/Block) 	Elapsed: 128.034	Loglikelihood: -3.80509e+08	(delta): 0.00100058
84 (QN/Block) 	Elapsed: 126.999	Loglikelihood: -3.80509e+08	(delta): 0.0109293
85 (QN/Block) 	Elapsed: 127.421	Loglikelihood: -3.80509e+08	(delta): 0.102616
86 (QN/Block) 	Elapsed: 128.442	Loglikelihood: -3.80509e+08	(delta): 0.0913619
87 (QN/Block) 	Elapsed: 127.759	Loglikelihood: -3.80509e+08	(delta): 0.00287318
88 (QN/Block) 	Elapsed: 127.471	Loglikelihood: -3.80509e+08	(delta): 0.000797868
89 (QN/Block) 	Elapsed: 127.07	Loglikelihood: -3.80509e+08	(delta): 0.000432551
90 (QN/Block) 	Elapsed: 116.593	Loglikelihood: -3.80509e+08	(delta): 0.00134206
91 (QN/Block) 	Elapsed: 116.73	Loglikelihood: -3.80509e+08	(delta): 0.000613213
92 (QN/Block) 	Elapsed: 115.092	Loglikelihood: -3.80509e+08	(delta): 0.000322282
93 (QN/Block) 	Elapsed: 115.636	Loglikelihood: -3.80509e+08	(delta): 0.000177681
94 (QN/Block) 	Elapsed: 115.99	Loglikelihood: -3.80509e+08	(delta): 4.3869e-05
Summary: 
Converged in 94 iterations (12114 sec)
Loglikelihood: -380509330.149513
Fst divergences between estimated populations: 
	Pop0	Pop1	Pop2	Pop3	Pop4	Pop5	Pop6	
Pop0	
Pop1	0.156	
Pop2	0.140	0.190	
Pop3	0.124	0.179	0.076	
Pop4	0.041	0.152	0.135	0.128	
Pop5	0.153	0.025	0.189	0.176	0.147	
Pop6	0.150	0.205	0.122	0.124	0.138	0.202	
Pop7	0.075	0.146	0.111	0.090	0.068	0.141	0.130	
CV error (K=8): 0.31996
Writing output files.
