****                   ADMIXTURE Version 1.3.1                  ****
****                    Copyright 2008-2025                     ****
****           David Alexander, Suyash Shringarpure,            ****
****                John Novembre, Ken Lange                    ****
****                                                            ****
****                 Please cite our paper!                     ****
****   Information at https://dalexander.github.io/admixture/   ****

Cross-validation will be performed.  Folds=5.
Parallel execution requested.  Will use 1 threads.
Random seed: 43
Point estimation method: Block relaxation algorithm
Convergence acceleration algorithm: QuasiNewton, 3 secant conditions
Point estimation will terminate when objective function delta < 0.0001
Estimation of standard errors disabled; will compute point estimates only.
Size of G: 2504x267644
Performing five EM steps to prime main algorithm
1 (EM) 	Elapsed: 21.974	Loglikelihood: -4.59289e+08	(delta): 5.82837e+08
2 (EM) 	Elapsed: 21.881	Loglikelihood: -4.40317e+08	(delta): 1.89723e+07
3 (EM) 	Elapsed: 22.352	Loglikelihood: -4.36557e+08	(delta): 3.76021e+06
4 (EM) 	Elapsed: 22.675	Loglikelihood: -4.34458e+08	(delta): 2.09889e+06
5 (EM) 	Elapsed: 25.642	Loglikelihood: -4.33008e+08	(delta): 1.44927e+06
Initial loglikelihood: -4.33008e+08
Starting main algorithm
1 (QN/Block) 	Elapsed: 51.862	Loglikelihood: -4.04173e+08	(delta): 2.88357e+07
2 (QN/Block) 	Elapsed: 50.164	Loglikelihood: -3.95965e+08	(delta): 8.20817e+06
3 (QN/Block) 	Elapsed: 54.631	Loglikelihood: -3.91333e+08	(delta): 4.63124e+06
4 (QN/Block) 	Elapsed: 66.713	Loglikelihood: -3.88276e+08	(delta): 3.05702e+06
5 (QN/Block) 	Elapsed: 63.775	Loglikelihood: -3.87466e+08	(delta): 810317
6 (QN/Block) 	Elapsed: 57.561	Loglikelihood: -3.87031e+08	(delta): 434712
7 (QN/Block) 	Elapsed: 62.166	Loglikelihood: -3.86453e+08	(delta): 578500
8 (QN/Block) 	Elapsed: 63.752	Loglikelihood: -3.85538e+08	(delta): 914852
9 (QN/Block) 	Elapsed: 60.655	Loglikelihood: -3.85166e+08	(delta): 371613
10 (QN/Block) 	Elapsed: 53.928	Loglikelihood: -3.8489e+08	(delta): 276447
11 (QN/Block) 	Elapsed: 54.339	Loglikelihood: -3.84808e+08	(delta): 81993.2
12 (QN/Block) 	Elapsed: 54.278	Loglikelihood: -3.84786e+08	(delta): 22117
13 (QN/Block) 	Elapsed: 53.772	Loglikelihood: -3.84778e+08	(delta): 7711.58
14 (QN/Block) 	Elapsed: 54.876	Loglikelihood: -3.84777e+08	(delta): 1484.22
15 (QN/Block) 	Elapsed: 54.674	Loglikelihood: -3.84776e+08	(delta): 140.424
16 (QN/Block) 	Elapsed: 54.566	Loglikelihood: -3.84776e+08	(delta): 17.3267
17 (QN/Block) 	Elapsed: 53.568	Loglikelihood: -3.84776e+08	(delta): 2.51566
18 (QN/Block) 	Elapsed: 54.441	Loglikelihood: -3.84776e+08	(delta): 0.599953
19 (QN/Block) 	Elapsed: 54.068	Loglikelihood: -3.84776e+08	(delta): 0.0906244
20 (QN/Block) 	Elapsed: 54.391	Loglikelihood: -3.84776e+08	(delta): 0.00599796
21 (QN/Block) 	Elapsed: 54.289	Loglikelihood: -3.84776e+08	(delta): 0.000769913
22 (QN/Block) 	Elapsed: 53.406	Loglikelihood: -3.84776e+08	(delta): 7.53999e-05
Summary: 
Converged in 22 iterations (1434.69 sec)
Loglikelihood: -384776379.991773
Fst divergences between estimated populations: 
	Pop0	Pop1	Pop2	
Pop0	
Pop1	0.194	
Pop2	0.132	0.126	
Pop3	0.164	0.106	0.103	
CV error (K=4): 0.32504
Writing output files.
