****                   ADMIXTURE Version 1.3.1                  ****
****                    Copyright 2008-2025                     ****
****           David Alexander, Suyash Shringarpure,            ****
****                John Novembre, Ken Lange                    ****
****                                                            ****
****                 Please cite our paper!                     ****
****   Information at https://dalexander.github.io/admixture/   ****

Cross-validation will be performed.  Folds=5.
Parallel execution requested.  Will use 1 threads.
Random seed: 43
Point estimation method: Block relaxation algorithm
Convergence acceleration algorithm: QuasiNewton, 3 secant conditions
Point estimation will terminate when objective function delta < 0.0001
Estimation of standard errors disabled; will compute point estimates only.
Size of G: 2504x267644
Performing five EM steps to prime main algorithm
1 (EM) 	Elapsed: 78.457	Loglikelihood: -4.58811e+08	(delta): 5.14918e+08
2 (EM) 	Elapsed: 77.916	Loglikelihood: -4.38648e+08	(delta): 2.01632e+07
3 (EM) 	Elapsed: 77.589	Loglikelihood: -4.36053e+08	(delta): 2.59483e+06
4 (EM) 	Elapsed: 78.511	Loglikelihood: -4.34806e+08	(delta): 1.24659e+06
5 (EM) 	Elapsed: 78.518	Loglikelihood: -4.33881e+08	(delta): 925555
Initial loglikelihood: -4.33881e+08
Starting main algorithm
1 (QN/Block) 	Elapsed: 151.17	Loglikelihood: -3.93588e+08	(delta): 4.02928e+07
2 (QN/Block) 	Elapsed: 154.51	Loglikelihood: -3.84897e+08	(delta): 8.69058e+06
3 (QN/Block) 	Elapsed: 164.522	Loglikelihood: -3.81535e+08	(delta): 3.36226e+06
4 (QN/Block) 	Elapsed: 160.041	Loglikelihood: -3.80455e+08	(delta): 1.0795e+06
5 (QN/Block) 	Elapsed: 159.899	Loglikelihood: -3.80186e+08	(delta): 269742
6 (QN/Block) 	Elapsed: 159.698	Loglikelihood: -3.80026e+08	(delta): 160052
7 (QN/Block) 	Elapsed: 160.728	Loglikelihood: -3.79942e+08	(delta): 83892
8 (QN/Block) 	Elapsed: 158.706	Loglikelihood: -3.79887e+08	(delta): 54512.1
9 (QN/Block) 	Elapsed: 160.725	Loglikelihood: -3.79845e+08	(delta): 42093.7
10 (QN/Block) 	Elapsed: 164.902	Loglikelihood: -3.79816e+08	(delta): 29019.8
11 (QN/Block) 	Elapsed: 164.967	Loglikelihood: -3.79797e+08	(delta): 19394.1
12 (QN/Block) 	Elapsed: 163.805	Loglikelihood: -3.79785e+08	(delta): 11783.2
13 (QN/Block) 	Elapsed: 158.739	Loglikelihood: -3.79775e+08	(delta): 9827.92
14 (QN/Block) 	Elapsed: 159.358	Loglikelihood: -3.79768e+08	(delta): 7017.43
15 (QN/Block) 	Elapsed: 159.828	Loglikelihood: -3.79756e+08	(delta): 12480.2
16 (QN/Block) 	Elapsed: 160.195	Loglikelihood: -3.7975e+08	(delta): 5638.53
17 (QN/Block) 	Elapsed: 154.571	Loglikelihood: -3.79741e+08	(delta): 8839.71
18 (QN/Block) 	Elapsed: 153.6	Loglikelihood: -3.79736e+08	(delta): 5017.79
19 (QN/Block) 	Elapsed: 152.062	Loglikelihood: -3.79732e+08	(delta): 4597.5
20 (QN/Block) 	Elapsed: 152.35	Loglikelihood: -3.79728e+08	(delta): 3481.21
21 (QN/Block) 	Elapsed: 151.997	Loglikelihood: -3.79722e+08	(delta): 6522.64
22 (QN/Block) 	Elapsed: 158.915	Loglikelihood: -3.79718e+08	(delta): 3072.11
23 (QN/Block) 	Elapsed: 157.384	Loglikelihood: -3.79715e+08	(delta): 2997.3
24 (QN/Block) 	Elapsed: 154.705	Loglikelihood: -3.79712e+08	(delta): 3610.94
25 (QN/Block) 	Elapsed: 154.948	Loglikelihood: -3.79709e+08	(delta): 2998.53
26 (QN/Block) 	Elapsed: 154.689	Loglikelihood: -3.79705e+08	(delta): 3437.87
27 (QN/Block) 	Elapsed: 154.097	Loglikelihood: -3.79703e+08	(delta): 2738.39
28 (QN/Block) 	Elapsed: 154.741	Loglikelihood: -3.79699e+08	(delta): 3481.43
29 (QN/Block) 	Elapsed: 154.945	Loglikelihood: -3.79696e+08	(delta): 2824.99
30 (QN/Block) 	Elapsed: 154.658	Loglikelihood: -3.79694e+08	(delta): 2284.15
31 (QN/Block) 	Elapsed: 155.246	Loglikelihood: -3.79693e+08	(delta): 1459.62
32 (QN/Block) 	Elapsed: 153.479	Loglikelihood: -3.79691e+08	(delta): 1662.11
33 (QN/Block) 	Elapsed: 168.367	Loglikelihood: -3.79689e+08	(delta): 1501.15
34 (QN/Block) 	Elapsed: 169.194	Loglikelihood: -3.79688e+08	(delta): 1609.64
35 (QN/Block) 	Elapsed: 169.011	Loglikelihood: -3.79686e+08	(delta): 2042.54
36 (QN/Block) 	Elapsed: 168.476	Loglikelihood: -3.79683e+08	(delta): 2531.79
37 (QN/Block) 	Elapsed: 169.784	Loglikelihood: -3.79681e+08	(delta): 2488.16
38 (QN/Block) 	Elapsed: 160.973	Loglikelihood: -3.79678e+08	(delta): 2695.96
39 (QN/Block) 	Elapsed: 169.685	Loglikelihood: -3.79672e+08	(delta): 6492.59
40 (QN/Block) 	Elapsed: 169.924	Loglikelihood: -3.79666e+08	(delta): 5277.39
41 (QN/Block) 	Elapsed: 170.185	Loglikelihood: -3.79662e+08	(delta): 4442.61
42 (QN/Block) 	Elapsed: 169.84	Loglikelihood: -3.7966e+08	(delta): 2196.07
43 (QN/Block) 	Elapsed: 155.171	Loglikelihood: -3.79657e+08	(delta): 2929.69
44 (QN/Block) 	Elapsed: 155.894	Loglikelihood: -3.79654e+08	(delta): 2258.75
45 (QN/Block) 	Elapsed: 155.43	Loglikelihood: -3.79653e+08	(delta): 1567
46 (QN/Block) 	Elapsed: 156.18	Loglikelihood: -3.79652e+08	(delta): 1359.43
47 (QN/Block) 	Elapsed: 154.751	Loglikelihood: -3.7965e+08	(delta): 1270.79
48 (QN/Block) 	Elapsed: 156.422	Loglikelihood: -3.79649e+08	(delta): 1151.88
49 (QN/Block) 	Elapsed: 154.402	Loglikelihood: -3.79648e+08	(delta): 930.364
50 (QN/Block) 	Elapsed: 155.473	Loglikelihood: -3.79648e+08	(delta): 517.551
51 (QN/Block) 	Elapsed: 154.787	Loglikelihood: -3.79647e+08	(delta): 457.346
52 (QN/Block) 	Elapsed: 154.32	Loglikelihood: -3.79647e+08	(delta): 456.064
53 (QN/Block) 	Elapsed: 169.3	Loglikelihood: -3.79647e+08	(delta): 233.296
54 (QN/Block) 	Elapsed: 159.702	Loglikelihood: -3.79646e+08	(delta): 442.263
55 (QN/Block) 	Elapsed: 163.213	Loglikelihood: -3.79646e+08	(delta): 336.106
56 (QN/Block) 	Elapsed: 162.932	Loglikelihood: -3.79646e+08	(delta): 180.585
57 (QN/Block) 	Elapsed: 149.573	Loglikelihood: -3.79645e+08	(delta): 201.243
58 (QN/Block) 	Elapsed: 144.806	Loglikelihood: -3.79645e+08	(delta): 265.655
59 (QN/Block) 	Elapsed: 139.313	Loglikelihood: -3.79645e+08	(delta): 190.876
60 (QN/Block) 	Elapsed: 143.006	Loglikelihood: -3.79645e+08	(delta): 189.886
61 (QN/Block) 	Elapsed: 138.855	Loglikelihood: -3.79645e+08	(delta): 240.071
62 (QN/Block) 	Elapsed: 138.712	Loglikelihood: -3.79644e+08	(delta): 125.666
63 (QN/Block) 	Elapsed: 138.699	Loglikelihood: -3.79644e+08	(delta): 262.839
64 (QN/Block) 	Elapsed: 142.762	Loglikelihood: -3.79644e+08	(delta): 80.3745
65 (QN/Block) 	Elapsed: 138.735	Loglikelihood: -3.79644e+08	(delta): 69.7814
66 (QN/Block) 	Elapsed: 138.734	Loglikelihood: -3.79644e+08	(delta): 68.5645
67 (QN/Block) 	Elapsed: 138.82	Loglikelihood: -3.79644e+08	(delta): 61.3912
68 (QN/Block) 	Elapsed: 142.974	Loglikelihood: -3.79644e+08	(delta): 25.0747
69 (QN/Block) 	Elapsed: 138.975	Loglikelihood: -3.79644e+08	(delta): 21.9311
70 (QN/Block) 	Elapsed: 139.044	Loglikelihood: -3.79644e+08	(delta): 14.8277
71 (QN/Block) 	Elapsed: 138.982	Loglikelihood: -3.79644e+08	(delta): 21.2437
72 (QN/Block) 	Elapsed: 151.26	Loglikelihood: -3.79644e+08	(delta): 5.44438
73 (QN/Block) 	Elapsed: 143.092	Loglikelihood: -3.79644e+08	(delta): 3.3051
74 (QN/Block) 	Elapsed: 139.01	Loglikelihood: -3.79644e+08	(delta): 7.08091
75 (QN/Block) 	Elapsed: 139.166	Loglikelihood: -3.79644e+08	(delta): 4.80549
76 (QN/Block) 	Elapsed: 138.967	Loglikelihood: -3.79644e+08	(delta): 3.61618
77 (QN/Block) 	Elapsed: 139.018	Loglikelihood: -3.79644e+08	(delta): 0.912063
78 (QN/Block) 	Elapsed: 139.009	Loglikelihood: -3.79644e+08	(delta): 0.836421
79 (QN/Block) 	Elapsed: 139.136	Loglikelihood: -3.79644e+08	(delta): 0.506978
80 (QN/Block) 	Elapsed: 139.33	Loglikelihood: -3.79644e+08	(delta): 0.391479
81 (QN/Block) 	Elapsed: 151.598	Loglikelihood: -3.79644e+08	(delta): 0.125655
82 (QN/Block) 	Elapsed: 151.512	Loglikelihood: -3.79644e+08	(delta): 0.101748
83 (QN/Block) 	Elapsed: 142.984	Loglikelihood: -3.79644e+08	(delta): 0.0918543
84 (QN/Block) 	Elapsed: 138.811	Loglikelihood: -3.79644e+08	(delta): 0.18711
85 (QN/Block) 	Elapsed: 138.59	Loglikelihood: -3.79644e+08	(delta): 0.0903407
86 (QN/Block) 	Elapsed: 150.911	Loglikelihood: -3.79644e+08	(delta): 0.0301667
87 (QN/Block) 	Elapsed: 138.59	Loglikelihood: -3.79644e+08	(delta): 0.00196254
88 (QN/Block) 	Elapsed: 138.694	Loglikelihood: -3.79644e+08	(delta): 0.00102782
89 (QN/Block) 	Elapsed: 138.83	Loglikelihood: -3.79644e+08	(delta): 0.000931799
90 (QN/Block) 	Elapsed: 139.044	Loglikelihood: -3.79644e+08	(delta): 0.000466526
91 (QN/Block) 	Elapsed: 139.167	Loglikelihood: -3.79644e+08	(delta): 0.000253439
92 (QN/Block) 	Elapsed: 139.247	Loglikelihood: -3.79644e+08	(delta): 8.37445e-05
Summary: 
Converged in 92 iterations (14853.1 sec)
Loglikelihood: -379643725.468295
Fst divergences between estimated populations: 
	Pop0	Pop1	Pop2	Pop3	Pop4	Pop5	Pop6	Pop7	Pop8	
Pop0	
Pop1	0.129	
Pop2	0.178	0.151	
Pop3	0.181	0.155	0.025	
Pop4	0.127	0.158	0.207	0.209	
Pop5	0.094	0.098	0.152	0.156	0.143	
Pop6	0.136	0.067	0.176	0.177	0.157	0.107	
Pop7	0.147	0.080	0.167	0.170	0.166	0.116	0.078	
Pop8	0.141	0.046	0.156	0.160	0.155	0.097	0.078	0.083	
Pop9	0.045	0.127	0.179	0.181	0.112	0.099	0.134	0.150	0.135	
CV error (K=10): 0.31927
Writing output files.
