****                   ADMIXTURE Version 1.3.1                  ****
****                    Copyright 2008-2025                     ****
****           David Alexander, Suyash Shringarpure,            ****
****                John Novembre, Ken Lange                    ****
****                                                            ****
****                 Please cite our paper!                     ****
****   Information at https://dalexander.github.io/admixture/   ****

Cross-validation will be performed.  Folds=5.
Parallel execution requested.  Will use 1 threads.
Random seed: 43
Point estimation method: Block relaxation algorithm
Convergence acceleration algorithm: QuasiNewton, 3 secant conditions
Point estimation will terminate when objective function delta < 0.0001
Estimation of standard errors disabled; will compute point estimates only.
Size of G: 2504x267644
Performing five EM steps to prime main algorithm
1 (EM) 	Elapsed: 17.225	Loglikelihood: -4.5721e+08	(delta): 6.21125e+08
2 (EM) 	Elapsed: 16.775	Loglikelihood: -4.39413e+08	(delta): 1.77966e+07
3 (EM) 	Elapsed: 17.405	Loglikelihood: -4.3553e+08	(delta): 3.88339e+06
4 (EM) 	Elapsed: 17.257	Loglikelihood: -4.33399e+08	(delta): 2.13065e+06
5 (EM) 	Elapsed: 17.785	Loglikelihood: -4.32032e+08	(delta): 1.36665e+06
Initial loglikelihood: -4.32032e+08
Starting main algorithm
1 (QN/Block) 	Elapsed: 38.292	Loglikelihood: -4.13061e+08	(delta): 1.89716e+07
2 (QN/Block) 	Elapsed: 35.902	Loglikelihood: -4.02513e+08	(delta): 1.05481e+07
3 (QN/Block) 	Elapsed: 40.057	Loglikelihood: -3.95322e+08	(delta): 7.19079e+06
4 (QN/Block) 	Elapsed: 45.009	Loglikelihood: -3.89451e+08	(delta): 5.87137e+06
5 (QN/Block) 	Elapsed: 39.011	Loglikelihood: -3.87991e+08	(delta): 1.45992e+06
6 (QN/Block) 	Elapsed: 46.32	Loglikelihood: -3.87339e+08	(delta): 651427
7 (QN/Block) 	Elapsed: 44.314	Loglikelihood: -3.87233e+08	(delta): 106416
8 (QN/Block) 	Elapsed: 41.443	Loglikelihood: -3.8721e+08	(delta): 23005.8
9 (QN/Block) 	Elapsed: 39.203	Loglikelihood: -3.87204e+08	(delta): 5372.94
10 (QN/Block) 	Elapsed: 39.055	Loglikelihood: -3.87203e+08	(delta): 1004.21
11 (QN/Block) 	Elapsed: 44.361	Loglikelihood: -3.87203e+08	(delta): 175.375
12 (QN/Block) 	Elapsed: 38.67	Loglikelihood: -3.87203e+08	(delta): 41.9177
13 (QN/Block) 	Elapsed: 47.427	Loglikelihood: -3.87203e+08	(delta): 11.0388
14 (QN/Block) 	Elapsed: 47.574	Loglikelihood: -3.87203e+08	(delta): 0.453403
15 (QN/Block) 	Elapsed: 39.093	Loglikelihood: -3.87203e+08	(delta): 0.0258027
16 (QN/Block) 	Elapsed: 38.971	Loglikelihood: -3.87203e+08	(delta): 0.00813878
17 (QN/Block) 	Elapsed: 39.387	Loglikelihood: -3.87203e+08	(delta): 0.00141883
18 (QN/Block) 	Elapsed: 39.22	Loglikelihood: -3.87203e+08	(delta): 0.000130892
19 (QN/Block) 	Elapsed: 39.461	Loglikelihood: -3.87203e+08	(delta): 1.01924e-05
Summary: 
Converged in 19 iterations (938.668 sec)
Loglikelihood: -387203136.470547
Fst divergences between estimated populations: 
	Pop0	Pop1	
Pop0	
Pop1	0.098	
Pop2	0.131	0.163	
CV error (K=3): 0.32833
Writing output files.
