Running ADMIXTURE for K=2
Running ADMIXTURE for K=3
Running ADMIXTURE for K=5
Running ADMIXTURE for K=4
****                   ADMIXTURE Version 1.3.1                  ****
****                    Copyright 2008-2025                     ****
****           David Alexander, Suyash Shringarpure,            ****
****                John Novembre, Ken Lange                    ****
****                                                            ****
****                 Please cite our paper!                     ****
****   Information at https://dalexander.github.io/admixture/   ****

****                   ADMIXTURE Version 1.3.1                  ****
****                    Copyright 2008-2025                     ****
****           David Alexander, Suyash Shringarpure,            ****
****                John Novembre, Ken Lange                    ****
****                                                            ****
****                 Please cite our paper!                     ****
****   Information at https://dalexander.github.io/admixture/   ****

****                   ADMIXTURE Version 1.3.1                  ****
****                    Copyright 2008-2025                     ****
****           David Alexander, Suyash Shringarpure,            ****
****                John Novembre, Ken Lange                    ****
****                                                            ****
****                 Please cite our paper!                     ****
****   Information at https://dalexander.github.io/admixture/   ****

****                   ADMIXTURE Version 1.3.1                  ****
****                    Copyright 2008-2025                     ****
****           David Alexander, Suyash Shringarpure,            ****
****                John Novembre, Ken Lange                    ****
****                                                            ****
****                 Please cite our paper!                     ****
****   Information at https://dalexander.github.io/admixture/   ****

Cross-validation will be performed.  Folds=5.
Parallel execution requested.  Will use 1 threads.
Cross-validation will be performed.  Folds=5.
Parallel execution requested.  Will use 1 threads.
Cross-validation will be performed.  Folds=5.
Parallel execution requested.  Will use 1 threads.
Random seed: 43
Point estimation method: Block relaxation algorithm
Convergence acceleration algorithm: QuasiNewton, 3 secant conditions
Cross-validation will be performed.  Folds=5.
Parallel execution requested.  Will use 1 threads.
Random seed: 43
Point estimation method: Block relaxation algorithm
Convergence acceleration algorithm: QuasiNewton, 3 secant conditions
Random seed: 43
Point estimation method: Block relaxation algorithm
Convergence acceleration algorithm: QuasiNewton, 3 secant conditions
Random seed: 43
Point estimation method: Block relaxation algorithm
Convergence acceleration algorithm: QuasiNewton, 3 secant conditions
Point estimation will terminate when objective function delta < 0.0001
Estimation of standard errors disabled; will compute point estimates only.
Point estimation will terminate when objective function delta < 0.0001
Estimation of standard errors disabled; will compute point estimates only.
Point estimation will terminate when objective function delta < 0.0001
Estimation of standard errors disabled; will compute point estimates only.
Point estimation will terminate when objective function delta < 0.0001
Estimation of standard errors disabled; will compute point estimates only.
Size of G: 2504x32319
Size of G: 2504x32319
Performing five EM steps to prime main algorithm
Performing five EM steps to prime main algorithm
Size of G: 2504x32319
Performing five EM steps to prime main algorithm
Size of G: 2504x32319
Performing five EM steps to prime main algorithm
1 (EM) 	Elapsed: 1.269	Loglikelihood: -3.5455e+07	(delta): 1.03236e+08
1 (EM) 	Elapsed: 1.857	Loglikelihood: -3.62953e+07	(delta): 9.39027e+07
1 (EM) 	Elapsed: 2.564	Loglikelihood: -3.66226e+07	(delta): 8.92922e+07
2 (EM) 	Elapsed: 1.175	Loglikelihood: -3.42415e+07	(delta): 1.21352e+06
1 (EM) 	Elapsed: 3.412	Loglikelihood: -3.67578e+07	(delta): 8.65852e+07
2 (EM) 	Elapsed: 1.728	Loglikelihood: -3.44963e+07	(delta): 1.79899e+06
3 (EM) 	Elapsed: 1.202	Loglikelihood: -3.40007e+07	(delta): 240737
2 (EM) 	Elapsed: 2.417	Loglikelihood: -3.45781e+07	(delta): 2.04447e+06
4 (EM) 	Elapsed: 1.172	Loglikelihood: -3.38813e+07	(delta): 119422
3 (EM) 	Elapsed: 1.756	Loglikelihood: -3.4209e+07	(delta): 287332
5 (EM) 	Elapsed: 1.194	Loglikelihood: -3.38213e+07	(delta): 59980.2
2 (EM) 	Elapsed: 3.373	Loglikelihood: -3.45845e+07	(delta): 2.17323e+06
Initial loglikelihood: -3.38213e+07
Starting main algorithm
4 (EM) 	Elapsed: 1.791	Loglikelihood: -3.40461e+07	(delta): 162858
3 (EM) 	Elapsed: 2.494	Loglikelihood: -3.42872e+07	(delta): 290883
5 (EM) 	Elapsed: 1.759	Loglikelihood: -3.39397e+07	(delta): 106389
1 (QN/Block) 	Elapsed: 2.408	Loglikelihood: -3.30053e+07	(delta): 816057
Initial loglikelihood: -3.39397e+07
Starting main algorithm
3 (EM) 	Elapsed: 3.29	Loglikelihood: -3.4305e+07	(delta): 279553
4 (EM) 	Elapsed: 2.446	Loglikelihood: -3.41282e+07	(delta): 159065
2 (QN/Block) 	Elapsed: 2.409	Loglikelihood: -3.24363e+07	(delta): 568934
5 (EM) 	Elapsed: 2.43	Loglikelihood: -3.40157e+07	(delta): 112505
Initial loglikelihood: -3.40157e+07
Starting main algorithm
4 (EM) 	Elapsed: 3.342	Loglikelihood: -3.416e+07	(delta): 144935
1 (QN/Block) 	Elapsed: 3.711	Loglikelihood: -3.16786e+07	(delta): 2.26116e+06
3 (QN/Block) 	Elapsed: 2.907	Loglikelihood: -3.21876e+07	(delta): 248716
5 (EM) 	Elapsed: 3.396	Loglikelihood: -3.4056e+07	(delta): 103998
Initial loglikelihood: -3.4056e+07
Starting main algorithm
2 (QN/Block) 	Elapsed: 3.78	Loglikelihood: -3.08692e+07	(delta): 809401
4 (QN/Block) 	Elapsed: 3.638	Loglikelihood: -3.16956e+07	(delta): 492004
1 (QN/Block) 	Elapsed: 5.643	Loglikelihood: -3.12059e+07	(delta): 2.80975e+06
3 (QN/Block) 	Elapsed: 4.234	Loglikelihood: -3.05111e+07	(delta): 358082
5 (QN/Block) 	Elapsed: 3.129	Loglikelihood: -3.12328e+07	(delta): 462786
2 (QN/Block) 	Elapsed: 5.552	Loglikelihood: -3.06031e+07	(delta): 602822
6 (QN/Block) 	Elapsed: 3.192	Loglikelihood: -3.11523e+07	(delta): 80549.3
1 (QN/Block) 	Elapsed: 7.58	Loglikelihood: -3.10462e+07	(delta): 3.00982e+06
4 (QN/Block) 	Elapsed: 4.649	Loglikelihood: -3.0249e+07	(delta): 262140
7 (QN/Block) 	Elapsed: 2.961	Loglikelihood: -3.1115e+07	(delta): 37305.5
3 (QN/Block) 	Elapsed: 6.297	Loglikelihood: -3.02866e+07	(delta): 316478
8 (QN/Block) 	Elapsed: 3.003	Loglikelihood: -3.11071e+07	(delta): 7896.34
5 (QN/Block) 	Elapsed: 5.261	Loglikelihood: -3.0196e+07	(delta): 52938.8
2 (QN/Block) 	Elapsed: 7.742	Loglikelihood: -3.03359e+07	(delta): 710282
9 (QN/Block) 	Elapsed: 2.936	Loglikelihood: -3.11065e+07	(delta): 598.784
6 (QN/Block) 	Elapsed: 4.37	Loglikelihood: -3.01893e+07	(delta): 6692.48
4 (QN/Block) 	Elapsed: 6.405	Loglikelihood: -3.00365e+07	(delta): 250094
10 (QN/Block) 	Elapsed: 2.927	Loglikelihood: -3.11064e+07	(delta): 54.5209
11 (QN/Block) 	Elapsed: 3.021	Loglikelihood: -3.11064e+07	(delta): 2.40578
7 (QN/Block) 	Elapsed: 4.683	Loglikelihood: -3.01882e+07	(delta): 1138.99
3 (QN/Block) 	Elapsed: 8.5	Loglikelihood: -3.00921e+07	(delta): 243816
12 (QN/Block) 	Elapsed: 3.019	Loglikelihood: -3.11064e+07	(delta): 0.460948
5 (QN/Block) 	Elapsed: 6.615	Loglikelihood: -2.99721e+07	(delta): 64382.6
8 (QN/Block) 	Elapsed: 4.37	Loglikelihood: -3.01881e+07	(delta): 95.1369
13 (QN/Block) 	Elapsed: 2.897	Loglikelihood: -3.11064e+07	(delta): 0.106287
14 (QN/Block) 	Elapsed: 2.899	Loglikelihood: -3.11064e+07	(delta): 0.0292575
9 (QN/Block) 	Elapsed: 4.777	Loglikelihood: -3.01881e+07	(delta): 16.4494
6 (QN/Block) 	Elapsed: 6.43	Loglikelihood: -2.99229e+07	(delta): 49240.6
4 (QN/Block) 	Elapsed: 9.545	Loglikelihood: -2.99708e+07	(delta): 121290
15 (QN/Block) 	Elapsed: 3.177	Loglikelihood: -3.11064e+07	(delta): 0.0134091
10 (QN/Block) 	Elapsed: 4.592	Loglikelihood: -3.01881e+07	(delta): 0.483223
16 (QN/Block) 	Elapsed: 3.782	Loglikelihood: -3.11064e+07	(delta): 0.00190487
7 (QN/Block) 	Elapsed: 6.898	Loglikelihood: -2.98986e+07	(delta): 24336.4
11 (QN/Block) 	Elapsed: 4.395	Loglikelihood: -3.01881e+07	(delta): 0.0552239
17 (QN/Block) 	Elapsed: 2.918	Loglikelihood: -3.11064e+07	(delta): 0.00327301
5 (QN/Block) 	Elapsed: 9.649	Loglikelihood: -2.99198e+07	(delta): 51072.9
18 (QN/Block) 	Elapsed: 3.106	Loglikelihood: -3.11064e+07	(delta): 0.000418819
8 (QN/Block) 	Elapsed: 6.689	Loglikelihood: -2.98908e+07	(delta): 7790.75
12 (QN/Block) 	Elapsed: 4.528	Loglikelihood: -3.01881e+07	(delta): 0.0180736
19 (QN/Block) 	Elapsed: 2.929	Loglikelihood: -3.11064e+07	(delta): 9.83477e-05
Summary: 
Converged in 19 iterations (70.391 sec)
Loglikelihood: -31106406.252592
Fst divergences between estimated populations: 
	Pop0	
Pop0	
Pop1	0.116	
13 (QN/Block) 	Elapsed: 4.353	Loglikelihood: -3.01881e+07	(delta): 0.0114689
6 (QN/Block) 	Elapsed: 8.86	Loglikelihood: -2.98661e+07	(delta): 53627.4
9 (QN/Block) 	Elapsed: 6.705	Loglikelihood: -2.98883e+07	(delta): 2455.64
14 (QN/Block) 	Elapsed: 4.537	Loglikelihood: -3.01881e+07	(delta): 0.00407252
10 (QN/Block) 	Elapsed: 6.643	Loglikelihood: -2.9888e+07	(delta): 322.546
15 (QN/Block) 	Elapsed: 4.361	Loglikelihood: -3.01881e+07	(delta): 0.00245023
7 (QN/Block) 	Elapsed: 9.01	Loglikelihood: -2.97377e+07	(delta): 128419
16 (QN/Block) 	Elapsed: 4.36	Loglikelihood: -3.01881e+07	(delta): 0.00205538
11 (QN/Block) 	Elapsed: 6.555	Loglikelihood: -2.9888e+07	(delta): 12.8884
17 (QN/Block) 	Elapsed: 4.416	Loglikelihood: -3.01881e+07	(delta): 0.00141905
8 (QN/Block) 	Elapsed: 9.594	Loglikelihood: -2.96745e+07	(delta): 63252.1
12 (QN/Block) 	Elapsed: 6.388	Loglikelihood: -2.9888e+07	(delta): 1.0161
18 (QN/Block) 	Elapsed: 4.454	Loglikelihood: -3.01881e+07	(delta): 0.000640538
19 (QN/Block) 	Elapsed: 4.473	Loglikelihood: -3.01881e+07	(delta): 0.000124201
9 (QN/Block) 	Elapsed: 8.578	Loglikelihood: -2.96534e+07	(delta): 21066.3
13 (QN/Block) 	Elapsed: 7.114	Loglikelihood: -2.9888e+07	(delta): 0.118019
20 (QN/Block) 	Elapsed: 4.561	Loglikelihood: -3.01881e+07	(delta): 1.52513e-05
Summary: 
Converged in 20 iterations (105.965 sec)
Loglikelihood: -30188069.108073
Fst divergences between estimated populations: 
	Pop0	Pop1	
Pop0	
Pop1	0.078	
Pop2	0.118	0.145	
14 (QN/Block) 	Elapsed: 6.388	Loglikelihood: -2.9888e+07	(delta): 0.0324227
10 (QN/Block) 	Elapsed: 8.636	Loglikelihood: -2.96507e+07	(delta): 2728.7
CV error (K=2): 0.22724
Writing output files.
Running ADMIXTURE for K=6
****                   ADMIXTURE Version 1.3.1                  ****
****                    Copyright 2008-2025                     ****
****           David Alexander, Suyash Shringarpure,            ****
****                John Novembre, Ken Lange                    ****
****                                                            ****
****                 Please cite our paper!                     ****
****   Information at https://dalexander.github.io/admixture/   ****

Cross-validation will be performed.  Folds=5.
Parallel execution requested.  Will use 1 threads.
Random seed: 43
Point estimation method: Block relaxation algorithm
Convergence acceleration algorithm: QuasiNewton, 3 secant conditions
Point estimation will terminate when objective function delta < 0.0001
Estimation of standard errors disabled; will compute point estimates only.
Size of G: 2504x32319
Performing five EM steps to prime main algorithm
15 (QN/Block) 	Elapsed: 6.413	Loglikelihood: -2.9888e+07	(delta): 0.00454096
11 (QN/Block) 	Elapsed: 8.561	Loglikelihood: -2.96499e+07	(delta): 780.602
1 (EM) 	Elapsed: 4.234	Loglikelihood: -3.68173e+07	(delta): 8.48026e+07
16 (QN/Block) 	Elapsed: 6.331	Loglikelihood: -2.9888e+07	(delta): 0.000337657
2 (EM) 	Elapsed: 4.253	Loglikelihood: -3.45744e+07	(delta): 2.24289e+06
12 (QN/Block) 	Elapsed: 8.538	Loglikelihood: -2.96497e+07	(delta): 167.959
3 (EM) 	Elapsed: 4.282	Loglikelihood: -3.43019e+07	(delta): 272575
17 (QN/Block) 	Elapsed: 6.467	Loglikelihood: -2.9888e+07	(delta): 1.91666e-05
Summary: 
Converged in 17 iterations (130.016 sec)
Loglikelihood: -29887974.881630
Fst divergences between estimated populations: 
	Pop0	Pop1	Pop2	
Pop0	
Pop1	0.120	
Pop2	0.124	0.039	
Pop3	0.146	0.060	0.085	
4 (EM) 	Elapsed: 4.309	Loglikelihood: -3.4166e+07	(delta): 135865
13 (QN/Block) 	Elapsed: 9.768	Loglikelihood: -2.96497e+07	(delta): 9.35427
5 (EM) 	Elapsed: 4.371	Loglikelihood: -3.40679e+07	(delta): 98056
Initial loglikelihood: -3.40679e+07
Starting main algorithm
14 (QN/Block) 	Elapsed: 8.424	Loglikelihood: -2.96497e+07	(delta): 1.33072
1 (QN/Block) 	Elapsed: 9.461	Loglikelihood: -3.09278e+07	(delta): 3.14014e+06
15 (QN/Block) 	Elapsed: 8.525	Loglikelihood: -2.96497e+07	(delta): 0.0704216
2 (QN/Block) 	Elapsed: 9.425	Loglikelihood: -3.02731e+07	(delta): 654725
16 (QN/Block) 	Elapsed: 8.516	Loglikelihood: -2.96497e+07	(delta): 0.0164512
CV error (K=3): 0.21620
Writing output files.
Running ADMIXTURE for K=7
****                   ADMIXTURE Version 1.3.1                  ****
****                    Copyright 2008-2025                     ****
****           David Alexander, Suyash Shringarpure,            ****
****                John Novembre, Ken Lange                    ****
****                                                            ****
****                 Please cite our paper!                     ****
****   Information at https://dalexander.github.io/admixture/   ****

Cross-validation will be performed.  Folds=5.
Parallel execution requested.  Will use 1 threads.
Random seed: 43
Point estimation method: Block relaxation algorithm
Convergence acceleration algorithm: QuasiNewton, 3 secant conditions
Point estimation will terminate when objective function delta < 0.0001
Estimation of standard errors disabled; will compute point estimates only.
Size of G: 2504x32319
Performing five EM steps to prime main algorithm
3 (QN/Block) 	Elapsed: 10.31	Loglikelihood: -3.00027e+07	(delta): 270399
1 (EM) 	Elapsed: 5.192	Loglikelihood: -3.6862e+07	(delta): 8.35099e+07
17 (QN/Block) 	Elapsed: 8.482	Loglikelihood: -2.96497e+07	(delta): 0.0121119
2 (EM) 	Elapsed: 5.294	Loglikelihood: -3.45712e+07	(delta): 2.29081e+06
4 (QN/Block) 	Elapsed: 10.841	Loglikelihood: -2.98854e+07	(delta): 117323
18 (QN/Block) 	Elapsed: 8.636	Loglikelihood: -2.96497e+07	(delta): 0.00782908
3 (EM) 	Elapsed: 5.275	Loglikelihood: -3.43032e+07	(delta): 267984
4 (EM) 	Elapsed: 5.214	Loglikelihood: -3.41768e+07	(delta): 126437
19 (QN/Block) 	Elapsed: 8.553	Loglikelihood: -2.96497e+07	(delta): 0.00389085
5 (QN/Block) 	Elapsed: 10.579	Loglikelihood: -2.98628e+07	(delta): 22520
5 (EM) 	Elapsed: 5.401	Loglikelihood: -3.40858e+07	(delta): 90966.2
Initial loglikelihood: -3.40858e+07
Starting main algorithm
20 (QN/Block) 	Elapsed: 9.521	Loglikelihood: -2.96497e+07	(delta): 0.00183294
6 (QN/Block) 	Elapsed: 10.406	Loglikelihood: -2.9855e+07	(delta): 7880.74
1 (QN/Block) 	Elapsed: 11.38	Loglikelihood: -3.07591e+07	(delta): 3.32672e+06
21 (QN/Block) 	Elapsed: 9.537	Loglikelihood: -2.96497e+07	(delta): 0.00102345
7 (QN/Block) 	Elapsed: 10.601	Loglikelihood: -2.98536e+07	(delta): 1316.45
CV error (K=4): 0.21287
Writing output files.
Running ADMIXTURE for K=8
****                   ADMIXTURE Version 1.3.1                  ****
****                    Copyright 2008-2025                     ****
****           David Alexander, Suyash Shringarpure,            ****
****                John Novembre, Ken Lange                    ****
****                                                            ****
****                 Please cite our paper!                     ****
****   Information at https://dalexander.github.io/admixture/   ****

Cross-validation will be performed.  Folds=5.
Parallel execution requested.  Will use 1 threads.
Random seed: 43
Point estimation method: Block relaxation algorithm
Convergence acceleration algorithm: QuasiNewton, 3 secant conditions
Point estimation will terminate when objective function delta < 0.0001
Estimation of standard errors disabled; will compute point estimates only.
Size of G: 2504x32319
Performing five EM steps to prime main algorithm
2 (QN/Block) 	Elapsed: 11.279	Loglikelihood: -2.9966e+07	(delta): 793033
22 (QN/Block) 	Elapsed: 9.631	Loglikelihood: -2.96497e+07	(delta): 0.000784665
1 (EM) 	Elapsed: 6.303	Loglikelihood: -3.68819e+07	(delta): 8.23475e+07
8 (QN/Block) 	Elapsed: 10.723	Loglikelihood: -2.98533e+07	(delta): 349.161
2 (EM) 	Elapsed: 6.289	Loglikelihood: -3.45403e+07	(delta): 2.34161e+06
23 (QN/Block) 	Elapsed: 9.521	Loglikelihood: -2.96497e+07	(delta): 9.09641e-05
Summary: 
Converged in 23 iterations (231.866 sec)
Loglikelihood: -29649703.613728
Fst divergences between estimated populations: 
	Pop0	Pop1	Pop2	Pop3	
Pop0	
Pop1	0.109	
Pop2	0.038	0.101	
Pop3	0.124	0.173	0.120	
Pop4	0.086	0.093	0.062	0.147	
3 (QN/Block) 	Elapsed: 12.538	Loglikelihood: -2.97441e+07	(delta): 221943
9 (QN/Block) 	Elapsed: 10.751	Loglikelihood: -2.98531e+07	(delta): 169.087
3 (EM) 	Elapsed: 6.247	Loglikelihood: -3.42834e+07	(delta): 256856
4 (EM) 	Elapsed: 6.216	Loglikelihood: -3.41648e+07	(delta): 118598
4 (QN/Block) 	Elapsed: 12.764	Loglikelihood: -2.96338e+07	(delta): 110304
10 (QN/Block) 	Elapsed: 10.776	Loglikelihood: -2.9853e+07	(delta): 121.957
5 (EM) 	Elapsed: 6.514	Loglikelihood: -3.40793e+07	(delta): 85497.9
Initial loglikelihood: -3.40793e+07
Starting main algorithm
11 (QN/Block) 	Elapsed: 10.2	Loglikelihood: -2.98529e+07	(delta): 80.3088
5 (QN/Block) 	Elapsed: 13.033	Loglikelihood: -2.95985e+07	(delta): 35292
1 (QN/Block) 	Elapsed: 13.544	Loglikelihood: -3.07499e+07	(delta): 3.32939e+06
12 (QN/Block) 	Elapsed: 10.136	Loglikelihood: -2.98529e+07	(delta): 45.9553
6 (QN/Block) 	Elapsed: 12.154	Loglikelihood: -2.95906e+07	(delta): 7871.64
13 (QN/Block) 	Elapsed: 10.061	Loglikelihood: -2.98529e+07	(delta): 14.2763
2 (QN/Block) 	Elapsed: 13.298	Loglikelihood: -3.00071e+07	(delta): 742859
7 (QN/Block) 	Elapsed: 12.422	Loglikelihood: -2.95872e+07	(delta): 3474.61
14 (QN/Block) 	Elapsed: 10.029	Loglikelihood: -2.98529e+07	(delta): 3.39902
3 (QN/Block) 	Elapsed: 14.242	Loglikelihood: -2.97222e+07	(delta): 284864
8 (QN/Block) 	Elapsed: 12.525	Loglikelihood: -2.95857e+07	(delta): 1414.39
15 (QN/Block) 	Elapsed: 10.138	Loglikelihood: -2.98529e+07	(delta): 1.03616
4 (QN/Block) 	Elapsed: 14.551	Loglikelihood: -2.96013e+07	(delta): 120866
16 (QN/Block) 	Elapsed: 10.33	Loglikelihood: -2.98529e+07	(delta): 0.467847
9 (QN/Block) 	Elapsed: 12.322	Loglikelihood: -2.9584e+07	(delta): 1699.94
17 (QN/Block) 	Elapsed: 10.065	Loglikelihood: -2.98529e+07	(delta): 0.448092
10 (QN/Block) 	Elapsed: 12.131	Loglikelihood: -2.9583e+07	(delta): 1027.91
5 (QN/Block) 	Elapsed: 15.958	Loglikelihood: -2.95647e+07	(delta): 36678.5
18 (QN/Block) 	Elapsed: 11.449	Loglikelihood: -2.98529e+07	(delta): 0.130986
11 (QN/Block) 	Elapsed: 12.379	Loglikelihood: -2.95819e+07	(delta): 1108.03
6 (QN/Block) 	Elapsed: 14.423	Loglikelihood: -2.95564e+07	(delta): 8307.62
CV error (K=5): 0.21026
Writing output files.
Running ADMIXTURE for K=9
****                   ADMIXTURE Version 1.3.1                  ****
****                    Copyright 2008-2025                     ****
****           David Alexander, Suyash Shringarpure,            ****
****                John Novembre, Ken Lange                    ****
****                                                            ****
****                 Please cite our paper!                     ****
****   Information at https://dalexander.github.io/admixture/   ****

Cross-validation will be performed.  Folds=5.
Parallel execution requested.  Will use 1 threads.
Random seed: 43
Point estimation method: Block relaxation algorithm
Convergence acceleration algorithm: QuasiNewton, 3 secant conditions
Point estimation will terminate when objective function delta < 0.0001
Estimation of standard errors disabled; will compute point estimates only.
Size of G: 2504x32319
Performing five EM steps to prime main algorithm
19 (QN/Block) 	Elapsed: 11.308	Loglikelihood: -2.98529e+07	(delta): 0.08665
12 (QN/Block) 	Elapsed: 13.568	Loglikelihood: -2.9581e+07	(delta): 868.859
1 (EM) 	Elapsed: 7.623	Loglikelihood: -3.6874e+07	(delta): 8.15423e+07
7 (QN/Block) 	Elapsed: 15.119	Loglikelihood: -2.95509e+07	(delta): 5483
20 (QN/Block) 	Elapsed: 11.62	Loglikelihood: -2.98529e+07	(delta): 0.0061272
2 (EM) 	Elapsed: 7.675	Loglikelihood: -3.45104e+07	(delta): 2.36352e+06
13 (QN/Block) 	Elapsed: 13.722	Loglikelihood: -2.95787e+07	(delta): 2295.03
21 (QN/Block) 	Elapsed: 10.374	Loglikelihood: -2.98529e+07	(delta): 0.0107314
3 (EM) 	Elapsed: 7.614	Loglikelihood: -3.42649e+07	(delta): 245482
8 (QN/Block) 	Elapsed: 15.517	Loglikelihood: -2.95461e+07	(delta): 4808.5
4 (EM) 	Elapsed: 7.602	Loglikelihood: -3.4154e+07	(delta): 110960
14 (QN/Block) 	Elapsed: 13.717	Loglikelihood: -2.95747e+07	(delta): 4048
22 (QN/Block) 	Elapsed: 11.614	Loglikelihood: -2.98529e+07	(delta): 0.00259606
5 (EM) 	Elapsed: 7.548	Loglikelihood: -3.40747e+07	(delta): 79290.7
Initial loglikelihood: -3.40747e+07
Starting main algorithm
9 (QN/Block) 	Elapsed: 14.22	Loglikelihood: -2.95376e+07	(delta): 8426.64
23 (QN/Block) 	Elapsed: 11.472	Loglikelihood: -2.98529e+07	(delta): 0.0111341
15 (QN/Block) 	Elapsed: 13.358	Loglikelihood: -2.95692e+07	(delta): 5462.24
10 (QN/Block) 	Elapsed: 14.728	Loglikelihood: -2.95321e+07	(delta): 5542.64
1 (QN/Block) 	Elapsed: 15.834	Loglikelihood: -3.06321e+07	(delta): 3.44255e+06
24 (QN/Block) 	Elapsed: 11.507	Loglikelihood: -2.98529e+07	(delta): 0.0579746
16 (QN/Block) 	Elapsed: 12.591	Loglikelihood: -2.95669e+07	(delta): 2378.23
25 (QN/Block) 	Elapsed: 11.192	Loglikelihood: -2.98529e+07	(delta): 0.0262124
11 (QN/Block) 	Elapsed: 14.864	Loglikelihood: -2.9529e+07	(delta): 3097.34
17 (QN/Block) 	Elapsed: 12.565	Loglikelihood: -2.95656e+07	(delta): 1206.04
2 (QN/Block) 	Elapsed: 15.583	Loglikelihood: -2.9928e+07	(delta): 704125
26 (QN/Block) 	Elapsed: 11.439	Loglikelihood: -2.98529e+07	(delta): 0.00427834
18 (QN/Block) 	Elapsed: 12.958	Loglikelihood: -2.95647e+07	(delta): 970.406
12 (QN/Block) 	Elapsed: 14.876	Loglikelihood: -2.95274e+07	(delta): 1612.1
3 (QN/Block) 	Elapsed: 16.633	Loglikelihood: -2.97257e+07	(delta): 202308
27 (QN/Block) 	Elapsed: 10.203	Loglikelihood: -2.98529e+07	(delta): 0.00836606
19 (QN/Block) 	Elapsed: 12.108	Loglikelihood: -2.9564e+07	(delta): 727.222
13 (QN/Block) 	Elapsed: 14.789	Loglikelihood: -2.95264e+07	(delta): 952.196
28 (QN/Block) 	Elapsed: 10.234	Loglikelihood: -2.98529e+07	(delta): 0.00185534
4 (QN/Block) 	Elapsed: 17.822	Loglikelihood: -2.96083e+07	(delta): 117438
20 (QN/Block) 	Elapsed: 12.205	Loglikelihood: -2.95632e+07	(delta): 749.732
29 (QN/Block) 	Elapsed: 10.253	Loglikelihood: -2.98529e+07	(delta): 0.000312861
14 (QN/Block) 	Elapsed: 14.73	Loglikelihood: -2.95258e+07	(delta): 641.36
30 (QN/Block) 	Elapsed: 10.053	Loglikelihood: -2.98529e+07	(delta): 0.000386238
21 (QN/Block) 	Elapsed: 12.126	Loglikelihood: -2.95628e+07	(delta): 357.295
5 (QN/Block) 	Elapsed: 18.324	Loglikelihood: -2.9559e+07	(delta): 49224.4
15 (QN/Block) 	Elapsed: 14.687	Loglikelihood: -2.95255e+07	(delta): 331.714
31 (QN/Block) 	Elapsed: 10.103	Loglikelihood: -2.98529e+07	(delta): 0.000599943
22 (QN/Block) 	Elapsed: 12.087	Loglikelihood: -2.95626e+07	(delta): 249.011
32 (QN/Block) 	Elapsed: 10.304	Loglikelihood: -2.98529e+07	(delta): 0.000713836
6 (QN/Block) 	Elapsed: 18.271	Loglikelihood: -2.9546e+07	(delta): 13030.6
16 (QN/Block) 	Elapsed: 14.359	Loglikelihood: -2.95252e+07	(delta): 253.048
23 (QN/Block) 	Elapsed: 12.186	Loglikelihood: -2.95623e+07	(delta): 277.111
33 (QN/Block) 	Elapsed: 10.265	Loglikelihood: -2.98529e+07	(delta): 0.000415921
24 (QN/Block) 	Elapsed: 12.723	Loglikelihood: -2.95622e+07	(delta): 161.647
17 (QN/Block) 	Elapsed: 14.482	Loglikelihood: -2.95251e+07	(delta): 99.3019
7 (QN/Block) 	Elapsed: 16.926	Loglikelihood: -2.95395e+07	(delta): 6488.4
34 (QN/Block) 	Elapsed: 10.918	Loglikelihood: -2.98529e+07	(delta): 8.35322e-05
Summary: 
Converged in 34 iterations (397.724 sec)
Loglikelihood: -29852852.318185
Fst divergences between estimated populations: 
	Pop0	Pop1	Pop2	Pop3	Pop4	
Pop0	
Pop1	0.146	
Pop2	0.173	0.093	
Pop3	0.025	0.153	0.177	
Pop4	0.019	0.153	0.178	0.020	
Pop5	0.117	0.080	0.101	0.124	0.124	
25 (QN/Block) 	Elapsed: 12.634	Loglikelihood: -2.9562e+07	(delta): 117.561
18 (QN/Block) 	Elapsed: 14.475	Loglikelihood: -2.9525e+07	(delta): 70.9612
8 (QN/Block) 	Elapsed: 17.24	Loglikelihood: -2.95355e+07	(delta): 4053.81
26 (QN/Block) 	Elapsed: 13.469	Loglikelihood: -2.95619e+07	(delta): 164.752
19 (QN/Block) 	Elapsed: 14.788	Loglikelihood: -2.9525e+07	(delta): 41.0707
9 (QN/Block) 	Elapsed: 17.625	Loglikelihood: -2.95319e+07	(delta): 3580.91
27 (QN/Block) 	Elapsed: 11.978	Loglikelihood: -2.95618e+07	(delta): 49.9233
20 (QN/Block) 	Elapsed: 14.278	Loglikelihood: -2.9525e+07	(delta): 24.765
28 (QN/Block) 	Elapsed: 12.11	Loglikelihood: -2.95618e+07	(delta): 34.9571
10 (QN/Block) 	Elapsed: 17.122	Loglikelihood: -2.95276e+07	(delta): 4322.66
21 (QN/Block) 	Elapsed: 14.344	Loglikelihood: -2.95249e+07	(delta): 27.9935
29 (QN/Block) 	Elapsed: 12.165	Loglikelihood: -2.95618e+07	(delta): 32.7701
11 (QN/Block) 	Elapsed: 17.099	Loglikelihood: -2.95243e+07	(delta): 3239.94
22 (QN/Block) 	Elapsed: 14.672	Loglikelihood: -2.95249e+07	(delta): 11.8506
30 (QN/Block) 	Elapsed: 12.158	Loglikelihood: -2.95617e+07	(delta): 13.9143
31 (QN/Block) 	Elapsed: 12.292	Loglikelihood: -2.95617e+07	(delta): 8.14762
23 (QN/Block) 	Elapsed: 14.549	Loglikelihood: -2.95249e+07	(delta): 3.91626
12 (QN/Block) 	Elapsed: 17.853	Loglikelihood: -2.95211e+07	(delta): 3209.07
32 (QN/Block) 	Elapsed: 12.262	Loglikelihood: -2.95617e+07	(delta): 6.68792
24 (QN/Block) 	Elapsed: 15.159	Loglikelihood: -2.95249e+07	(delta): 2.6067
13 (QN/Block) 	Elapsed: 17.113	Loglikelihood: -2.95192e+07	(delta): 1892.12
33 (QN/Block) 	Elapsed: 12.655	Loglikelihood: -2.95617e+07	(delta): 3.64637
25 (QN/Block) 	Elapsed: 14.979	Loglikelihood: -2.95249e+07	(delta): 1.25482
14 (QN/Block) 	Elapsed: 16.724	Loglikelihood: -2.95157e+07	(delta): 3499.4
34 (QN/Block) 	Elapsed: 12.856	Loglikelihood: -2.95617e+07	(delta): 0.72288
26 (QN/Block) 	Elapsed: 14.61	Loglikelihood: -2.95249e+07	(delta): 0.587809
CV error (K=6): 0.21319
Writing output files.
Running ADMIXTURE for K=10
****                   ADMIXTURE Version 1.3.1                  ****
****                    Copyright 2008-2025                     ****
****           David Alexander, Suyash Shringarpure,            ****
****                John Novembre, Ken Lange                    ****
****                                                            ****
****                 Please cite our paper!                     ****
****   Information at https://dalexander.github.io/admixture/   ****

Cross-validation will be performed.  Folds=5.
Parallel execution requested.  Will use 1 threads.
Random seed: 43
Point estimation method: Block relaxation algorithm
Convergence acceleration algorithm: QuasiNewton, 3 secant conditions
Point estimation will terminate when objective function delta < 0.0001
Estimation of standard errors disabled; will compute point estimates only.
Size of G: 2504x32319
Performing five EM steps to prime main algorithm
35 (QN/Block) 	Elapsed: 12.821	Loglikelihood: -2.95617e+07	(delta): 0.419962
15 (QN/Block) 	Elapsed: 16.539	Loglikelihood: -2.95138e+07	(delta): 1968.55
1 (EM) 	Elapsed: 9.304	Loglikelihood: -3.68771e+07	(delta): 8.09059e+07
27 (QN/Block) 	Elapsed: 15.584	Loglikelihood: -2.95249e+07	(delta): 0.439959
36 (QN/Block) 	Elapsed: 12.915	Loglikelihood: -2.95617e+07	(delta): 0.435997
2 (EM) 	Elapsed: 9.345	Loglikelihood: -3.44931e+07	(delta): 2.38396e+06
16 (QN/Block) 	Elapsed: 16.965	Loglikelihood: -2.95124e+07	(delta): 1334.56
28 (QN/Block) 	Elapsed: 14.427	Loglikelihood: -2.95249e+07	(delta): 0.265517
37 (QN/Block) 	Elapsed: 12.987	Loglikelihood: -2.95617e+07	(delta): 0.304851
3 (EM) 	Elapsed: 9.131	Loglikelihood: -3.4249e+07	(delta): 244059
17 (QN/Block) 	Elapsed: 16.709	Loglikelihood: -2.95114e+07	(delta): 1026.47
4 (EM) 	Elapsed: 9.178	Loglikelihood: -3.41428e+07	(delta): 106220
29 (QN/Block) 	Elapsed: 14.464	Loglikelihood: -2.95249e+07	(delta): 0.145727
38 (QN/Block) 	Elapsed: 13.484	Loglikelihood: -2.95617e+07	(delta): 0.114798
5 (EM) 	Elapsed: 9.328	Loglikelihood: -3.40667e+07	(delta): 76161.9
Initial loglikelihood: -3.40667e+07
Starting main algorithm
18 (QN/Block) 	Elapsed: 16.936	Loglikelihood: -2.95108e+07	(delta): 647.227
39 (QN/Block) 	Elapsed: 13.252	Loglikelihood: -2.95617e+07	(delta): 0.0282805
30 (QN/Block) 	Elapsed: 14.643	Loglikelihood: -2.95249e+07	(delta): 0.0163516
40 (QN/Block) 	Elapsed: 12.01	Loglikelihood: -2.95617e+07	(delta): 0.044379
1 (QN/Block) 	Elapsed: 18.12	Loglikelihood: -3.05852e+07	(delta): 3.48144e+06
31 (QN/Block) 	Elapsed: 14.299	Loglikelihood: -2.95249e+07	(delta): 0.00445329
19 (QN/Block) 	Elapsed: 17.241	Loglikelihood: -2.95103e+07	(delta): 424.37
41 (QN/Block) 	Elapsed: 12.785	Loglikelihood: -2.95617e+07	(delta): 0.0247419
32 (QN/Block) 	Elapsed: 14.515	Loglikelihood: -2.95249e+07	(delta): 0.00365391
2 (QN/Block) 	Elapsed: 18.524	Loglikelihood: -2.98089e+07	(delta): 776288
20 (QN/Block) 	Elapsed: 17.096	Loglikelihood: -2.951e+07	(delta): 297.834
42 (QN/Block) 	Elapsed: 12.278	Loglikelihood: -2.95617e+07	(delta): 0.00556673
33 (QN/Block) 	Elapsed: 14.657	Loglikelihood: -2.95249e+07	(delta): 0.000909798
43 (QN/Block) 	Elapsed: 12.478	Loglikelihood: -2.95617e+07	(delta): 0.00164956
21 (QN/Block) 	Elapsed: 16.908	Loglikelihood: -2.95098e+07	(delta): 199.788
3 (QN/Block) 	Elapsed: 19.52	Loglikelihood: -2.96026e+07	(delta): 206341
34 (QN/Block) 	Elapsed: 15.924	Loglikelihood: -2.95249e+07	(delta): 0.0052426
44 (QN/Block) 	Elapsed: 12.208	Loglikelihood: -2.95617e+07	(delta): 0.0015194
22 (QN/Block) 	Elapsed: 17.056	Loglikelihood: -2.95094e+07	(delta): 462.726
4 (QN/Block) 	Elapsed: 19.239	Loglikelihood: -2.9517e+07	(delta): 85606.3
45 (QN/Block) 	Elapsed: 12.276	Loglikelihood: -2.95617e+07	(delta): 0.00058708
35 (QN/Block) 	Elapsed: 14.478	Loglikelihood: -2.95249e+07	(delta): 0.00191654
23 (QN/Block) 	Elapsed: 17.821	Loglikelihood: -2.95092e+07	(delta): 196.473
46 (QN/Block) 	Elapsed: 12.13	Loglikelihood: -2.95617e+07	(delta): 0.000431839
5 (QN/Block) 	Elapsed: 19.3	Loglikelihood: -2.94993e+07	(delta): 17646.6
36 (QN/Block) 	Elapsed: 15.716	Loglikelihood: -2.95249e+07	(delta): 5.26905e-05
Summary: 
Converged in 36 iterations (581.576 sec)
Loglikelihood: -29524922.575553
Fst divergences between estimated populations: 
	Pop0	Pop1	Pop2	Pop3	Pop4	Pop5	Pop6	
Pop0	
Pop1	0.140	
Pop2	0.094	0.157	
Pop3	0.093	0.156	0.023	
Pop4	0.023	0.127	0.096	0.095	
Pop5	0.137	0.019	0.153	0.152	0.124	
Pop6	0.110	0.179	0.095	0.102	0.116	0.178	
Pop7	0.047	0.126	0.068	0.066	0.042	0.123	0.103	
47 (QN/Block) 	Elapsed: 12.119	Loglikelihood: -2.95617e+07	(delta): 3.66159e-05
Summary: 
Converged in 47 iterations (639.834 sec)
Loglikelihood: -29561721.140849
Fst divergences between estimated populations: 
	Pop0	Pop1	Pop2	Pop3	Pop4	Pop5	
Pop0	
Pop1	0.110	
Pop2	0.179	0.140	
Pop3	0.116	0.023	0.127	
Pop4	0.094	0.089	0.153	0.091	
Pop5	0.103	0.047	0.126	0.042	0.062	
Pop6	0.178	0.136	0.019	0.124	0.150	0.123	
24 (QN/Block) 	Elapsed: 16.729	Loglikelihood: -2.95091e+07	(delta): 93.9777
6 (QN/Block) 	Elapsed: 19.011	Loglikelihood: -2.94915e+07	(delta): 7866.46
25 (QN/Block) 	Elapsed: 16.651	Loglikelihood: -2.9509e+07	(delta): 79.8233
7 (QN/Block) 	Elapsed: 19.338	Loglikelihood: -2.94837e+07	(delta): 7821.63
26 (QN/Block) 	Elapsed: 16.653	Loglikelihood: -2.95089e+07	(delta): 98.6095
8 (QN/Block) 	Elapsed: 19.227	Loglikelihood: -2.94788e+07	(delta): 4823
27 (QN/Block) 	Elapsed: 18.303	Loglikelihood: -2.95088e+07	(delta): 99.3244
9 (QN/Block) 	Elapsed: 19.465	Loglikelihood: -2.94759e+07	(delta): 2915.54
28 (QN/Block) 	Elapsed: 18.37	Loglikelihood: -2.95087e+07	(delta): 105.663
10 (QN/Block) 	Elapsed: 19.196	Loglikelihood: -2.9474e+07	(delta): 1917.2
29 (QN/Block) 	Elapsed: 17.7	Loglikelihood: -2.95086e+07	(delta): 55.1382
11 (QN/Block) 	Elapsed: 19.245	Loglikelihood: -2.94728e+07	(delta): 1174.39
30 (QN/Block) 	Elapsed: 16.848	Loglikelihood: -2.95086e+07	(delta): 45.6918
31 (QN/Block) 	Elapsed: 16.804	Loglikelihood: -2.95086e+07	(delta): 29.0653
12 (QN/Block) 	Elapsed: 19.1	Loglikelihood: -2.9472e+07	(delta): 796.865
32 (QN/Block) 	Elapsed: 16.886	Loglikelihood: -2.95085e+07	(delta): 23.2932
13 (QN/Block) 	Elapsed: 19.091	Loglikelihood: -2.94716e+07	(delta): 398.302
CV error (K=7): 0.20990
Writing output files.
33 (QN/Block) 	Elapsed: 16.762	Loglikelihood: -2.95085e+07	(delta): 17.396
14 (QN/Block) 	Elapsed: 19.284	Loglikelihood: -2.94713e+07	(delta): 350.29
CV error (K=8): 0.20972
Writing output files.
34 (QN/Block) 	Elapsed: 16.278	Loglikelihood: -2.95085e+07	(delta): 9.72523
15 (QN/Block) 	Elapsed: 18.31	Loglikelihood: -2.94709e+07	(delta): 425.421
35 (QN/Block) 	Elapsed: 15.533	Loglikelihood: -2.95085e+07	(delta): 17.4051
16 (QN/Block) 	Elapsed: 18.104	Loglikelihood: -2.94703e+07	(delta): 562.871
36 (QN/Block) 	Elapsed: 15.729	Loglikelihood: -2.95085e+07	(delta): 13.0409
17 (QN/Block) 	Elapsed: 18.048	Loglikelihood: -2.94698e+07	(delta): 493.813
37 (QN/Block) 	Elapsed: 15.796	Loglikelihood: -2.95085e+07	(delta): 11.3508
18 (QN/Block) 	Elapsed: 18.724	Loglikelihood: -2.94691e+07	(delta): 717.948
38 (QN/Block) 	Elapsed: 15.609	Loglikelihood: -2.95085e+07	(delta): 10.3099
39 (QN/Block) 	Elapsed: 15.33	Loglikelihood: -2.95085e+07	(delta): 5.65119
19 (QN/Block) 	Elapsed: 19.137	Loglikelihood: -2.94687e+07	(delta): 412.029
40 (QN/Block) 	Elapsed: 15.943	Loglikelihood: -2.95084e+07	(delta): 10.3424
20 (QN/Block) 	Elapsed: 18.686	Loglikelihood: -2.94684e+07	(delta): 291.051
41 (QN/Block) 	Elapsed: 15.768	Loglikelihood: -2.95084e+07	(delta): 4.77555
21 (QN/Block) 	Elapsed: 18.633	Loglikelihood: -2.94681e+07	(delta): 308.515
42 (QN/Block) 	Elapsed: 15.821	Loglikelihood: -2.95084e+07	(delta): 3.9043
22 (QN/Block) 	Elapsed: 18.754	Loglikelihood: -2.94677e+07	(delta): 366.247
43 (QN/Block) 	Elapsed: 15.687	Loglikelihood: -2.95084e+07	(delta): 3.22252
23 (QN/Block) 	Elapsed: 18.006	Loglikelihood: -2.94673e+07	(delta): 386.526
44 (QN/Block) 	Elapsed: 15.659	Loglikelihood: -2.95084e+07	(delta): 3.50641
24 (QN/Block) 	Elapsed: 17.845	Loglikelihood: -2.94667e+07	(delta): 632.869
45 (QN/Block) 	Elapsed: 15.963	Loglikelihood: -2.95084e+07	(delta): 6.02266
46 (QN/Block) 	Elapsed: 15.654	Loglikelihood: -2.95084e+07	(delta): 2.09324
25 (QN/Block) 	Elapsed: 17.971	Loglikelihood: -2.94662e+07	(delta): 489.726
47 (QN/Block) 	Elapsed: 15.437	Loglikelihood: -2.95084e+07	(delta): 1.48127
26 (QN/Block) 	Elapsed: 17.83	Loglikelihood: -2.94642e+07	(delta): 1986.12
48 (QN/Block) 	Elapsed: 15.647	Loglikelihood: -2.95084e+07	(delta): 1.50197
27 (QN/Block) 	Elapsed: 19.517	Loglikelihood: -2.94612e+07	(delta): 3047.71
49 (QN/Block) 	Elapsed: 15.635	Loglikelihood: -2.95084e+07	(delta): 1.01548
28 (QN/Block) 	Elapsed: 18.468	Loglikelihood: -2.94584e+07	(delta): 2717.78
50 (QN/Block) 	Elapsed: 16.076	Loglikelihood: -2.95084e+07	(delta): 1.00877
29 (QN/Block) 	Elapsed: 19.365	Loglikelihood: -2.94574e+07	(delta): 1068.69
51 (QN/Block) 	Elapsed: 15.532	Loglikelihood: -2.95084e+07	(delta): 1.02194
52 (QN/Block) 	Elapsed: 15.921	Loglikelihood: -2.95084e+07	(delta): 2.09949
30 (QN/Block) 	Elapsed: 19.221	Loglikelihood: -2.94562e+07	(delta): 1151.65
53 (QN/Block) 	Elapsed: 16.174	Loglikelihood: -2.95084e+07	(delta): 1.49413
31 (QN/Block) 	Elapsed: 19.688	Loglikelihood: -2.94558e+07	(delta): 462.293
54 (QN/Block) 	Elapsed: 17.038	Loglikelihood: -2.95084e+07	(delta): 0.520317
32 (QN/Block) 	Elapsed: 19.183	Loglikelihood: -2.94551e+07	(delta): 660.306
55 (QN/Block) 	Elapsed: 16.865	Loglikelihood: -2.95084e+07	(delta): 0.371427
33 (QN/Block) 	Elapsed: 17.996	Loglikelihood: -2.94548e+07	(delta): 345.597
56 (QN/Block) 	Elapsed: 16.986	Loglikelihood: -2.95084e+07	(delta): 0.306424
34 (QN/Block) 	Elapsed: 17.702	Loglikelihood: -2.94545e+07	(delta): 275.375
57 (QN/Block) 	Elapsed: 16.932	Loglikelihood: -2.95084e+07	(delta): 0.196786
35 (QN/Block) 	Elapsed: 17.932	Loglikelihood: -2.94544e+07	(delta): 104.051
58 (QN/Block) 	Elapsed: 17.016	Loglikelihood: -2.95084e+07	(delta): 0.183278
36 (QN/Block) 	Elapsed: 18.018	Loglikelihood: -2.94543e+07	(delta): 86.4744
59 (QN/Block) 	Elapsed: 17.008	Loglikelihood: -2.95084e+07	(delta): 0.179571
37 (QN/Block) 	Elapsed: 17.74	Loglikelihood: -2.94543e+07	(delta): 25.9709
60 (QN/Block) 	Elapsed: 16.732	Loglikelihood: -2.95084e+07	(delta): 0.179287
38 (QN/Block) 	Elapsed: 17.804	Loglikelihood: -2.94542e+07	(delta): 11.5013
61 (QN/Block) 	Elapsed: 17.17	Loglikelihood: -2.95084e+07	(delta): 0.179041
39 (QN/Block) 	Elapsed: 18.757	Loglikelihood: -2.94542e+07	(delta): 2.72873
62 (QN/Block) 	Elapsed: 17.173	Loglikelihood: -2.95084e+07	(delta): 0.181385
40 (QN/Block) 	Elapsed: 18.421	Loglikelihood: -2.94542e+07	(delta): 0.566859
63 (QN/Block) 	Elapsed: 16.912	Loglikelihood: -2.95084e+07	(delta): 0.178651
64 (QN/Block) 	Elapsed: 16.878	Loglikelihood: -2.95084e+07	(delta): 0.180135
41 (QN/Block) 	Elapsed: 18.802	Loglikelihood: -2.94542e+07	(delta): 0.250826
65 (QN/Block) 	Elapsed: 16.922	Loglikelihood: -2.95084e+07	(delta): 0.182187
42 (QN/Block) 	Elapsed: 17.847	Loglikelihood: -2.94542e+07	(delta): 0.0390608
66 (QN/Block) 	Elapsed: 16.903	Loglikelihood: -2.95084e+07	(delta): 0.191138
43 (QN/Block) 	Elapsed: 19.419	Loglikelihood: -2.94542e+07	(delta): 0.160607
67 (QN/Block) 	Elapsed: 17.109	Loglikelihood: -2.95084e+07	(delta): 0.185508
44 (QN/Block) 	Elapsed: 19.524	Loglikelihood: -2.94542e+07	(delta): 0.0154755
68 (QN/Block) 	Elapsed: 16.891	Loglikelihood: -2.95084e+07	(delta): 0.181047
45 (QN/Block) 	Elapsed: 18.952	Loglikelihood: -2.94542e+07	(delta): 0.00235172
69 (QN/Block) 	Elapsed: 17.106	Loglikelihood: -2.95084e+07	(delta): 0.180907
46 (QN/Block) 	Elapsed: 17.91	Loglikelihood: -2.94542e+07	(delta): 0.00392307
70 (QN/Block) 	Elapsed: 16.989	Loglikelihood: -2.95084e+07	(delta): 0.19163
47 (QN/Block) 	Elapsed: 17.863	Loglikelihood: -2.94542e+07	(delta): 0.000530493
71 (QN/Block) 	Elapsed: 16.957	Loglikelihood: -2.95084e+07	(delta): 0.205851
48 (QN/Block) 	Elapsed: 17.826	Loglikelihood: -2.94542e+07	(delta): 0.000799842
72 (QN/Block) 	Elapsed: 16.836	Loglikelihood: -2.95084e+07	(delta): 0.190442
49 (QN/Block) 	Elapsed: 17.756	Loglikelihood: -2.94542e+07	(delta): 0.00020007
73 (QN/Block) 	Elapsed: 16.302	Loglikelihood: -2.95084e+07	(delta): 0.834388
50 (QN/Block) 	Elapsed: 17.811	Loglikelihood: -2.94542e+07	(delta): 3.59453e-05
Summary: 
Converged in 50 iterations (1008.83 sec)
Loglikelihood: -29454243.151550
Fst divergences between estimated populations: 
	Pop0	Pop1	Pop2	Pop3	Pop4	Pop5	Pop6	Pop7	Pop8	
Pop0	
Pop1	0.097	
Pop2	0.157	0.145	
Pop3	0.157	0.145	0.020	
Pop4	0.096	0.115	0.182	0.181	
Pop5	0.068	0.055	0.128	0.128	0.105	
Pop6	0.099	0.034	0.134	0.135	0.118	0.047	
Pop7	0.023	0.096	0.157	0.157	0.103	0.066	0.099	
Pop8	0.097	0.030	0.128	0.129	0.119	0.048	0.017	0.096	
Pop9	0.151	0.138	0.019	0.025	0.177	0.121	0.129	0.150	0.121	
74 (QN/Block) 	Elapsed: 16.955	Loglikelihood: -2.95084e+07	(delta): 0.360315
75 (QN/Block) 	Elapsed: 15.553	Loglikelihood: -2.95084e+07	(delta): 0.669448
76 (QN/Block) 	Elapsed: 16.141	Loglikelihood: -2.95084e+07	(delta): 3.35068
77 (QN/Block) 	Elapsed: 16.957	Loglikelihood: -2.95084e+07	(delta): 2.30473
78 (QN/Block) 	Elapsed: 15.595	Loglikelihood: -2.95084e+07	(delta): 1.85359
79 (QN/Block) 	Elapsed: 16.95	Loglikelihood: -2.95084e+07	(delta): 1.1851
80 (QN/Block) 	Elapsed: 16.856	Loglikelihood: -2.95084e+07	(delta): 1.03887
81 (QN/Block) 	Elapsed: 15.853	Loglikelihood: -2.95084e+07	(delta): 0.983778
82 (QN/Block) 	Elapsed: 16.487	Loglikelihood: -2.95084e+07	(delta): 3.3947
83 (QN/Block) 	Elapsed: 16.738	Loglikelihood: -2.95084e+07	(delta): 4.33907
84 (QN/Block) 	Elapsed: 16.548	Loglikelihood: -2.95084e+07	(delta): 3.99032
85 (QN/Block) 	Elapsed: 17.098	Loglikelihood: -2.95084e+07	(delta): 2.13188
86 (QN/Block) 	Elapsed: 17.787	Loglikelihood: -2.95084e+07	(delta): 2.20259
87 (QN/Block) 	Elapsed: 17.269	Loglikelihood: -2.95084e+07	(delta): 2.43093
CV error (K=10): 0.20957
Writing output files.
88 (QN/Block) 	Elapsed: 16.615	Loglikelihood: -2.95084e+07	(delta): 2.73999
89 (QN/Block) 	Elapsed: 16.366	Loglikelihood: -2.95084e+07	(delta): 3.03809
90 (QN/Block) 	Elapsed: 16.29	Loglikelihood: -2.95084e+07	(delta): 3.45826
91 (QN/Block) 	Elapsed: 16.367	Loglikelihood: -2.95084e+07	(delta): 3.96151
92 (QN/Block) 	Elapsed: 16.223	Loglikelihood: -2.95084e+07	(delta): 4.8312
93 (QN/Block) 	Elapsed: 16.525	Loglikelihood: -2.95084e+07	(delta): 5.58369
94 (QN/Block) 	Elapsed: 16.327	Loglikelihood: -2.95084e+07	(delta): 6.39487
95 (QN/Block) 	Elapsed: 16.544	Loglikelihood: -2.95083e+07	(delta): 6.81088
96 (QN/Block) 	Elapsed: 16.438	Loglikelihood: -2.95083e+07	(delta): 6.93442
97 (QN/Block) 	Elapsed: 16.565	Loglikelihood: -2.95083e+07	(delta): 7.59434
98 (QN/Block) 	Elapsed: 16.316	Loglikelihood: -2.95083e+07	(delta): 7.39011
99 (QN/Block) 	Elapsed: 16.519	Loglikelihood: -2.95083e+07	(delta): 7.52115
100 (QN/Block) 	Elapsed: 16.681	Loglikelihood: -2.95083e+07	(delta): 8.71835
101 (QN/Block) 	Elapsed: 16.536	Loglikelihood: -2.95083e+07	(delta): 8.27465
102 (QN/Block) 	Elapsed: 16.329	Loglikelihood: -2.95083e+07	(delta): 7.71735
103 (QN/Block) 	Elapsed: 16.415	Loglikelihood: -2.95083e+07	(delta): 7.57479
104 (QN/Block) 	Elapsed: 16.366	Loglikelihood: -2.95083e+07	(delta): 7.56007
105 (QN/Block) 	Elapsed: 16.612	Loglikelihood: -2.95083e+07	(delta): 7.72111
106 (QN/Block) 	Elapsed: 16.522	Loglikelihood: -2.95083e+07	(delta): 7.87586
107 (QN/Block) 	Elapsed: 16.23	Loglikelihood: -2.95083e+07	(delta): 8.03636
108 (QN/Block) 	Elapsed: 16.246	Loglikelihood: -2.95082e+07	(delta): 8.06871
109 (QN/Block) 	Elapsed: 16.197	Loglikelihood: -2.95082e+07	(delta): 11.2774
110 (QN/Block) 	Elapsed: 16.324	Loglikelihood: -2.95082e+07	(delta): 27.1696
111 (QN/Block) 	Elapsed: 16.102	Loglikelihood: -2.95082e+07	(delta): 16.9522
112 (QN/Block) 	Elapsed: 16.109	Loglikelihood: -2.95082e+07	(delta): 9.96347
113 (QN/Block) 	Elapsed: 15.975	Loglikelihood: -2.95081e+07	(delta): 29.7864
114 (QN/Block) 	Elapsed: 15.601	Loglikelihood: -2.95081e+07	(delta): 17.55
115 (QN/Block) 	Elapsed: 16.06	Loglikelihood: -2.95081e+07	(delta): 27.3255
116 (QN/Block) 	Elapsed: 14.743	Loglikelihood: -2.95081e+07	(delta): 18.2766
117 (QN/Block) 	Elapsed: 14.696	Loglikelihood: -2.9508e+07	(delta): 36.8667
118 (QN/Block) 	Elapsed: 15.16	Loglikelihood: -2.95079e+07	(delta): 99.2016
119 (QN/Block) 	Elapsed: 14.659	Loglikelihood: -2.95079e+07	(delta): 46.9097
120 (QN/Block) 	Elapsed: 14.687	Loglikelihood: -2.95078e+07	(delta): 57.8862
121 (QN/Block) 	Elapsed: 14.677	Loglikelihood: -2.95078e+07	(delta): 59.7795
122 (QN/Block) 	Elapsed: 14.767	Loglikelihood: -2.95077e+07	(delta): 55.9731
123 (QN/Block) 	Elapsed: 14.796	Loglikelihood: -2.95077e+07	(delta): 50.7087
124 (QN/Block) 	Elapsed: 14.756	Loglikelihood: -2.95076e+07	(delta): 29.3151
125 (QN/Block) 	Elapsed: 14.826	Loglikelihood: -2.95076e+07	(delta): 67.4403
126 (QN/Block) 	Elapsed: 15.106	Loglikelihood: -2.95075e+07	(delta): 53.6373
127 (QN/Block) 	Elapsed: 14.712	Loglikelihood: -2.95075e+07	(delta): 29.9757
128 (QN/Block) 	Elapsed: 14.509	Loglikelihood: -2.95075e+07	(delta): 35.6056
129 (QN/Block) 	Elapsed: 14.631	Loglikelihood: -2.95074e+07	(delta): 59.6569
130 (QN/Block) 	Elapsed: 14.473	Loglikelihood: -2.95074e+07	(delta): 38.417
131 (QN/Block) 	Elapsed: 14.599	Loglikelihood: -2.95073e+07	(delta): 80.7535
132 (QN/Block) 	Elapsed: 15.128	Loglikelihood: -2.95072e+07	(delta): 84.031
133 (QN/Block) 	Elapsed: 15.143	Loglikelihood: -2.9507e+07	(delta): 213.674
134 (QN/Block) 	Elapsed: 16.049	Loglikelihood: -2.95067e+07	(delta): 328.896
135 (QN/Block) 	Elapsed: 14.901	Loglikelihood: -2.95063e+07	(delta): 317.646
136 (QN/Block) 	Elapsed: 15.046	Loglikelihood: -2.95058e+07	(delta): 504.478
137 (QN/Block) 	Elapsed: 15.081	Loglikelihood: -2.95054e+07	(delta): 475.266
138 (QN/Block) 	Elapsed: 15.426	Loglikelihood: -2.95048e+07	(delta): 580.869
139 (QN/Block) 	Elapsed: 15.036	Loglikelihood: -2.95044e+07	(delta): 334.5
140 (QN/Block) 	Elapsed: 14.528	Loglikelihood: -2.95042e+07	(delta): 220.313
141 (QN/Block) 	Elapsed: 14.591	Loglikelihood: -2.95037e+07	(delta): 518.626
142 (QN/Block) 	Elapsed: 14.587	Loglikelihood: -2.95033e+07	(delta): 406.062
143 (QN/Block) 	Elapsed: 14.531	Loglikelihood: -2.95025e+07	(delta): 756.647
144 (QN/Block) 	Elapsed: 15.028	Loglikelihood: -2.95017e+07	(delta): 836.179
145 (QN/Block) 	Elapsed: 15.019	Loglikelihood: -2.95e+07	(delta): 1735.78
146 (QN/Block) 	Elapsed: 15.964	Loglikelihood: -2.94976e+07	(delta): 2348.41
147 (QN/Block) 	Elapsed: 15.828	Loglikelihood: -2.94943e+07	(delta): 3311.22
148 (QN/Block) 	Elapsed: 15.879	Loglikelihood: -2.94922e+07	(delta): 2095.8
149 (QN/Block) 	Elapsed: 14.476	Loglikelihood: -2.94915e+07	(delta): 721.041
150 (QN/Block) 	Elapsed: 15.08	Loglikelihood: -2.94907e+07	(delta): 834.92
151 (QN/Block) 	Elapsed: 15.575	Loglikelihood: -2.94903e+07	(delta): 335.865
152 (QN/Block) 	Elapsed: 14.815	Loglikelihood: -2.949e+07	(delta): 278.032
153 (QN/Block) 	Elapsed: 15.507	Loglikelihood: -2.94899e+07	(delta): 158.63
154 (QN/Block) 	Elapsed: 15.596	Loglikelihood: -2.94898e+07	(delta): 96.3088
155 (QN/Block) 	Elapsed: 15.403	Loglikelihood: -2.94898e+07	(delta): 38.7201
156 (QN/Block) 	Elapsed: 15.133	Loglikelihood: -2.94897e+07	(delta): 9.69145
157 (QN/Block) 	Elapsed: 14.972	Loglikelihood: -2.94897e+07	(delta): 3.30774
158 (QN/Block) 	Elapsed: 15.111	Loglikelihood: -2.94897e+07	(delta): 1.77193
159 (QN/Block) 	Elapsed: 15.854	Loglikelihood: -2.94897e+07	(delta): 0.922572
160 (QN/Block) 	Elapsed: 15.545	Loglikelihood: -2.94897e+07	(delta): 0.231867
161 (QN/Block) 	Elapsed: 15.873	Loglikelihood: -2.94897e+07	(delta): 0.130191
162 (QN/Block) 	Elapsed: 14.642	Loglikelihood: -2.94897e+07	(delta): 0.137564
163 (QN/Block) 	Elapsed: 14.556	Loglikelihood: -2.94897e+07	(delta): 0.0158462
164 (QN/Block) 	Elapsed: 14.647	Loglikelihood: -2.94897e+07	(delta): 0.00460614
165 (QN/Block) 	Elapsed: 14.562	Loglikelihood: -2.94897e+07	(delta): 0.00273785
166 (QN/Block) 	Elapsed: 14.63	Loglikelihood: -2.94897e+07	(delta): 0.00036516
167 (QN/Block) 	Elapsed: 14.583	Loglikelihood: -2.94897e+07	(delta): 0.000307683
168 (QN/Block) 	Elapsed: 14.606	Loglikelihood: -2.94897e+07	(delta): 0.000101298
169 (QN/Block) 	Elapsed: 14.752	Loglikelihood: -2.94897e+07	(delta): 4.14997e-05
Summary: 
Converged in 169 iterations (2840.45 sec)
Loglikelihood: -29489733.953442
Fst divergences between estimated populations: 
	Pop0	Pop1	Pop2	Pop3	Pop4	Pop5	Pop6	Pop7	
Pop0	
Pop1	0.153	
Pop2	0.154	0.023	
Pop3	0.124	0.066	0.068	
Pop4	0.141	0.096	0.097	0.055	
Pop5	0.019	0.156	0.157	0.127	0.145	
Pop6	0.131	0.099	0.099	0.047	0.034	0.134	
Pop7	0.124	0.096	0.097	0.048	0.030	0.128	0.017	
Pop8	0.179	0.103	0.095	0.105	0.115	0.180	0.118	0.119	
CV error (K=9): 0.20961
Writing output files.
Pipeline complete. Results and logs are in dump/special_chr20_maf001_pruned/admixture/
