****                   ADMIXTURE Version 1.3.1                  ****
****                    Copyright 2008-2025                     ****
****           David Alexander, Suyash Shringarpure,            ****
****                John Novembre, Ken Lange                    ****
****                                                            ****
****                 Please cite our paper!                     ****
****   Information at https://dalexander.github.io/admixture/   ****

Cross-validation will be performed.  Folds=5.
Parallel execution requested.  Will use 1 threads.
Random seed: 43
Point estimation method: Block relaxation algorithm
Convergence acceleration algorithm: QuasiNewton, 3 secant conditions
Point estimation will terminate when objective function delta < 0.0001
Estimation of standard errors disabled; will compute point estimates only.
Size of G: 2504x32319
Performing five EM steps to prime main algorithm
1 (EM) 	Elapsed: 2.564	Loglikelihood: -3.66226e+07	(delta): 8.92922e+07
2 (EM) 	Elapsed: 2.417	Loglikelihood: -3.45781e+07	(delta): 2.04447e+06
3 (EM) 	Elapsed: 2.494	Loglikelihood: -3.42872e+07	(delta): 290883
4 (EM) 	Elapsed: 2.446	Loglikelihood: -3.41282e+07	(delta): 159065
5 (EM) 	Elapsed: 2.43	Loglikelihood: -3.40157e+07	(delta): 112505
Initial loglikelihood: -3.40157e+07
Starting main algorithm
1 (QN/Block) 	Elapsed: 5.643	Loglikelihood: -3.12059e+07	(delta): 2.80975e+06
2 (QN/Block) 	Elapsed: 5.552	Loglikelihood: -3.06031e+07	(delta): 602822
3 (QN/Block) 	Elapsed: 6.297	Loglikelihood: -3.02866e+07	(delta): 316478
4 (QN/Block) 	Elapsed: 6.405	Loglikelihood: -3.00365e+07	(delta): 250094
5 (QN/Block) 	Elapsed: 6.615	Loglikelihood: -2.99721e+07	(delta): 64382.6
6 (QN/Block) 	Elapsed: 6.43	Loglikelihood: -2.99229e+07	(delta): 49240.6
7 (QN/Block) 	Elapsed: 6.898	Loglikelihood: -2.98986e+07	(delta): 24336.4
8 (QN/Block) 	Elapsed: 6.689	Loglikelihood: -2.98908e+07	(delta): 7790.75
9 (QN/Block) 	Elapsed: 6.705	Loglikelihood: -2.98883e+07	(delta): 2455.64
10 (QN/Block) 	Elapsed: 6.643	Loglikelihood: -2.9888e+07	(delta): 322.546
11 (QN/Block) 	Elapsed: 6.555	Loglikelihood: -2.9888e+07	(delta): 12.8884
12 (QN/Block) 	Elapsed: 6.388	Loglikelihood: -2.9888e+07	(delta): 1.0161
13 (QN/Block) 	Elapsed: 7.114	Loglikelihood: -2.9888e+07	(delta): 0.118019
14 (QN/Block) 	Elapsed: 6.388	Loglikelihood: -2.9888e+07	(delta): 0.0324227
15 (QN/Block) 	Elapsed: 6.413	Loglikelihood: -2.9888e+07	(delta): 0.00454096
16 (QN/Block) 	Elapsed: 6.331	Loglikelihood: -2.9888e+07	(delta): 0.000337657
17 (QN/Block) 	Elapsed: 6.467	Loglikelihood: -2.9888e+07	(delta): 1.91666e-05
Summary: 
Converged in 17 iterations (130.016 sec)
Loglikelihood: -29887974.881630
Fst divergences between estimated populations: 
	Pop0	Pop1	Pop2	
Pop0	
Pop1	0.120	
Pop2	0.124	0.039	
Pop3	0.146	0.060	0.085	
CV error (K=4): 0.21287
Writing output files.
