****                   ADMIXTURE Version 1.3.1                  ****
****                    Copyright 2008-2025                     ****
****           David Alexander, Suyash Shringarpure,            ****
****                John Novembre, Ken Lange                    ****
****                                                            ****
****                 Please cite our paper!                     ****
****   Information at https://dalexander.github.io/admixture/   ****

Cross-validation will be performed.  Folds=5.
Parallel execution requested.  Will use 1 threads.
Random seed: 43
Point estimation method: Block relaxation algorithm
Convergence acceleration algorithm: QuasiNewton, 3 secant conditions
Point estimation will terminate when objective function delta < 0.0001
Estimation of standard errors disabled; will compute point estimates only.
Size of G: 2504x32319
Performing five EM steps to prime main algorithm
1 (EM) 	Elapsed: 4.234	Loglikelihood: -3.68173e+07	(delta): 8.48026e+07
2 (EM) 	Elapsed: 4.253	Loglikelihood: -3.45744e+07	(delta): 2.24289e+06
3 (EM) 	Elapsed: 4.282	Loglikelihood: -3.43019e+07	(delta): 272575
4 (EM) 	Elapsed: 4.309	Loglikelihood: -3.4166e+07	(delta): 135865
5 (EM) 	Elapsed: 4.371	Loglikelihood: -3.40679e+07	(delta): 98056
Initial loglikelihood: -3.40679e+07
Starting main algorithm
1 (QN/Block) 	Elapsed: 9.461	Loglikelihood: -3.09278e+07	(delta): 3.14014e+06
2 (QN/Block) 	Elapsed: 9.425	Loglikelihood: -3.02731e+07	(delta): 654725
3 (QN/Block) 	Elapsed: 10.31	Loglikelihood: -3.00027e+07	(delta): 270399
4 (QN/Block) 	Elapsed: 10.841	Loglikelihood: -2.98854e+07	(delta): 117323
5 (QN/Block) 	Elapsed: 10.579	Loglikelihood: -2.98628e+07	(delta): 22520
6 (QN/Block) 	Elapsed: 10.406	Loglikelihood: -2.9855e+07	(delta): 7880.74
7 (QN/Block) 	Elapsed: 10.601	Loglikelihood: -2.98536e+07	(delta): 1316.45
8 (QN/Block) 	Elapsed: 10.723	Loglikelihood: -2.98533e+07	(delta): 349.161
9 (QN/Block) 	Elapsed: 10.751	Loglikelihood: -2.98531e+07	(delta): 169.087
10 (QN/Block) 	Elapsed: 10.776	Loglikelihood: -2.9853e+07	(delta): 121.957
11 (QN/Block) 	Elapsed: 10.2	Loglikelihood: -2.98529e+07	(delta): 80.3088
12 (QN/Block) 	Elapsed: 10.136	Loglikelihood: -2.98529e+07	(delta): 45.9553
13 (QN/Block) 	Elapsed: 10.061	Loglikelihood: -2.98529e+07	(delta): 14.2763
14 (QN/Block) 	Elapsed: 10.029	Loglikelihood: -2.98529e+07	(delta): 3.39902
15 (QN/Block) 	Elapsed: 10.138	Loglikelihood: -2.98529e+07	(delta): 1.03616
16 (QN/Block) 	Elapsed: 10.33	Loglikelihood: -2.98529e+07	(delta): 0.467847
17 (QN/Block) 	Elapsed: 10.065	Loglikelihood: -2.98529e+07	(delta): 0.448092
18 (QN/Block) 	Elapsed: 11.449	Loglikelihood: -2.98529e+07	(delta): 0.130986
19 (QN/Block) 	Elapsed: 11.308	Loglikelihood: -2.98529e+07	(delta): 0.08665
20 (QN/Block) 	Elapsed: 11.62	Loglikelihood: -2.98529e+07	(delta): 0.0061272
21 (QN/Block) 	Elapsed: 10.374	Loglikelihood: -2.98529e+07	(delta): 0.0107314
22 (QN/Block) 	Elapsed: 11.614	Loglikelihood: -2.98529e+07	(delta): 0.00259606
23 (QN/Block) 	Elapsed: 11.472	Loglikelihood: -2.98529e+07	(delta): 0.0111341
24 (QN/Block) 	Elapsed: 11.507	Loglikelihood: -2.98529e+07	(delta): 0.0579746
25 (QN/Block) 	Elapsed: 11.192	Loglikelihood: -2.98529e+07	(delta): 0.0262124
26 (QN/Block) 	Elapsed: 11.439	Loglikelihood: -2.98529e+07	(delta): 0.00427834
27 (QN/Block) 	Elapsed: 10.203	Loglikelihood: -2.98529e+07	(delta): 0.00836606
28 (QN/Block) 	Elapsed: 10.234	Loglikelihood: -2.98529e+07	(delta): 0.00185534
29 (QN/Block) 	Elapsed: 10.253	Loglikelihood: -2.98529e+07	(delta): 0.000312861
30 (QN/Block) 	Elapsed: 10.053	Loglikelihood: -2.98529e+07	(delta): 0.000386238
31 (QN/Block) 	Elapsed: 10.103	Loglikelihood: -2.98529e+07	(delta): 0.000599943
32 (QN/Block) 	Elapsed: 10.304	Loglikelihood: -2.98529e+07	(delta): 0.000713836
33 (QN/Block) 	Elapsed: 10.265	Loglikelihood: -2.98529e+07	(delta): 0.000415921
34 (QN/Block) 	Elapsed: 10.918	Loglikelihood: -2.98529e+07	(delta): 8.35322e-05
Summary: 
Converged in 34 iterations (397.724 sec)
Loglikelihood: -29852852.318185
Fst divergences between estimated populations: 
	Pop0	Pop1	Pop2	Pop3	Pop4	
Pop0	
Pop1	0.146	
Pop2	0.173	0.093	
Pop3	0.025	0.153	0.177	
Pop4	0.019	0.153	0.178	0.020	
Pop5	0.117	0.080	0.101	0.124	0.124	
CV error (K=6): 0.21319
Writing output files.
