****                   ADMIXTURE Version 1.3.1                  ****
****                    Copyright 2008-2025                     ****
****           David Alexander, Suyash Shringarpure,            ****
****                John Novembre, Ken Lange                    ****
****                                                            ****
****                 Please cite our paper!                     ****
****   Information at https://dalexander.github.io/admixture/   ****

Cross-validation will be performed.  Folds=5.
Parallel execution requested.  Will use 1 threads.
Random seed: 43
Point estimation method: Block relaxation algorithm
Convergence acceleration algorithm: QuasiNewton, 3 secant conditions
Point estimation will terminate when objective function delta < 0.0001
Estimation of standard errors disabled; will compute point estimates only.
Size of G: 2504x32319
Performing five EM steps to prime main algorithm
1 (EM) 	Elapsed: 3.412	Loglikelihood: -3.67578e+07	(delta): 8.65852e+07
2 (EM) 	Elapsed: 3.373	Loglikelihood: -3.45845e+07	(delta): 2.17323e+06
3 (EM) 	Elapsed: 3.29	Loglikelihood: -3.4305e+07	(delta): 279553
4 (EM) 	Elapsed: 3.342	Loglikelihood: -3.416e+07	(delta): 144935
5 (EM) 	Elapsed: 3.396	Loglikelihood: -3.4056e+07	(delta): 103998
Initial loglikelihood: -3.4056e+07
Starting main algorithm
1 (QN/Block) 	Elapsed: 7.58	Loglikelihood: -3.10462e+07	(delta): 3.00982e+06
2 (QN/Block) 	Elapsed: 7.742	Loglikelihood: -3.03359e+07	(delta): 710282
3 (QN/Block) 	Elapsed: 8.5	Loglikelihood: -3.00921e+07	(delta): 243816
4 (QN/Block) 	Elapsed: 9.545	Loglikelihood: -2.99708e+07	(delta): 121290
5 (QN/Block) 	Elapsed: 9.649	Loglikelihood: -2.99198e+07	(delta): 51072.9
6 (QN/Block) 	Elapsed: 8.86	Loglikelihood: -2.98661e+07	(delta): 53627.4
7 (QN/Block) 	Elapsed: 9.01	Loglikelihood: -2.97377e+07	(delta): 128419
8 (QN/Block) 	Elapsed: 9.594	Loglikelihood: -2.96745e+07	(delta): 63252.1
9 (QN/Block) 	Elapsed: 8.578	Loglikelihood: -2.96534e+07	(delta): 21066.3
10 (QN/Block) 	Elapsed: 8.636	Loglikelihood: -2.96507e+07	(delta): 2728.7
11 (QN/Block) 	Elapsed: 8.561	Loglikelihood: -2.96499e+07	(delta): 780.602
12 (QN/Block) 	Elapsed: 8.538	Loglikelihood: -2.96497e+07	(delta): 167.959
13 (QN/Block) 	Elapsed: 9.768	Loglikelihood: -2.96497e+07	(delta): 9.35427
14 (QN/Block) 	Elapsed: 8.424	Loglikelihood: -2.96497e+07	(delta): 1.33072
15 (QN/Block) 	Elapsed: 8.525	Loglikelihood: -2.96497e+07	(delta): 0.0704216
16 (QN/Block) 	Elapsed: 8.516	Loglikelihood: -2.96497e+07	(delta): 0.0164512
17 (QN/Block) 	Elapsed: 8.482	Loglikelihood: -2.96497e+07	(delta): 0.0121119
18 (QN/Block) 	Elapsed: 8.636	Loglikelihood: -2.96497e+07	(delta): 0.00782908
19 (QN/Block) 	Elapsed: 8.553	Loglikelihood: -2.96497e+07	(delta): 0.00389085
20 (QN/Block) 	Elapsed: 9.521	Loglikelihood: -2.96497e+07	(delta): 0.00183294
21 (QN/Block) 	Elapsed: 9.537	Loglikelihood: -2.96497e+07	(delta): 0.00102345
22 (QN/Block) 	Elapsed: 9.631	Loglikelihood: -2.96497e+07	(delta): 0.000784665
23 (QN/Block) 	Elapsed: 9.521	Loglikelihood: -2.96497e+07	(delta): 9.09641e-05
Summary: 
Converged in 23 iterations (231.866 sec)
Loglikelihood: -29649703.613728
Fst divergences between estimated populations: 
	Pop0	Pop1	Pop2	Pop3	
Pop0	
Pop1	0.109	
Pop2	0.038	0.101	
Pop3	0.124	0.173	0.120	
Pop4	0.086	0.093	0.062	0.147	
CV error (K=5): 0.21026
Writing output files.
