****                   ADMIXTURE Version 1.3.1                  ****
****                    Copyright 2008-2025                     ****
****           David Alexander, Suyash Shringarpure,            ****
****                John Novembre, Ken Lange                    ****
****                                                            ****
****                 Please cite our paper!                     ****
****   Information at https://dalexander.github.io/admixture/   ****

Cross-validation will be performed.  Folds=5.
Parallel execution requested.  Will use 1 threads.
Random seed: 43
Point estimation method: Block relaxation algorithm
Convergence acceleration algorithm: QuasiNewton, 3 secant conditions
Point estimation will terminate when objective function delta < 0.0001
Estimation of standard errors disabled; will compute point estimates only.
Size of G: 2504x32319
Performing five EM steps to prime main algorithm
1 (EM) 	Elapsed: 1.269	Loglikelihood: -3.5455e+07	(delta): 1.03236e+08
2 (EM) 	Elapsed: 1.175	Loglikelihood: -3.42415e+07	(delta): 1.21352e+06
3 (EM) 	Elapsed: 1.202	Loglikelihood: -3.40007e+07	(delta): 240737
4 (EM) 	Elapsed: 1.172	Loglikelihood: -3.38813e+07	(delta): 119422
5 (EM) 	Elapsed: 1.194	Loglikelihood: -3.38213e+07	(delta): 59980.2
Initial loglikelihood: -3.38213e+07
Starting main algorithm
1 (QN/Block) 	Elapsed: 2.408	Loglikelihood: -3.30053e+07	(delta): 816057
2 (QN/Block) 	Elapsed: 2.409	Loglikelihood: -3.24363e+07	(delta): 568934
3 (QN/Block) 	Elapsed: 2.907	Loglikelihood: -3.21876e+07	(delta): 248716
4 (QN/Block) 	Elapsed: 3.638	Loglikelihood: -3.16956e+07	(delta): 492004
5 (QN/Block) 	Elapsed: 3.129	Loglikelihood: -3.12328e+07	(delta): 462786
6 (QN/Block) 	Elapsed: 3.192	Loglikelihood: -3.11523e+07	(delta): 80549.3
7 (QN/Block) 	Elapsed: 2.961	Loglikelihood: -3.1115e+07	(delta): 37305.5
8 (QN/Block) 	Elapsed: 3.003	Loglikelihood: -3.11071e+07	(delta): 7896.34
9 (QN/Block) 	Elapsed: 2.936	Loglikelihood: -3.11065e+07	(delta): 598.784
10 (QN/Block) 	Elapsed: 2.927	Loglikelihood: -3.11064e+07	(delta): 54.5209
11 (QN/Block) 	Elapsed: 3.021	Loglikelihood: -3.11064e+07	(delta): 2.40578
12 (QN/Block) 	Elapsed: 3.019	Loglikelihood: -3.11064e+07	(delta): 0.460948
13 (QN/Block) 	Elapsed: 2.897	Loglikelihood: -3.11064e+07	(delta): 0.106287
14 (QN/Block) 	Elapsed: 2.899	Loglikelihood: -3.11064e+07	(delta): 0.0292575
15 (QN/Block) 	Elapsed: 3.177	Loglikelihood: -3.11064e+07	(delta): 0.0134091
16 (QN/Block) 	Elapsed: 3.782	Loglikelihood: -3.11064e+07	(delta): 0.00190487
17 (QN/Block) 	Elapsed: 2.918	Loglikelihood: -3.11064e+07	(delta): 0.00327301
18 (QN/Block) 	Elapsed: 3.106	Loglikelihood: -3.11064e+07	(delta): 0.000418819
19 (QN/Block) 	Elapsed: 2.929	Loglikelihood: -3.11064e+07	(delta): 9.83477e-05
Summary: 
Converged in 19 iterations (70.391 sec)
Loglikelihood: -31106406.252592
Fst divergences between estimated populations: 
	Pop0	
Pop0	
Pop1	0.116	
CV error (K=2): 0.22724
Writing output files.
