PLINK v1.9.0-b.8 64-bit (22 Oct 2024)
Options in effect:
  --bfile dump/structure/structure_chr1.pruned
  --make-bed
  --merge-list dump/structure/mergelist.txt
  --out dump/structure/structure_ALL.pruned

Hostname: jlwu
Working directory: /home/wjl/Population_Structure_Modeling
Start time: Wed Mar  4 12:48:26 2026

Random number seed: 1772657306
15544 MB RAM detected; reserving 7772 MB for main workspace.
Performing single-pass merge (2504 people, 95251 variants).
Merged fileset written to dump/structure/structure_ALL.pruned-merge.bed +
dump/structure/structure_ALL.pruned-merge.bim +
dump/structure/structure_ALL.pruned-merge.fam .
95251 variants loaded from .bim file.
2504 people (0 males, 0 females, 2504 ambiguous) loaded from .fam.
Ambiguous sex IDs written to dump/structure/structure_ALL.pruned.nosex .
Using 1 thread (no multithreaded calculations invoked).
Before main variant filters, 2504 founders and 0 nonfounders present.
Calculating allele frequencies... done.
Total genotyping rate is 0.999925.
95251 variants and 2504 people pass filters and QC.
Note: No phenotypes present.
--make-bed to dump/structure/structure_ALL.pruned.bed +
dump/structure/structure_ALL.pruned.bim +
dump/structure/structure_ALL.pruned.fam ... done.

End time: Wed Mar  4 12:48:27 2026
