PLINK v1.9.0-b.8 64-bit (22 Oct 2024)
Options in effect:
  --double-id
  --keep admixture_samples.txt
  --maf 0.01
  --make-bed
  --out ./dump/admixture_chr17
  --vcf 1000Genomes/1000G_chr17_pruned.vcf.gz

Hostname: xueqian-Alienware-Aurora-R15-AMD
Working directory: /home/xueqian/xq/cse284/final_project
Start time: Thu Feb  5 21:33:26 2026

Random number seed: 1770356006
31789 MB RAM detected; reserving 15894 MB for main workspace.
--vcf: ./dump/admixture_chr17-temporary.bed +
./dump/admixture_chr17-temporary.bim + ./dump/admixture_chr17-temporary.fam
written.
25242 variants loaded from .bim file.
2504 people (0 males, 0 females, 2504 ambiguous) loaded from .fam.
Ambiguous sex IDs written to ./dump/admixture_chr17.nosex .
--keep: 2504 people remaining.
Using 1 thread (no multithreaded calculations invoked).
Before main variant filters, 2504 founders and 0 nonfounders present.
Calculating allele frequencies... done.
Total genotyping rate is 0.99989.
607 variants removed due to minor allele threshold(s)
(--maf/--max-maf/--mac/--max-mac).
24635 variants and 2504 people pass filters and QC.
Note: No phenotypes present.
--make-bed to ./dump/admixture_chr17.bed + ./dump/admixture_chr17.bim +
./dump/admixture_chr17.fam ... done.

End time: Thu Feb  5 21:33:26 2026
