PLINK v1.9.0-b.8 64-bit (22 Oct 2024)
Options in effect:
  --double-id
  --keep admixture_samples.txt
  --maf 0.01
  --make-bed
  --out ./dump/admixture_chr1
  --vcf 1000Genomes/1000G_chr1_pruned.vcf.gz

Hostname: xueqian-Alienware-Aurora-R15-AMD
Working directory: /home/xueqian/xq/cse284/final_project
Start time: Thu Feb  5 21:33:27 2026

Random number seed: 1770356007
31789 MB RAM detected; reserving 15894 MB for main workspace.
--vcf: ./dump/admixture_chr1-temporary.bed +
./dump/admixture_chr1-temporary.bim + ./dump/admixture_chr1-temporary.fam
written.
74772 variants loaded from .bim file.
2504 people (0 males, 0 females, 2504 ambiguous) loaded from .fam.
Ambiguous sex IDs written to ./dump/admixture_chr1.nosex .
--keep: 2504 people remaining.
Using 1 thread (no multithreaded calculations invoked).
Before main variant filters, 2504 founders and 0 nonfounders present.
Calculating allele frequencies... done.
Total genotyping rate is 0.999926.
1285 variants removed due to minor allele threshold(s)
(--maf/--max-maf/--mac/--max-mac).
73487 variants and 2504 people pass filters and QC.
Note: No phenotypes present.
--make-bed to ./dump/admixture_chr1.bed + ./dump/admixture_chr1.bim +
./dump/admixture_chr1.fam ... done.

End time: Thu Feb  5 21:33:29 2026
