PLINK v1.9.0-b.8 64-bit (22 Oct 2024)
Options in effect:
  --bfile ./dump/admixture_chr11
  --extract plink.prune.in
  --make-bed
  --out ./dump/admixture_chr11.pruned

Hostname: xueqian-Alienware-Aurora-R15-AMD
Working directory: /home/xueqian/xq/cse284/final_project
Start time: Thu Feb  5 21:33:21 2026

Random number seed: 1770356001
31789 MB RAM detected; reserving 15894 MB for main workspace.
45862 variants loaded from .bim file.
2504 people (0 males, 0 females, 2504 ambiguous) loaded from .fam.
Ambiguous sex IDs written to ./dump/admixture_chr11.pruned.nosex .
--extract: 4675 variants remaining.
Using 1 thread (no multithreaded calculations invoked).
Before main variant filters, 2504 founders and 0 nonfounders present.
Calculating allele frequencies... done.
Total genotyping rate is 0.999918.
4675 variants and 2504 people pass filters and QC.
Note: No phenotypes present.
--make-bed to ./dump/admixture_chr11.pruned.bed +
./dump/admixture_chr11.pruned.bim + ./dump/admixture_chr11.pruned.fam ... done.

End time: Thu Feb  5 21:33:21 2026
