****                   ADMIXTURE Version 1.3.0                  ****
****                    Copyright 2008-2015                     ****
****           David Alexander, Suyash Shringarpure,            ****
****                John  Novembre, Ken Lange                   ****
****                                                            ****
****                 Please cite our paper!                     ****
****   Information at www.genetics.ucla.edu/software/admixture  ****

Cross-validation will be performed.  Folds=10.
Random seed: 43
Point estimation method: Block relaxation algorithm
Convergence acceleration algorithm: QuasiNewton, 3 secant conditions
Point estimation will terminate when objective function delta < 0.0001
Estimation of standard errors disabled; will compute point estimates only.
Size of G: 2504x95251
Performing five EM steps to prime main algorithm
1 (EM) 	Elapsed: 7.509	Loglikelihood: -2.31322e+08	(delta): 1.39214e+08
2 (EM) 	Elapsed: 7.351	Loglikelihood: -2.25302e+08	(delta): 6.02027e+06
3 (EM) 	Elapsed: 7.637	Loglikelihood: -2.23653e+08	(delta): 1.64917e+06
4 (EM) 	Elapsed: 7.381	Loglikelihood: -2.22654e+08	(delta): 998443
5 (EM) 	Elapsed: 7.562	Loglikelihood: -2.2195e+08	(delta): 704602
Initial loglikelihood: -2.2195e+08
Starting main algorithm
1 (QN/Block) 	Elapsed: 17.718	Loglikelihood: -2.08593e+08	(delta): 1.33564e+07
2 (QN/Block) 	Elapsed: 17.607	Loglikelihood: -2.0685e+08	(delta): 1.74361e+06
3 (QN/Block) 	Elapsed: 19.985	Loglikelihood: -2.05942e+08	(delta): 907480
4 (QN/Block) 	Elapsed: 19.867	Loglikelihood: -2.05508e+08	(delta): 434503
5 (QN/Block) 	Elapsed: 19.868	Loglikelihood: -2.05391e+08	(delta): 116370
6 (QN/Block) 	Elapsed: 19.865	Loglikelihood: -2.05337e+08	(delta): 54155.7
7 (QN/Block) 	Elapsed: 19.866	Loglikelihood: -2.05305e+08	(delta): 32013.5
8 (QN/Block) 	Elapsed: 21.021	Loglikelihood: -2.05266e+08	(delta): 39503.3
9 (QN/Block) 	Elapsed: 23.303	Loglikelihood: -2.05254e+08	(delta): 11792.3
10 (QN/Block) 	Elapsed: 22.146	Loglikelihood: -2.05244e+08	(delta): 9893.91
11 (QN/Block) 	Elapsed: 23.287	Loglikelihood: -2.05238e+08	(delta): 5513.87
12 (QN/Block) 	Elapsed: 23.283	Loglikelihood: -2.05237e+08	(delta): 1745.32
13 (QN/Block) 	Elapsed: 22.137	Loglikelihood: -2.05234e+08	(delta): 2264.48
14 (QN/Block) 	Elapsed: 23.273	Loglikelihood: -2.05233e+08	(delta): 1430.57
15 (QN/Block) 	Elapsed: 23.277	Loglikelihood: -2.05232e+08	(delta): 916.613
16 (QN/Block) 	Elapsed: 22.145	Loglikelihood: -2.05232e+08	(delta): 447.96
17 (QN/Block) 	Elapsed: 23.301	Loglikelihood: -2.05231e+08	(delta): 609.084
18 (QN/Block) 	Elapsed: 23.445	Loglikelihood: -2.05231e+08	(delta): 114.459
19 (QN/Block) 	Elapsed: 20.082	Loglikelihood: -2.05231e+08	(delta): 93.8507
20 (QN/Block) 	Elapsed: 20.21	Loglikelihood: -2.05231e+08	(delta): 75.0149
21 (QN/Block) 	Elapsed: 19.94	Loglikelihood: -2.05231e+08	(delta): 37.4892
22 (QN/Block) 	Elapsed: 19.932	Loglikelihood: -2.05231e+08	(delta): 15.5905
23 (QN/Block) 	Elapsed: 19.871	Loglikelihood: -2.05231e+08	(delta): 5.19472
24 (QN/Block) 	Elapsed: 19.926	Loglikelihood: -2.05231e+08	(delta): 3.65919
25 (QN/Block) 	Elapsed: 23.303	Loglikelihood: -2.05231e+08	(delta): 1.69722
26 (QN/Block) 	Elapsed: 19.902	Loglikelihood: -2.05231e+08	(delta): 0.536926
27 (QN/Block) 	Elapsed: 22.142	Loglikelihood: -2.05231e+08	(delta): 0.0920327
28 (QN/Block) 	Elapsed: 19.87	Loglikelihood: -2.05231e+08	(delta): 0.0521648
29 (QN/Block) 	Elapsed: 19.901	Loglikelihood: -2.05231e+08	(delta): 0.00735852
30 (QN/Block) 	Elapsed: 19.884	Loglikelihood: -2.05231e+08	(delta): 0.00127271
31 (QN/Block) 	Elapsed: 19.901	Loglikelihood: -2.05231e+08	(delta): 7.67708e-05
Summary: 
Converged in 31 iterations (732.378 sec)
Loglikelihood: -205230605.819418
Fst divergences between estimated populations: 
	Pop0	Pop1	Pop2	
Pop0	
Pop1	0.109	
Pop2	0.119	0.045	
Pop3	0.137	0.063	0.095	
CV error (K=4): 0.46742
Writing output files.
