****                   ADMIXTURE Version 1.3.0                  ****
****                    Copyright 2008-2015                     ****
****           David Alexander, Suyash Shringarpure,            ****
****                John  Novembre, Ken Lange                   ****
****                                                            ****
****                 Please cite our paper!                     ****
****   Information at www.genetics.ucla.edu/software/admixture  ****

Cross-validation will be performed.  Folds=10.
Random seed: 43
Point estimation method: Block relaxation algorithm
Convergence acceleration algorithm: QuasiNewton, 3 secant conditions
Point estimation will terminate when objective function delta < 0.0001
Estimation of standard errors disabled; will compute point estimates only.
Size of G: 2504x95251
Performing five EM steps to prime main algorithm
1 (EM) 	Elapsed: 5.312	Loglikelihood: -2.31205e+08	(delta): 1.52712e+08
2 (EM) 	Elapsed: 5.429	Loglikelihood: -2.25052e+08	(delta): 6.15302e+06
3 (EM) 	Elapsed: 5.203	Loglikelihood: -2.23218e+08	(delta): 1.83423e+06
4 (EM) 	Elapsed: 5.682	Loglikelihood: -2.22132e+08	(delta): 1.08533e+06
5 (EM) 	Elapsed: 5.259	Loglikelihood: -2.21418e+08	(delta): 714630
Initial loglikelihood: -2.21418e+08
Starting main algorithm
1 (QN/Block) 	Elapsed: 12.306	Loglikelihood: -2.1003e+08	(delta): 1.13878e+07
2 (QN/Block) 	Elapsed: 12.312	Loglikelihood: -2.07999e+08	(delta): 2.03074e+06
3 (QN/Block) 	Elapsed: 14.421	Loglikelihood: -2.07077e+08	(delta): 921884
4 (QN/Block) 	Elapsed: 15.464	Loglikelihood: -2.06613e+08	(delta): 464393
5 (QN/Block) 	Elapsed: 15.463	Loglikelihood: -2.065e+08	(delta): 113072
6 (QN/Block) 	Elapsed: 14.406	Loglikelihood: -2.06453e+08	(delta): 47047.2
7 (QN/Block) 	Elapsed: 15.466	Loglikelihood: -2.0644e+08	(delta): 12384.8
8 (QN/Block) 	Elapsed: 15.502	Loglikelihood: -2.06437e+08	(delta): 3479.51
9 (QN/Block) 	Elapsed: 17.83	Loglikelihood: -2.06436e+08	(delta): 471.827
10 (QN/Block) 	Elapsed: 14.5	Loglikelihood: -2.06436e+08	(delta): 17.1895
11 (QN/Block) 	Elapsed: 14.513	Loglikelihood: -2.06436e+08	(delta): 0.764618
12 (QN/Block) 	Elapsed: 14.511	Loglikelihood: -2.06436e+08	(delta): 0.0600083
13 (QN/Block) 	Elapsed: 14.509	Loglikelihood: -2.06436e+08	(delta): 0.0137928
14 (QN/Block) 	Elapsed: 14.508	Loglikelihood: -2.06436e+08	(delta): 0.00234199
15 (QN/Block) 	Elapsed: 14.504	Loglikelihood: -2.06436e+08	(delta): 0.000478208
16 (QN/Block) 	Elapsed: 14.505	Loglikelihood: -2.06436e+08	(delta): 0.000146925
17 (QN/Block) 	Elapsed: 14.502	Loglikelihood: -2.06436e+08	(delta): 0.00010252
18 (QN/Block) 	Elapsed: 14.495	Loglikelihood: -2.06436e+08	(delta): -7.15256e-07
19 (QN/Block) 	Elapsed: 17.681	Loglikelihood: -2.06436e+08	(delta): 1.60933e-06
Summary: 
Converged in 19 iterations (336.9 sec)
Loglikelihood: -206436255.109822
Fst divergences between estimated populations: 
	Pop0	Pop1	
Pop0	
Pop1	0.089	
Pop2	0.112	0.135	
CV error (K=3): 0.47210
Writing output files.
