****                   ADMIXTURE Version 1.3.0                  ****
****                    Copyright 2008-2015                     ****
****           David Alexander, Suyash Shringarpure,            ****
****                John  Novembre, Ken Lange                   ****
****                                                            ****
****                 Please cite our paper!                     ****
****   Information at www.genetics.ucla.edu/software/admixture  ****

Cross-validation will be performed.  Folds=10.
Random seed: 43
Point estimation method: Block relaxation algorithm
Convergence acceleration algorithm: QuasiNewton, 3 secant conditions
Point estimation will terminate when objective function delta < 0.0001
Estimation of standard errors disabled; will compute point estimates only.
Size of G: 2504x95251
Performing five EM steps to prime main algorithm
1 (EM) 	Elapsed: 16.037	Loglikelihood: -2.30441e+08	(delta): 1.23507e+08
2 (EM) 	Elapsed: 16.025	Loglikelihood: -2.24763e+08	(delta): 5.67814e+06
3 (EM) 	Elapsed: 16.046	Loglikelihood: -2.23579e+08	(delta): 1.18413e+06
4 (EM) 	Elapsed: 16	Loglikelihood: -2.2288e+08	(delta): 699084
5 (EM) 	Elapsed: 15.845	Loglikelihood: -2.22356e+08	(delta): 523990
Initial loglikelihood: -2.22356e+08
Starting main algorithm
1 (QN/Block) 	Elapsed: 37.006	Loglikelihood: -2.06732e+08	(delta): 1.56241e+07
2 (QN/Block) 	Elapsed: 36.93	Loglikelihood: -2.0486e+08	(delta): 1.87141e+06
3 (QN/Block) 	Elapsed: 41.689	Loglikelihood: -2.04383e+08	(delta): 476838
4 (QN/Block) 	Elapsed: 44.569	Loglikelihood: -2.04163e+08	(delta): 220553
5 (QN/Block) 	Elapsed: 43.034	Loglikelihood: -2.04114e+08	(delta): 48995.6
6 (QN/Block) 	Elapsed: 40.056	Loglikelihood: -2.04084e+08	(delta): 29387.2
7 (QN/Block) 	Elapsed: 41.706	Loglikelihood: -2.04058e+08	(delta): 26808
8 (QN/Block) 	Elapsed: 43.095	Loglikelihood: -2.04042e+08	(delta): 15660.6
9 (QN/Block) 	Elapsed: 41.621	Loglikelihood: -2.04029e+08	(delta): 12655.8
10 (QN/Block) 	Elapsed: 40.158	Loglikelihood: -2.04024e+08	(delta): 5181.51
11 (QN/Block) 	Elapsed: 40.07	Loglikelihood: -2.0402e+08	(delta): 4442.03
12 (QN/Block) 	Elapsed: 42.834	Loglikelihood: -2.04016e+08	(delta): 3825.33
13 (QN/Block) 	Elapsed: 44.473	Loglikelihood: -2.0401e+08	(delta): 5513.4
14 (QN/Block) 	Elapsed: 44.441	Loglikelihood: -2.04004e+08	(delta): 6807.37
15 (QN/Block) 	Elapsed: 44.296	Loglikelihood: -2.03992e+08	(delta): 11896.2
16 (QN/Block) 	Elapsed: 44.422	Loglikelihood: -2.03968e+08	(delta): 23143.7
17 (QN/Block) 	Elapsed: 41.284	Loglikelihood: -2.03961e+08	(delta): 7082.65
18 (QN/Block) 	Elapsed: 39.913	Loglikelihood: -2.03956e+08	(delta): 5010.99
19 (QN/Block) 	Elapsed: 40.033	Loglikelihood: -2.03954e+08	(delta): 2870.03
20 (QN/Block) 	Elapsed: 39.778	Loglikelihood: -2.03952e+08	(delta): 1992.38
21 (QN/Block) 	Elapsed: 44.276	Loglikelihood: -2.0395e+08	(delta): 1088.94
22 (QN/Block) 	Elapsed: 41.409	Loglikelihood: -2.03948e+08	(delta): 2128.61
23 (QN/Block) 	Elapsed: 44.67	Loglikelihood: -2.03942e+08	(delta): 6584.97
24 (QN/Block) 	Elapsed: 44.28	Loglikelihood: -2.03939e+08	(delta): 2655.58
25 (QN/Block) 	Elapsed: 44.324	Loglikelihood: -2.03938e+08	(delta): 1028.45
26 (QN/Block) 	Elapsed: 44.574	Loglikelihood: -2.03937e+08	(delta): 1017.67
27 (QN/Block) 	Elapsed: 45.482	Loglikelihood: -2.03936e+08	(delta): 1028.49
28 (QN/Block) 	Elapsed: 44.671	Loglikelihood: -2.03935e+08	(delta): 1041.27
29 (QN/Block) 	Elapsed: 44.503	Loglikelihood: -2.03934e+08	(delta): 1050.68
30 (QN/Block) 	Elapsed: 44.791	Loglikelihood: -2.03933e+08	(delta): 1056.47
31 (QN/Block) 	Elapsed: 45.313	Loglikelihood: -2.03932e+08	(delta): 1055.53
32 (QN/Block) 	Elapsed: 45.512	Loglikelihood: -2.03931e+08	(delta): 1047.95
33 (QN/Block) 	Elapsed: 45.787	Loglikelihood: -2.0393e+08	(delta): 1035.86
34 (QN/Block) 	Elapsed: 44.67	Loglikelihood: -2.03929e+08	(delta): 1022.06
35 (QN/Block) 	Elapsed: 44.36	Loglikelihood: -2.03928e+08	(delta): 1008.49
36 (QN/Block) 	Elapsed: 44.671	Loglikelihood: -2.03927e+08	(delta): 979.784
37 (QN/Block) 	Elapsed: 44.556	Loglikelihood: -2.03926e+08	(delta): 1083.75
38 (QN/Block) 	Elapsed: 46.096	Loglikelihood: -2.03921e+08	(delta): 4683.56
39 (QN/Block) 	Elapsed: 44.623	Loglikelihood: -2.03919e+08	(delta): 1552.42
40 (QN/Block) 	Elapsed: 44.3	Loglikelihood: -2.03918e+08	(delta): 905.808
41 (QN/Block) 	Elapsed: 44.391	Loglikelihood: -2.03918e+08	(delta): 858.08
42 (QN/Block) 	Elapsed: 44.659	Loglikelihood: -2.03917e+08	(delta): 1007.23
43 (QN/Block) 	Elapsed: 44.331	Loglikelihood: -2.03916e+08	(delta): 977.438
44 (QN/Block) 	Elapsed: 44.298	Loglikelihood: -2.03915e+08	(delta): 655.603
45 (QN/Block) 	Elapsed: 44.793	Loglikelihood: -2.03915e+08	(delta): 388.475
46 (QN/Block) 	Elapsed: 43.582	Loglikelihood: -2.03914e+08	(delta): 207.071
47 (QN/Block) 	Elapsed: 45.089	Loglikelihood: -2.03914e+08	(delta): 233.338
48 (QN/Block) 	Elapsed: 45.047	Loglikelihood: -2.03914e+08	(delta): 150.467
49 (QN/Block) 	Elapsed: 45.06	Loglikelihood: -2.03914e+08	(delta): 60.1319
50 (QN/Block) 	Elapsed: 45.034	Loglikelihood: -2.03914e+08	(delta): 56.5514
51 (QN/Block) 	Elapsed: 45.03	Loglikelihood: -2.03914e+08	(delta): 55.04
52 (QN/Block) 	Elapsed: 45.058	Loglikelihood: -2.03914e+08	(delta): 54.8252
53 (QN/Block) 	Elapsed: 45.016	Loglikelihood: -2.03914e+08	(delta): 53.3415
54 (QN/Block) 	Elapsed: 41.977	Loglikelihood: -2.03914e+08	(delta): 70.9491
55 (QN/Block) 	Elapsed: 43.469	Loglikelihood: -2.03914e+08	(delta): 57.9604
56 (QN/Block) 	Elapsed: 43.466	Loglikelihood: -2.03914e+08	(delta): 5.40526
57 (QN/Block) 	Elapsed: 40.416	Loglikelihood: -2.03914e+08	(delta): 1.17013
58 (QN/Block) 	Elapsed: 40.455	Loglikelihood: -2.03914e+08	(delta): 0.476181
59 (QN/Block) 	Elapsed: 40.454	Loglikelihood: -2.03914e+08	(delta): 0.256666
60 (QN/Block) 	Elapsed: 44.116	Loglikelihood: -2.03914e+08	(delta): 0.0520777
61 (QN/Block) 	Elapsed: 42.349	Loglikelihood: -2.03914e+08	(delta): 0.0759602
62 (QN/Block) 	Elapsed: 42.738	Loglikelihood: -2.03914e+08	(delta): 0.1091
63 (QN/Block) 	Elapsed: 41.016	Loglikelihood: -2.03914e+08	(delta): 0.0710745
64 (QN/Block) 	Elapsed: 41.026	Loglikelihood: -2.03914e+08	(delta): 0.0128596
65 (QN/Block) 	Elapsed: 42.383	Loglikelihood: -2.03914e+08	(delta): 0.000450909
66 (QN/Block) 	Elapsed: 40.43	Loglikelihood: -2.03914e+08	(delta): 0.000508755
67 (QN/Block) 	Elapsed: 40.397	Loglikelihood: -2.03914e+08	(delta): 0.000182837
68 (QN/Block) 	Elapsed: 40.447	Loglikelihood: -2.03914e+08	(delta): 6.62208e-05
Summary: 
Converged in 68 iterations (3126.58 sec)
Loglikelihood: -203913589.827826
Fst divergences between estimated populations: 
	Pop0	Pop1	Pop2	Pop3	Pop4	Pop5	
Pop0	
Pop1	0.096	
Pop2	0.097	0.116	
Pop3	0.144	0.120	0.174	
Pop4	0.021	0.096	0.103	0.143	
Pop5	0.068	0.042	0.103	0.113	0.067	
Pop6	0.144	0.120	0.173	0.016	0.143	0.112	
CV error (K=7): 0.46311
Writing output files.
