****                   ADMIXTURE Version 1.3.0                  ****
****                    Copyright 2008-2015                     ****
****           David Alexander, Suyash Shringarpure,            ****
****                John  Novembre, Ken Lange                   ****
****                                                            ****
****                 Please cite our paper!                     ****
****   Information at www.genetics.ucla.edu/software/admixture  ****

Cross-validation will be performed.  Folds=10.
Random seed: 43
Point estimation method: Block relaxation algorithm
Convergence acceleration algorithm: QuasiNewton, 3 secant conditions
Point estimation will terminate when objective function delta < 0.0001
Estimation of standard errors disabled; will compute point estimates only.
Size of G: 2504x95251
Performing five EM steps to prime main algorithm
1 (EM) 	Elapsed: 12.66	Loglikelihood: -2.30797e+08	(delta): 1.27032e+08
2 (EM) 	Elapsed: 12.668	Loglikelihood: -2.25011e+08	(delta): 5.78603e+06
3 (EM) 	Elapsed: 12.614	Loglikelihood: -2.2369e+08	(delta): 1.32145e+06
4 (EM) 	Elapsed: 12.717	Loglikelihood: -2.22895e+08	(delta): 794601
5 (EM) 	Elapsed: 12.74	Loglikelihood: -2.22304e+08	(delta): 591028
Initial loglikelihood: -2.22304e+08
Starting main algorithm
1 (QN/Block) 	Elapsed: 30.312	Loglikelihood: -2.07989e+08	(delta): 1.43149e+07
2 (QN/Block) 	Elapsed: 30.043	Loglikelihood: -2.06278e+08	(delta): 1.71125e+06
3 (QN/Block) 	Elapsed: 32.739	Loglikelihood: -2.05539e+08	(delta): 739352
4 (QN/Block) 	Elapsed: 32.654	Loglikelihood: -2.05242e+08	(delta): 296197
5 (QN/Block) 	Elapsed: 36.808	Loglikelihood: -2.04899e+08	(delta): 343682
6 (QN/Block) 	Elapsed: 36.981	Loglikelihood: -2.04663e+08	(delta): 235370
7 (QN/Block) 	Elapsed: 36.864	Loglikelihood: -2.04559e+08	(delta): 104197
8 (QN/Block) 	Elapsed: 32.769	Loglikelihood: -2.04447e+08	(delta): 112665
9 (QN/Block) 	Elapsed: 34.145	Loglikelihood: -2.04337e+08	(delta): 109923
10 (QN/Block) 	Elapsed: 35.456	Loglikelihood: -2.04283e+08	(delta): 53664.7
11 (QN/Block) 	Elapsed: 48.973	Loglikelihood: -2.04231e+08	(delta): 52324.2
12 (QN/Block) 	Elapsed: 42.102	Loglikelihood: -2.04182e+08	(delta): 49025.4
13 (QN/Block) 	Elapsed: 34.608	Loglikelihood: -2.04154e+08	(delta): 28075.6
14 (QN/Block) 	Elapsed: 37.299	Loglikelihood: -2.0414e+08	(delta): 13830.4
15 (QN/Block) 	Elapsed: 33.188	Loglikelihood: -2.04128e+08	(delta): 12085.6
16 (QN/Block) 	Elapsed: 33.371	Loglikelihood: -2.04117e+08	(delta): 10687.5
17 (QN/Block) 	Elapsed: 36.184	Loglikelihood: -2.04113e+08	(delta): 3765.08
18 (QN/Block) 	Elapsed: 33.449	Loglikelihood: -2.04112e+08	(delta): 1669.98
19 (QN/Block) 	Elapsed: 37.486	Loglikelihood: -2.04111e+08	(delta): 991.196
20 (QN/Block) 	Elapsed: 36.181	Loglikelihood: -2.0411e+08	(delta): 116.735
21 (QN/Block) 	Elapsed: 36.446	Loglikelihood: -2.0411e+08	(delta): 49.8376
22 (QN/Block) 	Elapsed: 37.851	Loglikelihood: -2.0411e+08	(delta): 36.1365
23 (QN/Block) 	Elapsed: 35.005	Loglikelihood: -2.0411e+08	(delta): 34.0006
24 (QN/Block) 	Elapsed: 34.896	Loglikelihood: -2.0411e+08	(delta): 22.4846
25 (QN/Block) 	Elapsed: 33.389	Loglikelihood: -2.0411e+08	(delta): 19.1248
26 (QN/Block) 	Elapsed: 33.757	Loglikelihood: -2.0411e+08	(delta): 20.2086
27 (QN/Block) 	Elapsed: 33.541	Loglikelihood: -2.0411e+08	(delta): 10.387
28 (QN/Block) 	Elapsed: 33.412	Loglikelihood: -2.0411e+08	(delta): 9.67739
29 (QN/Block) 	Elapsed: 33.336	Loglikelihood: -2.0411e+08	(delta): 3.07755
30 (QN/Block) 	Elapsed: 34.719	Loglikelihood: -2.0411e+08	(delta): 2.82877
31 (QN/Block) 	Elapsed: 37.644	Loglikelihood: -2.0411e+08	(delta): 0.763066
32 (QN/Block) 	Elapsed: 34.49	Loglikelihood: -2.0411e+08	(delta): 1.73624
33 (QN/Block) 	Elapsed: 34.798	Loglikelihood: -2.0411e+08	(delta): 0.554658
34 (QN/Block) 	Elapsed: 34.839	Loglikelihood: -2.0411e+08	(delta): 0.0283653
35 (QN/Block) 	Elapsed: 36.36	Loglikelihood: -2.0411e+08	(delta): 0.0134063
36 (QN/Block) 	Elapsed: 39.322	Loglikelihood: -2.0411e+08	(delta): 0.0143599
37 (QN/Block) 	Elapsed: 39.245	Loglikelihood: -2.0411e+08	(delta): 0.00504765
38 (QN/Block) 	Elapsed: 34.974	Loglikelihood: -2.0411e+08	(delta): 6.18398e-05
Summary: 
Converged in 38 iterations (1478.6 sec)
Loglikelihood: -204110204.686805
Fst divergences between estimated populations: 
	Pop0	Pop1	Pop2	Pop3	Pop4	
Pop0	
Pop1	0.140	
Pop2	0.174	0.098	
Pop3	0.016	0.140	0.173	
Pop4	0.113	0.063	0.103	0.112	
Pop5	0.120	0.092	0.116	0.120	0.042	
CV error (K=6): 0.46356
Writing output files.
