****                   ADMIXTURE Version 1.3.0                  ****
****                    Copyright 2008-2015                     ****
****           David Alexander, Suyash Shringarpure,            ****
****                John  Novembre, Ken Lange                   ****
****                                                            ****
****                 Please cite our paper!                     ****
****   Information at www.genetics.ucla.edu/software/admixture  ****

Cross-validation will be performed.  Folds=10.
Random seed: 43
Point estimation method: Block relaxation algorithm
Convergence acceleration algorithm: QuasiNewton, 3 secant conditions
Point estimation will terminate when objective function delta < 0.0001
Estimation of standard errors disabled; will compute point estimates only.
Size of G: 2504x95251
Performing five EM steps to prime main algorithm
1 (EM) 	Elapsed: 3.91	Loglikelihood: -2.29348e+08	(delta): 1.79508e+08
2 (EM) 	Elapsed: 3.931	Loglikelihood: -2.23581e+08	(delta): 5.76695e+06
3 (EM) 	Elapsed: 3.414	Loglikelihood: -2.21805e+08	(delta): 1.77638e+06
4 (EM) 	Elapsed: 3.331	Loglikelihood: -2.20919e+08	(delta): 886314
5 (EM) 	Elapsed: 3.372	Loglikelihood: -2.20456e+08	(delta): 462548
Initial loglikelihood: -2.20456e+08
Starting main algorithm
1 (QN/Block) 	Elapsed: 8.039	Loglikelihood: -2.16121e+08	(delta): 4.33517e+06
2 (QN/Block) 	Elapsed: 8.047	Loglikelihood: -2.14565e+08	(delta): 1.55624e+06
3 (QN/Block) 	Elapsed: 10.031	Loglikelihood: -2.13787e+08	(delta): 777724
4 (QN/Block) 	Elapsed: 12.973	Loglikelihood: -2.12396e+08	(delta): 1.39069e+06
5 (QN/Block) 	Elapsed: 12.943	Loglikelihood: -2.11637e+08	(delta): 758978
6 (QN/Block) 	Elapsed: 9.999	Loglikelihood: -2.11179e+08	(delta): 458259
7 (QN/Block) 	Elapsed: 10.987	Loglikelihood: -2.10961e+08	(delta): 217830
8 (QN/Block) 	Elapsed: 9.999	Loglikelihood: -2.10919e+08	(delta): 41991.9
9 (QN/Block) 	Elapsed: 10.012	Loglikelihood: -2.10887e+08	(delta): 32334.1
10 (QN/Block) 	Elapsed: 10.056	Loglikelihood: -2.10875e+08	(delta): 11910.5
11 (QN/Block) 	Elapsed: 12.986	Loglikelihood: -2.10871e+08	(delta): 3542.29
12 (QN/Block) 	Elapsed: 12.93	Loglikelihood: -2.1087e+08	(delta): 1413.76
13 (QN/Block) 	Elapsed: 12.966	Loglikelihood: -2.10869e+08	(delta): 539.252
14 (QN/Block) 	Elapsed: 12.933	Loglikelihood: -2.10869e+08	(delta): 26.0204
15 (QN/Block) 	Elapsed: 10.031	Loglikelihood: -2.10869e+08	(delta): 0.261695
16 (QN/Block) 	Elapsed: 10.066	Loglikelihood: -2.10869e+08	(delta): 0.0767532
17 (QN/Block) 	Elapsed: 11.04	Loglikelihood: -2.10869e+08	(delta): 0.0366139
18 (QN/Block) 	Elapsed: 10.982	Loglikelihood: -2.10869e+08	(delta): 0.0155164
19 (QN/Block) 	Elapsed: 10.006	Loglikelihood: -2.10869e+08	(delta): 0.00542527
20 (QN/Block) 	Elapsed: 10.998	Loglikelihood: -2.10869e+08	(delta): 0.000770062
21 (QN/Block) 	Elapsed: 10.003	Loglikelihood: -2.10869e+08	(delta): 3.72827e-05
Summary: 
Converged in 21 iterations (274.332 sec)
Loglikelihood: -210869364.474980
Fst divergences between estimated populations: 
	Pop0	
Pop0	
Pop1	0.104	
CV error (K=2): 0.49028
Writing output files.
