****                   ADMIXTURE Version 1.3.0                  ****
****                    Copyright 2008-2015                     ****
****           David Alexander, Suyash Shringarpure,            ****
****                John  Novembre, Ken Lange                   ****
****                                                            ****
****                 Please cite our paper!                     ****
****   Information at www.genetics.ucla.edu/software/admixture  ****

Cross-validation will be performed.  Folds=10.
Random seed: 43
Point estimation method: Block relaxation algorithm
Convergence acceleration algorithm: QuasiNewton, 3 secant conditions
Point estimation will terminate when objective function delta < 0.0001
Estimation of standard errors disabled; will compute point estimates only.
Size of G: 2504x95251
Performing five EM steps to prime main algorithm
1 (EM) 	Elapsed: 9.978	Loglikelihood: -2.31119e+08	(delta): 1.3194e+08
2 (EM) 	Elapsed: 10.008	Loglikelihood: -2.25202e+08	(delta): 5.91681e+06
3 (EM) 	Elapsed: 10.056	Loglikelihood: -2.23742e+08	(delta): 1.45975e+06
4 (EM) 	Elapsed: 10.103	Loglikelihood: -2.22862e+08	(delta): 879751
5 (EM) 	Elapsed: 10.01	Loglikelihood: -2.22222e+08	(delta): 640697
Initial loglikelihood: -2.22222e+08
Starting main algorithm
1 (QN/Block) 	Elapsed: 23.754	Loglikelihood: -2.08308e+08	(delta): 1.39137e+07
2 (QN/Block) 	Elapsed: 23.615	Loglikelihood: -2.05759e+08	(delta): 2.54923e+06
3 (QN/Block) 	Elapsed: 26.201	Loglikelihood: -2.04984e+08	(delta): 774669
4 (QN/Block) 	Elapsed: 26.208	Loglikelihood: -2.0458e+08	(delta): 403845
5 (QN/Block) 	Elapsed: 26.167	Loglikelihood: -2.04466e+08	(delta): 114727
6 (QN/Block) 	Elapsed: 27.469	Loglikelihood: -2.04394e+08	(delta): 71085.7
7 (QN/Block) 	Elapsed: 26.177	Loglikelihood: -2.04355e+08	(delta): 39563
8 (QN/Block) 	Elapsed: 26.146	Loglikelihood: -2.0431e+08	(delta): 44841.7
9 (QN/Block) 	Elapsed: 26.238	Loglikelihood: -2.04289e+08	(delta): 20938.6
10 (QN/Block) 	Elapsed: 26.264	Loglikelihood: -2.04278e+08	(delta): 11262.9
11 (QN/Block) 	Elapsed: 27.499	Loglikelihood: -2.04268e+08	(delta): 9551.02
12 (QN/Block) 	Elapsed: 27.455	Loglikelihood: -2.04265e+08	(delta): 3363.98
13 (QN/Block) 	Elapsed: 26.191	Loglikelihood: -2.04264e+08	(delta): 793.583
14 (QN/Block) 	Elapsed: 26.331	Loglikelihood: -2.04264e+08	(delta): 132.294
15 (QN/Block) 	Elapsed: 26.233	Loglikelihood: -2.04264e+08	(delta): 52.1553
16 (QN/Block) 	Elapsed: 26.24	Loglikelihood: -2.04264e+08	(delta): 8.87208
17 (QN/Block) 	Elapsed: 26.21	Loglikelihood: -2.04264e+08	(delta): 0.569454
18 (QN/Block) 	Elapsed: 28.724	Loglikelihood: -2.04264e+08	(delta): 0.0593335
19 (QN/Block) 	Elapsed: 26.082	Loglikelihood: -2.04264e+08	(delta): 0.0060333
20 (QN/Block) 	Elapsed: 26.027	Loglikelihood: -2.04264e+08	(delta): 0.000135422
21 (QN/Block) 	Elapsed: 29.814	Loglikelihood: -2.04264e+08	(delta): 1.86265e-05
Summary: 
Converged in 21 iterations (641.77 sec)
Loglikelihood: -204263965.159203
Fst divergences between estimated populations: 
	Pop0	Pop1	Pop2	Pop3	
Pop0	
Pop1	0.116	
Pop2	0.042	0.103	
Pop3	0.117	0.171	0.109	
Pop4	0.092	0.097	0.063	0.137	
CV error (K=5): 0.46380
Writing output files.
