****                   ADMIXTURE Version 1.3.0                  ****
****                    Copyright 2008-2015                     ****
****           David Alexander, Suyash Shringarpure,            ****
****                John  Novembre, Ken Lange                   ****
****                                                            ****
****                 Please cite our paper!                     ****
****   Information at www.genetics.ucla.edu/software/admixture  ****

Cross-validation will be performed.  Folds=5.
Parallel execution requested.  Will use 1 threads.
Random seed: 43
Point estimation method: Block relaxation algorithm
Convergence acceleration algorithm: QuasiNewton, 3 secant conditions
Point estimation will terminate when objective function delta < 0.0001
Estimation of standard errors disabled; will compute point estimates only.
Size of G: 2504x897781
Performing five EM steps to prime main algorithm
1 (EM) 	Elapsed: 126.569	Loglikelihood: -2.34436e+09	(delta): 1.02379e+09
2 (EM) 	Elapsed: 126.589	Loglikelihood: -2.28428e+09	(delta): 6.00814e+07
3 (EM) 	Elapsed: 126.917	Loglikelihood: -2.26996e+09	(delta): 1.43128e+07
4 (EM) 	Elapsed: 126.76	Loglikelihood: -2.26151e+09	(delta): 8.45396e+06
5 (EM) 	Elapsed: 126.66	Loglikelihood: -2.2553e+09	(delta): 6.20822e+06
Initial loglikelihood: -2.2553e+09
Starting main algorithm
1 (QN/Block) 	Elapsed: 325.167	Loglikelihood: -2.1128e+09	(delta): 1.425e+08
2 (QN/Block) 	Elapsed: 329.031	Loglikelihood: -2.07989e+09	(delta): 3.29133e+07
3 (QN/Block) 	Elapsed: 355.739	Loglikelihood: -2.05963e+09	(delta): 2.02578e+07
4 (QN/Block) 	Elapsed: 391.874	Loglikelihood: -2.05119e+09	(delta): 8.43849e+06
5 (QN/Block) 	Elapsed: 399.443	Loglikelihood: -2.04823e+09	(delta): 2.96734e+06
6 (QN/Block) 	Elapsed: 377.731	Loglikelihood: -2.04621e+09	(delta): 2.01564e+06
7 (QN/Block) 	Elapsed: 365.066	Loglikelihood: -2.04544e+09	(delta): 772222
8 (QN/Block) 	Elapsed: 396.771	Loglikelihood: -2.04499e+09	(delta): 443820
9 (QN/Block) 	Elapsed: 391.307	Loglikelihood: -2.04464e+09	(delta): 354650
10 (QN/Block) 	Elapsed: 364.574	Loglikelihood: -2.04422e+09	(delta): 415353
11 (QN/Block) 	Elapsed: 394.99	Loglikelihood: -2.04378e+09	(delta): 444401
12 (QN/Block) 	Elapsed: 392.594	Loglikelihood: -2.04342e+09	(delta): 356729
13 (QN/Block) 	Elapsed: 370.06	Loglikelihood: -2.04319e+09	(delta): 229744
14 (QN/Block) 	Elapsed: 364.291	Loglikelihood: -2.04304e+09	(delta): 148190
15 (QN/Block) 	Elapsed: 372.417	Loglikelihood: -2.04297e+09	(delta): 79433.9
16 (QN/Block) 	Elapsed: 349.6	Loglikelihood: -2.04291e+09	(delta): 53814.1
17 (QN/Block) 	Elapsed: 350.169	Loglikelihood: -2.04282e+09	(delta): 92990.7
18 (QN/Block) 	Elapsed: 366.844	Loglikelihood: -2.04273e+09	(delta): 89371.2
19 (QN/Block) 	Elapsed: 394.205	Loglikelihood: -2.0427e+09	(delta): 26663.8
20 (QN/Block) 	Elapsed: 351.581	Loglikelihood: -2.04269e+09	(delta): 15605.4
21 (QN/Block) 	Elapsed: 373.54	Loglikelihood: -2.04264e+09	(delta): 49692.6
22 (QN/Block) 	Elapsed: 380.37	Loglikelihood: -2.0426e+09	(delta): 41286.3
23 (QN/Block) 	Elapsed: 398.987	Loglikelihood: -2.04257e+09	(delta): 26132.8
24 (QN/Block) 	Elapsed: 367.237	Loglikelihood: -2.04255e+09	(delta): 21486
25 (QN/Block) 	Elapsed: 390.542	Loglikelihood: -2.04254e+09	(delta): 9899.55
26 (QN/Block) 	Elapsed: 395.59	Loglikelihood: -2.04253e+09	(delta): 10572.8
27 (QN/Block) 	Elapsed: 395.019	Loglikelihood: -2.04252e+09	(delta): 11512.3
28 (QN/Block) 	Elapsed: 392.67	Loglikelihood: -2.0425e+09	(delta): 12777.7
29 (QN/Block) 	Elapsed: 399.607	Loglikelihood: -2.04249e+09	(delta): 14486.4
30 (QN/Block) 	Elapsed: 402.77	Loglikelihood: -2.04247e+09	(delta): 16779
31 (QN/Block) 	Elapsed: 390.308	Loglikelihood: -2.04245e+09	(delta): 19747.1
32 (QN/Block) 	Elapsed: 390.742	Loglikelihood: -2.04243e+09	(delta): 23356.1
33 (QN/Block) 	Elapsed: 395.071	Loglikelihood: -2.0424e+09	(delta): 27021.3
34 (QN/Block) 	Elapsed: 382.708	Loglikelihood: -2.04236e+09	(delta): 44930.8
35 (QN/Block) 	Elapsed: 385.714	Loglikelihood: -2.04232e+09	(delta): 36599
36 (QN/Block) 	Elapsed: 392.882	Loglikelihood: -2.04231e+09	(delta): 10459.3
37 (QN/Block) 	Elapsed: 353.226	Loglikelihood: -2.0423e+09	(delta): 6957.14
38 (QN/Block) 	Elapsed: 352.947	Loglikelihood: -2.04229e+09	(delta): 11591.1
39 (QN/Block) 	Elapsed: 359.427	Loglikelihood: -2.04228e+09	(delta): 7636.97
40 (QN/Block) 	Elapsed: 353.998	Loglikelihood: -2.04228e+09	(delta): 4080.48
41 (QN/Block) 	Elapsed: 355.629	Loglikelihood: -2.04228e+09	(delta): 2871.95
42 (QN/Block) 	Elapsed: 359.218	Loglikelihood: -2.04227e+09	(delta): 8391.85
43 (QN/Block) 	Elapsed: 350.547	Loglikelihood: -2.04226e+09	(delta): 5267.01
44 (QN/Block) 	Elapsed: 361.33	Loglikelihood: -2.04226e+09	(delta): 2913.52
45 (QN/Block) 	Elapsed: 395.035	Loglikelihood: -2.04226e+09	(delta): 1452.97
46 (QN/Block) 	Elapsed: 359.709	Loglikelihood: -2.04226e+09	(delta): 2477.66
47 (QN/Block) 	Elapsed: 399.825	Loglikelihood: -2.04225e+09	(delta): 3117.97
48 (QN/Block) 	Elapsed: 407.184	Loglikelihood: -2.04225e+09	(delta): 1645.76
49 (QN/Block) 	Elapsed: 361.555	Loglikelihood: -2.04225e+09	(delta): 830.29
50 (QN/Block) 	Elapsed: 351.362	Loglikelihood: -2.04225e+09	(delta): 380.762
51 (QN/Block) 	Elapsed: 355.172	Loglikelihood: -2.04225e+09	(delta): 235.574
52 (QN/Block) 	Elapsed: 362.447	Loglikelihood: -2.04225e+09	(delta): 817.8
53 (QN/Block) 	Elapsed: 356.086	Loglikelihood: -2.04225e+09	(delta): 799.752
54 (QN/Block) 	Elapsed: 365.335	Loglikelihood: -2.04225e+09	(delta): 570.588
55 (QN/Block) 	Elapsed: 356.21	Loglikelihood: -2.04225e+09	(delta): 347.009
56 (QN/Block) 	Elapsed: 381.373	Loglikelihood: -2.04225e+09	(delta): 218.709
57 (QN/Block) 	Elapsed: 363.201	Loglikelihood: -2.04225e+09	(delta): 197.089
58 (QN/Block) 	Elapsed: 395.468	Loglikelihood: -2.04225e+09	(delta): 120
59 (QN/Block) 	Elapsed: 365.497	Loglikelihood: -2.04225e+09	(delta): 300.494
60 (QN/Block) 	Elapsed: 392.493	Loglikelihood: -2.04225e+09	(delta): 206.852
61 (QN/Block) 	Elapsed: 390.296	Loglikelihood: -2.04225e+09	(delta): 92.3336
62 (QN/Block) 	Elapsed: 377.981	Loglikelihood: -2.04225e+09	(delta): 123.569
63 (QN/Block) 	Elapsed: 378.785	Loglikelihood: -2.04225e+09	(delta): 276.528
64 (QN/Block) 	Elapsed: 372.286	Loglikelihood: -2.04225e+09	(delta): 313.583
65 (QN/Block) 	Elapsed: 350.79	Loglikelihood: -2.04225e+09	(delta): 204.569
66 (QN/Block) 	Elapsed: 354.901	Loglikelihood: -2.04225e+09	(delta): 174.737
67 (QN/Block) 	Elapsed: 354.215	Loglikelihood: -2.04225e+09	(delta): 87.1819
68 (QN/Block) 	Elapsed: 370.014	Loglikelihood: -2.04225e+09	(delta): 85.0536
69 (QN/Block) 	Elapsed: 359.135	Loglikelihood: -2.04224e+09	(delta): 301.772
70 (QN/Block) 	Elapsed: 350.758	Loglikelihood: -2.04224e+09	(delta): 58.8159
71 (QN/Block) 	Elapsed: 360.126	Loglikelihood: -2.04224e+09	(delta): 84.9532
72 (QN/Block) 	Elapsed: 368.523	Loglikelihood: -2.04224e+09	(delta): 69.8359
73 (QN/Block) 	Elapsed: 372.831	Loglikelihood: -2.04224e+09	(delta): 17.2292
74 (QN/Block) 	Elapsed: 365.294	Loglikelihood: -2.04224e+09	(delta): 8.87427
75 (QN/Block) 	Elapsed: 363.1	Loglikelihood: -2.04224e+09	(delta): 26.6966
76 (QN/Block) 	Elapsed: 365.164	Loglikelihood: -2.04224e+09	(delta): 7.77133
77 (QN/Block) 	Elapsed: 350.696	Loglikelihood: -2.04224e+09	(delta): 4.77495
78 (QN/Block) 	Elapsed: 351.254	Loglikelihood: -2.04224e+09	(delta): 3.77779
79 (QN/Block) 	Elapsed: 359.118	Loglikelihood: -2.04224e+09	(delta): 2.10526
80 (QN/Block) 	Elapsed: 359.651	Loglikelihood: -2.04224e+09	(delta): 1.12573
81 (QN/Block) 	Elapsed: 349.992	Loglikelihood: -2.04224e+09	(delta): 0.232816
82 (QN/Block) 	Elapsed: 349.924	Loglikelihood: -2.04224e+09	(delta): 0.159701
83 (QN/Block) 	Elapsed: 357.95	Loglikelihood: -2.04224e+09	(delta): 0.0909882
84 (QN/Block) 	Elapsed: 357.833	Loglikelihood: -2.04224e+09	(delta): 0.0491457
85 (QN/Block) 	Elapsed: 368.015	Loglikelihood: -2.04224e+09	(delta): 0.0364137
86 (QN/Block) 	Elapsed: 368.226	Loglikelihood: -2.04224e+09	(delta): 0.0348687
87 (QN/Block) 	Elapsed: 351.031	Loglikelihood: -2.04224e+09	(delta): 0.0230157
88 (QN/Block) 	Elapsed: 358.474	Loglikelihood: -2.04224e+09	(delta): 0.00743055
89 (QN/Block) 	Elapsed: 378.304	Loglikelihood: -2.04224e+09	(delta): 0.00233841
90 (QN/Block) 	Elapsed: 377.931	Loglikelihood: -2.04224e+09	(delta): 0.000654221
91 (QN/Block) 	Elapsed: 351.734	Loglikelihood: -2.04224e+09	(delta): 0.00028348
92 (QN/Block) 	Elapsed: 394.813	Loglikelihood: -2.04224e+09	(delta): 0.000293493
93 (QN/Block) 	Elapsed: 365.001	Loglikelihood: -2.04224e+09	(delta): -0.00016284
94 (QN/Block) 	Elapsed: 351.593	Loglikelihood: -2.04224e+09	(delta): 2.90871e-05
Summary: 
Converged in 94 iterations (36808.7 sec)
Loglikelihood: -2042244627.544327
Fst divergences between estimated populations: 
	Pop0	Pop1	Pop2	Pop3	Pop4	
Pop0	
Pop1	0.071	
Pop2	0.111	0.103	
Pop3	0.130	0.165	0.199	
Pop4	0.049	0.107	0.132	0.140	
Pop5	0.052	0.104	0.123	0.149	0.021	
CV error (K=6): 0.47594
Writing output files.
