****                   ADMIXTURE Version 1.3.0                  ****
****                    Copyright 2008-2015                     ****
****           David Alexander, Suyash Shringarpure,            ****
****                John  Novembre, Ken Lange                   ****
****                                                            ****
****                 Please cite our paper!                     ****
****   Information at www.genetics.ucla.edu/software/admixture  ****

Cross-validation will be performed.  Folds=5.
Parallel execution requested.  Will use 1 threads.
Random seed: 43
Point estimation method: Block relaxation algorithm
Convergence acceleration algorithm: QuasiNewton, 3 secant conditions
Point estimation will terminate when objective function delta < 0.0001
Estimation of standard errors disabled; will compute point estimates only.
Size of G: 2504x897781
Performing five EM steps to prime main algorithm
1 (EM) 	Elapsed: 36.615	Loglikelihood: -2.32888e+09	(delta): 1.51769e+09
2 (EM) 	Elapsed: 37.609	Loglikelihood: -2.26755e+09	(delta): 6.13282e+07
3 (EM) 	Elapsed: 40.842	Loglikelihood: -2.25004e+09	(delta): 1.75167e+07
4 (EM) 	Elapsed: 39.212	Loglikelihood: -2.24144e+09	(delta): 8.59514e+06
5 (EM) 	Elapsed: 38.336	Loglikelihood: -2.23688e+09	(delta): 4.56093e+06
Initial loglikelihood: -2.23688e+09
Starting main algorithm
1 (QN/Block) 	Elapsed: 86.345	Loglikelihood: -2.18929e+09	(delta): 4.75919e+07
2 (QN/Block) 	Elapsed: 87.589	Loglikelihood: -2.17024e+09	(delta): 1.90467e+07
3 (QN/Block) 	Elapsed: 106.33	Loglikelihood: -2.16049e+09	(delta): 9.75449e+06
4 (QN/Block) 	Elapsed: 133.823	Loglikelihood: -2.14198e+09	(delta): 1.85062e+07
5 (QN/Block) 	Elapsed: 135.161	Loglikelihood: -2.12889e+09	(delta): 1.30968e+07
6 (QN/Block) 	Elapsed: 134.208	Loglikelihood: -2.12288e+09	(delta): 6.00258e+06
7 (QN/Block) 	Elapsed: 105.455	Loglikelihood: -2.1196e+09	(delta): 3.2831e+06
8 (QN/Block) 	Elapsed: 107.341	Loglikelihood: -2.11905e+09	(delta): 555149
9 (QN/Block) 	Elapsed: 105.111	Loglikelihood: -2.11891e+09	(delta): 139030
10 (QN/Block) 	Elapsed: 134.831	Loglikelihood: -2.11879e+09	(delta): 115883
11 (QN/Block) 	Elapsed: 105.347	Loglikelihood: -2.11874e+09	(delta): 53256
12 (QN/Block) 	Elapsed: 106.661	Loglikelihood: -2.11873e+09	(delta): 6682.73
13 (QN/Block) 	Elapsed: 115.263	Loglikelihood: -2.11873e+09	(delta): 1582.75
14 (QN/Block) 	Elapsed: 107.106	Loglikelihood: -2.11873e+09	(delta): 396.897
15 (QN/Block) 	Elapsed: 116.42	Loglikelihood: -2.11873e+09	(delta): 59.344
16 (QN/Block) 	Elapsed: 124.464	Loglikelihood: -2.11873e+09	(delta): 8.71959
17 (QN/Block) 	Elapsed: 106.766	Loglikelihood: -2.11873e+09	(delta): 0.929602
18 (QN/Block) 	Elapsed: 105.203	Loglikelihood: -2.11873e+09	(delta): 0.0783269
19 (QN/Block) 	Elapsed: 105.922	Loglikelihood: -2.11873e+09	(delta): 0.0521195
20 (QN/Block) 	Elapsed: 133.772	Loglikelihood: -2.11873e+09	(delta): 0.0174377
21 (QN/Block) 	Elapsed: 106.424	Loglikelihood: -2.11873e+09	(delta): -0.000190258
22 (QN/Block) 	Elapsed: 124.737	Loglikelihood: -2.11873e+09	(delta): -2.31266e-05
23 (QN/Block) 	Elapsed: 135.008	Loglikelihood: -2.11873e+09	(delta): -5.36442e-05
24 (QN/Block) 	Elapsed: 105.005	Loglikelihood: -2.11873e+09	(delta): -6.58035e-05
25 (QN/Block) 	Elapsed: 136.093	Loglikelihood: -2.11873e+09	(delta): 1.90735e-05
Summary: 
Converged in 25 iterations (3376.85 sec)
Loglikelihood: -2118728134.816406
Fst divergences between estimated populations: 
	Pop0	
Pop0	
Pop1	0.129	
CV error (K=2): 0.50675
Writing output files.
