****                   ADMIXTURE Version 1.3.0                  ****
****                    Copyright 2008-2015                     ****
****           David Alexander, Suyash Shringarpure,            ****
****                John  Novembre, Ken Lange                   ****
****                                                            ****
****                 Please cite our paper!                     ****
****   Information at www.genetics.ucla.edu/software/admixture  ****

Cross-validation will be performed.  Folds=5.
Parallel execution requested.  Will use 1 threads.
Random seed: 43
Point estimation method: Block relaxation algorithm
Convergence acceleration algorithm: QuasiNewton, 3 secant conditions
Point estimation will terminate when objective function delta < 0.0001
Estimation of standard errors disabled; will compute point estimates only.
Size of G: 2504x897781
Performing five EM steps to prime main algorithm
1 (EM) 	Elapsed: 104.932	Loglikelihood: -2.34769e+09	(delta): 1.06912e+09
2 (EM) 	Elapsed: 108.243	Loglikelihood: -2.28624e+09	(delta): 6.14444e+07
3 (EM) 	Elapsed: 107.077	Loglikelihood: -2.2704e+09	(delta): 1.58374e+07
4 (EM) 	Elapsed: 120.883	Loglikelihood: -2.26105e+09	(delta): 9.35815e+06
5 (EM) 	Elapsed: 108.994	Loglikelihood: -2.25436e+09	(delta): 6.68563e+06
Initial loglikelihood: -2.25436e+09
Starting main algorithm
1 (QN/Block) 	Elapsed: 248.419	Loglikelihood: -2.10934e+09	(delta): 1.45023e+08
2 (QN/Block) 	Elapsed: 248.349	Loglikelihood: -2.0774e+09	(delta): 3.19324e+07
3 (QN/Block) 	Elapsed: 310.952	Loglikelihood: -2.0625e+09	(delta): 1.49045e+07
4 (QN/Block) 	Elapsed: 312.168	Loglikelihood: -2.05229e+09	(delta): 1.02088e+07
5 (QN/Block) 	Elapsed: 290.706	Loglikelihood: -2.049e+09	(delta): 3.28908e+06
6 (QN/Block) 	Elapsed: 368.564	Loglikelihood: -2.04712e+09	(delta): 1.8797e+06
7 (QN/Block) 	Elapsed: 293.992	Loglikelihood: -2.0464e+09	(delta): 724209
8 (QN/Block) 	Elapsed: 322.856	Loglikelihood: -2.04566e+09	(delta): 734896
9 (QN/Block) 	Elapsed: 344.669	Loglikelihood: -2.04525e+09	(delta): 410932
10 (QN/Block) 	Elapsed: 302.435	Loglikelihood: -2.0449e+09	(delta): 356307
11 (QN/Block) 	Elapsed: 305.56	Loglikelihood: -2.04459e+09	(delta): 304741
12 (QN/Block) 	Elapsed: 271.12	Loglikelihood: -2.04437e+09	(delta): 224502
13 (QN/Block) 	Elapsed: 283.722	Loglikelihood: -2.04425e+09	(delta): 111880
14 (QN/Block) 	Elapsed: 268.767	Loglikelihood: -2.04417e+09	(delta): 87973.7
15 (QN/Block) 	Elapsed: 281.884	Loglikelihood: -2.04409e+09	(delta): 75521.4
16 (QN/Block) 	Elapsed: 281.274	Loglikelihood: -2.04404e+09	(delta): 46368.2
17 (QN/Block) 	Elapsed: 281.67	Loglikelihood: -2.04403e+09	(delta): 11706.1
18 (QN/Block) 	Elapsed: 281.401	Loglikelihood: -2.04403e+09	(delta): 3672.38
19 (QN/Block) 	Elapsed: 268.997	Loglikelihood: -2.04403e+09	(delta): 1135.59
20 (QN/Block) 	Elapsed: 266.344	Loglikelihood: -2.04403e+09	(delta): 611.264
21 (QN/Block) 	Elapsed: 290.641	Loglikelihood: -2.04403e+09	(delta): 258.492
22 (QN/Block) 	Elapsed: 265.605	Loglikelihood: -2.04403e+09	(delta): 17.519
23 (QN/Block) 	Elapsed: 278.078	Loglikelihood: -2.04403e+09	(delta): 1.93606
24 (QN/Block) 	Elapsed: 265.503	Loglikelihood: -2.04403e+09	(delta): 0.149324
25 (QN/Block) 	Elapsed: 265.132	Loglikelihood: -2.04403e+09	(delta): 0.0158775
26 (QN/Block) 	Elapsed: 265.282	Loglikelihood: -2.04403e+09	(delta): 0.00506711
27 (QN/Block) 	Elapsed: 302.011	Loglikelihood: -2.04403e+09	(delta): 0.00015521
28 (QN/Block) 	Elapsed: 302.199	Loglikelihood: -2.04403e+09	(delta): 0.000148296
29 (QN/Block) 	Elapsed: 264.75	Loglikelihood: -2.04403e+09	(delta): -0.000201225
30 (QN/Block) 	Elapsed: 265.093	Loglikelihood: -2.04403e+09	(delta): 0.000182629
31 (QN/Block) 	Elapsed: 277.362	Loglikelihood: -2.04403e+09	(delta): -0.00014329
32 (QN/Block) 	Elapsed: 265.058	Loglikelihood: -2.04403e+09	(delta): -0.000120163
33 (QN/Block) 	Elapsed: 264.9	Loglikelihood: -2.04403e+09	(delta): -1.19209e-05
34 (QN/Block) 	Elapsed: 263.59	Loglikelihood: -2.04403e+09	(delta): 4.62532e-05
Summary: 
Converged in 34 iterations (10785.8 sec)
Loglikelihood: -2044027292.187901
Fst divergences between estimated populations: 
	Pop0	Pop1	Pop2	Pop3	
Pop0	
Pop1	0.127	
Pop2	0.047	0.110	
Pop3	0.140	0.199	0.130	
Pop4	0.104	0.103	0.071	0.165	
CV error (K=5): 0.47627
Writing output files.
