****                   ADMIXTURE Version 1.3.0                  ****
****                    Copyright 2008-2015                     ****
****           David Alexander, Suyash Shringarpure,            ****
****                John  Novembre, Ken Lange                   ****
****                                                            ****
****                 Please cite our paper!                     ****
****   Information at www.genetics.ucla.edu/software/admixture  ****

Cross-validation will be performed.  Folds=5.
Parallel execution requested.  Will use 1 threads.
Random seed: 43
Point estimation method: Block relaxation algorithm
Convergence acceleration algorithm: QuasiNewton, 3 secant conditions
Point estimation will terminate when objective function delta < 0.0001
Estimation of standard errors disabled; will compute point estimates only.
Size of G: 2504x897781
Performing five EM steps to prime main algorithm
1 (EM) 	Elapsed: 259.339	Loglikelihood: -2.34113e+09	(delta): 9.9094e+08
2 (EM) 	Elapsed: 223.814	Loglikelihood: -2.28198e+09	(delta): 5.91459e+07
3 (EM) 	Elapsed: 159.544	Loglikelihood: -2.2691e+09	(delta): 1.28843e+07
4 (EM) 	Elapsed: 159.519	Loglikelihood: -2.26163e+09	(delta): 7.46495e+06
5 (EM) 	Elapsed: 160.403	Loglikelihood: -2.2561e+09	(delta): 5.53863e+06
Initial loglikelihood: -2.2561e+09
Starting main algorithm
1 (QN/Block) 	Elapsed: 368.41	Loglikelihood: -2.1007e+09	(delta): 1.55399e+08
2 (QN/Block) 	Elapsed: 370.106	Loglikelihood: -2.06487e+09	(delta): 3.58238e+07
3 (QN/Block) 	Elapsed: 509.404	Loglikelihood: -2.04727e+09	(delta): 1.76023e+07
4 (QN/Block) 	Elapsed: 414.425	Loglikelihood: -2.04269e+09	(delta): 4.58451e+06
5 (QN/Block) 	Elapsed: 431.329	Loglikelihood: -2.04187e+09	(delta): 816662
6 (QN/Block) 	Elapsed: 421.963	Loglikelihood: -2.04137e+09	(delta): 498607
7 (QN/Block) 	Elapsed: 521.889	Loglikelihood: -2.04116e+09	(delta): 210968
8 (QN/Block) 	Elapsed: 398.101	Loglikelihood: -2.04105e+09	(delta): 111707
9 (QN/Block) 	Elapsed: 395.3	Loglikelihood: -2.04098e+09	(delta): 71592.2
10 (QN/Block) 	Elapsed: 395.583	Loglikelihood: -2.04091e+09	(delta): 65392.2
11 (QN/Block) 	Elapsed: 395.638	Loglikelihood: -2.04085e+09	(delta): 56464.6
12 (QN/Block) 	Elapsed: 395.877	Loglikelihood: -2.04081e+09	(delta): 46336.4
13 (QN/Block) 	Elapsed: 396.671	Loglikelihood: -2.04077e+09	(delta): 38445.1
14 (QN/Block) 	Elapsed: 391.583	Loglikelihood: -2.04072e+09	(delta): 53551
15 (QN/Block) 	Elapsed: 391.28	Loglikelihood: -2.04068e+09	(delta): 33920.9
16 (QN/Block) 	Elapsed: 392.076	Loglikelihood: -2.04063e+09	(delta): 52476.1
17 (QN/Block) 	Elapsed: 392.243	Loglikelihood: -2.04059e+09	(delta): 38254.8
18 (QN/Block) 	Elapsed: 406.136	Loglikelihood: -2.04056e+09	(delta): 32016.9
19 (QN/Block) 	Elapsed: 390.463	Loglikelihood: -2.04053e+09	(delta): 33244.5
20 (QN/Block) 	Elapsed: 406.01	Loglikelihood: -2.04051e+09	(delta): 17684.2
21 (QN/Block) 	Elapsed: 391.454	Loglikelihood: -2.04049e+09	(delta): 22983
22 (QN/Block) 	Elapsed: 406.59	Loglikelihood: -2.04048e+09	(delta): 10050.6
23 (QN/Block) 	Elapsed: 390.38	Loglikelihood: -2.04047e+09	(delta): 7824.91
24 (QN/Block) 	Elapsed: 403.518	Loglikelihood: -2.04046e+09	(delta): 4244.16
25 (QN/Block) 	Elapsed: 387.686	Loglikelihood: -2.04046e+09	(delta): 6514.31
26 (QN/Block) 	Elapsed: 417.206	Loglikelihood: -2.04045e+09	(delta): 2125.99
27 (QN/Block) 	Elapsed: 387.442	Loglikelihood: -2.04045e+09	(delta): 1619.77
28 (QN/Block) 	Elapsed: 417.456	Loglikelihood: -2.04045e+09	(delta): 1433.84
29 (QN/Block) 	Elapsed: 388.607	Loglikelihood: -2.04045e+09	(delta): 611.486
30 (QN/Block) 	Elapsed: 387.773	Loglikelihood: -2.04045e+09	(delta): 347.691
31 (QN/Block) 	Elapsed: 387.092	Loglikelihood: -2.04045e+09	(delta): 78.1524
32 (QN/Block) 	Elapsed: 387.185	Loglikelihood: -2.04045e+09	(delta): 53.2798
33 (QN/Block) 	Elapsed: 384.493	Loglikelihood: -2.04045e+09	(delta): 10.4968
34 (QN/Block) 	Elapsed: 398.651	Loglikelihood: -2.04045e+09	(delta): 2.91393
35 (QN/Block) 	Elapsed: 398.688	Loglikelihood: -2.04045e+09	(delta): 0.358706
36 (QN/Block) 	Elapsed: 398.627	Loglikelihood: -2.04045e+09	(delta): 0.194846
37 (QN/Block) 	Elapsed: 384.207	Loglikelihood: -2.04045e+09	(delta): 0.36302
38 (QN/Block) 	Elapsed: 384.24	Loglikelihood: -2.04045e+09	(delta): 0.333313
39 (QN/Block) 	Elapsed: 384.887	Loglikelihood: -2.04045e+09	(delta): 0.104024
40 (QN/Block) 	Elapsed: 384.308	Loglikelihood: -2.04045e+09	(delta): 0.0298965
41 (QN/Block) 	Elapsed: 384.397	Loglikelihood: -2.04045e+09	(delta): 0.00209403
42 (QN/Block) 	Elapsed: 384.542	Loglikelihood: -2.04045e+09	(delta): 0.000604868
43 (QN/Block) 	Elapsed: 400.3	Loglikelihood: -2.04045e+09	(delta): 0.000231504
44 (QN/Block) 	Elapsed: 413.842	Loglikelihood: -2.04045e+09	(delta): 0.00025034
45 (QN/Block) 	Elapsed: 385.994	Loglikelihood: -2.04045e+09	(delta): 6.53267e-05
Summary: 
Converged in 45 iterations (19793.1 sec)
Loglikelihood: -2040450550.784361
Fst divergences between estimated populations: 
	Pop0	Pop1	Pop2	Pop3	Pop4	Pop5	
Pop0	
Pop1	0.107	
Pop2	0.102	0.127	
Pop3	0.171	0.143	0.201	
Pop4	0.022	0.108	0.108	0.170	
Pop5	0.075	0.047	0.110	0.133	0.075	
Pop6	0.171	0.143	0.201	0.016	0.170	0.133	
CV error (K=7): 0.47557
Writing output files.
