****                   ADMIXTURE Version 1.3.1                  ****
****                    Copyright 2008-2025                     ****
****           David Alexander, Suyash Shringarpure,            ****
****                John Novembre, Ken Lange                    ****
****                                                            ****
****                 Please cite our paper!                     ****
****   Information at https://dalexander.github.io/admixture/   ****

Cross-validation will be performed.  Folds=5.
Parallel execution requested.  Will use 10 threads.
Random seed: 43
Point estimation method: Block relaxation algorithm
Convergence acceleration algorithm: QuasiNewton, 3 secant conditions
Point estimation will terminate when objective function delta < 0.0001
Estimation of standard errors disabled; will compute point estimates only.
Size of G: 2504x95251
Performing five EM steps to prime main algorithm
1 (EM) 	Elapsed: 7.747	Loglikelihood: -2.2953e+08	(delta): 1.1735e+08
2 (EM) 	Elapsed: 7.781	Loglikelihood: -2.24026e+08	(delta): 5.50336e+06
3 (EM) 	Elapsed: 7.792	Loglikelihood: -2.23104e+08	(delta): 921974
4 (EM) 	Elapsed: 7.976	Loglikelihood: -2.2259e+08	(delta): 514298
5 (EM) 	Elapsed: 7.713	Loglikelihood: -2.22195e+08	(delta): 394852
Initial loglikelihood: -2.22195e+08
Starting main algorithm
1 (QN/Block) 	Elapsed: 16.639	Loglikelihood: -2.06931e+08	(delta): 1.52644e+07
2 (QN/Block) 	Elapsed: 16.349	Loglikelihood: -2.04891e+08	(delta): 2.0397e+06
3 (QN/Block) 	Elapsed: 17.162	Loglikelihood: -2.04141e+08	(delta): 750002
4 (QN/Block) 	Elapsed: 17.692	Loglikelihood: -2.03835e+08	(delta): 305851
5 (QN/Block) 	Elapsed: 17.458	Loglikelihood: -2.03753e+08	(delta): 82721.4
6 (QN/Block) 	Elapsed: 16.811	Loglikelihood: -2.03709e+08	(delta): 43253.1
7 (QN/Block) 	Elapsed: 17.194	Loglikelihood: -2.03671e+08	(delta): 38136
8 (QN/Block) 	Elapsed: 16.944	Loglikelihood: -2.03648e+08	(delta): 23574.5
9 (QN/Block) 	Elapsed: 17.026	Loglikelihood: -2.03629e+08	(delta): 18997.4
10 (QN/Block) 	Elapsed: 17.506	Loglikelihood: -2.03614e+08	(delta): 14607.8
11 (QN/Block) 	Elapsed: 17.594	Loglikelihood: -2.03601e+08	(delta): 13572.5
12 (QN/Block) 	Elapsed: 17.953	Loglikelihood: -2.03592e+08	(delta): 8535.28
13 (QN/Block) 	Elapsed: 16.842	Loglikelihood: -2.03582e+08	(delta): 9757.41
14 (QN/Block) 	Elapsed: 17.913	Loglikelihood: -2.03575e+08	(delta): 7540.43
15 (QN/Block) 	Elapsed: 17.34	Loglikelihood: -2.03566e+08	(delta): 8797.84
16 (QN/Block) 	Elapsed: 17.566	Loglikelihood: -2.03561e+08	(delta): 5332.5
17 (QN/Block) 	Elapsed: 17.765	Loglikelihood: -2.03557e+08	(delta): 3276.1
18 (QN/Block) 	Elapsed: 17.227	Loglikelihood: -2.03554e+08	(delta): 3729.08
19 (QN/Block) 	Elapsed: 16.911	Loglikelihood: -2.03548e+08	(delta): 5853.92
20 (QN/Block) 	Elapsed: 17.006	Loglikelihood: -2.0354e+08	(delta): 7538.47
21 (QN/Block) 	Elapsed: 17.272	Loglikelihood: -2.03538e+08	(delta): 2549.14
22 (QN/Block) 	Elapsed: 17.004	Loglikelihood: -2.03534e+08	(delta): 3216.33
23 (QN/Block) 	Elapsed: 17.357	Loglikelihood: -2.03532e+08	(delta): 1938.43
24 (QN/Block) 	Elapsed: 17.069	Loglikelihood: -2.03531e+08	(delta): 1108.99
25 (QN/Block) 	Elapsed: 17.651	Loglikelihood: -2.0353e+08	(delta): 1491.19
26 (QN/Block) 	Elapsed: 17.051	Loglikelihood: -2.03529e+08	(delta): 910.477
27 (QN/Block) 	Elapsed: 17.173	Loglikelihood: -2.03528e+08	(delta): 875.737
28 (QN/Block) 	Elapsed: 16.994	Loglikelihood: -2.03527e+08	(delta): 636.525
29 (QN/Block) 	Elapsed: 17.195	Loglikelihood: -2.03527e+08	(delta): 707.91
30 (QN/Block) 	Elapsed: 17.015	Loglikelihood: -2.03526e+08	(delta): 851.261
31 (QN/Block) 	Elapsed: 17.373	Loglikelihood: -2.03525e+08	(delta): 695.758
32 (QN/Block) 	Elapsed: 16.941	Loglikelihood: -2.03525e+08	(delta): 542.964
33 (QN/Block) 	Elapsed: 17.09	Loglikelihood: -2.03524e+08	(delta): 464.505
34 (QN/Block) 	Elapsed: 17.117	Loglikelihood: -2.03523e+08	(delta): 1569.09
35 (QN/Block) 	Elapsed: 17.604	Loglikelihood: -2.03522e+08	(delta): 546.25
36 (QN/Block) 	Elapsed: 17.116	Loglikelihood: -2.03521e+08	(delta): 956.262
37 (QN/Block) 	Elapsed: 17.628	Loglikelihood: -2.03521e+08	(delta): 381.7
38 (QN/Block) 	Elapsed: 17.938	Loglikelihood: -2.0352e+08	(delta): 334.304
39 (QN/Block) 	Elapsed: 17.99	Loglikelihood: -2.0352e+08	(delta): 470.896
40 (QN/Block) 	Elapsed: 17.518	Loglikelihood: -2.03519e+08	(delta): 1170.65
41 (QN/Block) 	Elapsed: 17.859	Loglikelihood: -2.03518e+08	(delta): 543.22
42 (QN/Block) 	Elapsed: 17.68	Loglikelihood: -2.03518e+08	(delta): 503.827
43 (QN/Block) 	Elapsed: 17.904	Loglikelihood: -2.03517e+08	(delta): 311.62
44 (QN/Block) 	Elapsed: 17.573	Loglikelihood: -2.03517e+08	(delta): 149.697
45 (QN/Block) 	Elapsed: 16.772	Loglikelihood: -2.03517e+08	(delta): 59.5044
46 (QN/Block) 	Elapsed: 17.652	Loglikelihood: -2.03517e+08	(delta): 63.8784
47 (QN/Block) 	Elapsed: 17.139	Loglikelihood: -2.03517e+08	(delta): 25.9299
48 (QN/Block) 	Elapsed: 17.085	Loglikelihood: -2.03517e+08	(delta): 31.9671
49 (QN/Block) 	Elapsed: 17.574	Loglikelihood: -2.03517e+08	(delta): 19.725
50 (QN/Block) 	Elapsed: 17.062	Loglikelihood: -2.03517e+08	(delta): 11.9797
51 (QN/Block) 	Elapsed: 17.151	Loglikelihood: -2.03517e+08	(delta): 5.39539
52 (QN/Block) 	Elapsed: 17.122	Loglikelihood: -2.03517e+08	(delta): 3.64151
53 (QN/Block) 	Elapsed: 17.057	Loglikelihood: -2.03517e+08	(delta): 1.53591
54 (QN/Block) 	Elapsed: 17.017	Loglikelihood: -2.03517e+08	(delta): 0.652056
55 (QN/Block) 	Elapsed: 17.168	Loglikelihood: -2.03517e+08	(delta): 0.0943998
56 (QN/Block) 	Elapsed: 16.973	Loglikelihood: -2.03517e+08	(delta): 0.0493112
57 (QN/Block) 	Elapsed: 17.054	Loglikelihood: -2.03517e+08	(delta): 0.00584924
58 (QN/Block) 	Elapsed: 17.174	Loglikelihood: -2.03517e+08	(delta): 0.000979304
59 (QN/Block) 	Elapsed: 16.989	Loglikelihood: -2.03517e+08	(delta): 0.00054732
60 (QN/Block) 	Elapsed: 17.121	Loglikelihood: -2.03517e+08	(delta): 7.00057e-05
Summary: 
Converged in 60 iterations (1094.4 sec)
Loglikelihood: -203517019.571615
Fst divergences between estimated populations: 
	Pop0	Pop1	Pop2	Pop3	Pop4	Pop5	Pop6	Pop7	Pop8	
Pop0	
Pop1	0.113	
Pop2	0.173	0.127	
Pop3	0.173	0.126	0.012	
Pop4	0.097	0.095	0.143	0.143	
Pop5	0.103	0.096	0.142	0.142	0.021	
Pop6	0.108	0.046	0.117	0.116	0.075	0.074	
Pop7	0.104	0.048	0.112	0.112	0.067	0.066	0.013	
Pop8	0.122	0.019	0.120	0.119	0.099	0.099	0.044	0.046	
Pop9	0.168	0.120	0.013	0.018	0.138	0.137	0.110	0.106	0.113	
CV error (K=10): 0.46303
Writing output files.
