****                   ADMIXTURE Version 1.3.0                  ****
****                    Copyright 2008-2015                     ****
****           David Alexander, Suyash Shringarpure,            ****
****                John  Novembre, Ken Lange                   ****
****                                                            ****
****                 Please cite our paper!                     ****
****   Information at www.genetics.ucla.edu/software/admixture  ****

Cross-validation will be performed.  Folds=5.
Parallel execution requested.  Will use 1 threads.
Random seed: 43
Point estimation method: Block relaxation algorithm
Convergence acceleration algorithm: QuasiNewton, 3 secant conditions
Point estimation will terminate when objective function delta < 0.0001
Estimation of standard errors disabled; will compute point estimates only.
Size of G: 2504x897781
Performing five EM steps to prime main algorithm
1 (EM) 	Elapsed: 56.243	Loglikelihood: -2.34816e+09	(delta): 1.26508e+09
2 (EM) 	Elapsed: 58.896	Loglikelihood: -2.28347e+09	(delta): 6.46923e+07
3 (EM) 	Elapsed: 63.901	Loglikelihood: -2.26406e+09	(delta): 1.94065e+07
4 (EM) 	Elapsed: 59.799	Loglikelihood: -2.25316e+09	(delta): 1.09039e+07
5 (EM) 	Elapsed: 58.984	Loglikelihood: -2.24615e+09	(delta): 7.01488e+06
Initial loglikelihood: -2.24615e+09
Starting main algorithm
1 (QN/Block) 	Elapsed: 135.877	Loglikelihood: -2.14063e+09	(delta): 1.05521e+08
2 (QN/Block) 	Elapsed: 223.272	Loglikelihood: -2.10231e+09	(delta): 3.83108e+07
3 (QN/Block) 	Elapsed: 259.487	Loglikelihood: -2.07962e+09	(delta): 2.26939e+07
4 (QN/Block) 	Elapsed: 269.683	Loglikelihood: -2.06983e+09	(delta): 9.79337e+06
5 (QN/Block) 	Elapsed: 168.407	Loglikelihood: -2.06811e+09	(delta): 1.71842e+06
6 (QN/Block) 	Elapsed: 158.006	Loglikelihood: -2.06765e+09	(delta): 461909
7 (QN/Block) 	Elapsed: 156.449	Loglikelihood: -2.06755e+09	(delta): 97701.9
8 (QN/Block) 	Elapsed: 159.445	Loglikelihood: -2.06751e+09	(delta): 34348.6
9 (QN/Block) 	Elapsed: 190.429	Loglikelihood: -2.06751e+09	(delta): 7702.77
10 (QN/Block) 	Elapsed: 201.802	Loglikelihood: -2.06751e+09	(delta): 1217.82
11 (QN/Block) 	Elapsed: 178.944	Loglikelihood: -2.06751e+09	(delta): 317.103
12 (QN/Block) 	Elapsed: 190.753	Loglikelihood: -2.06751e+09	(delta): 15.1939
13 (QN/Block) 	Elapsed: 168.698	Loglikelihood: -2.06751e+09	(delta): 0.714819
14 (QN/Block) 	Elapsed: 162.954	Loglikelihood: -2.06751e+09	(delta): 0.0149679
15 (QN/Block) 	Elapsed: 185.229	Loglikelihood: -2.06751e+09	(delta): 0.000787258
16 (QN/Block) 	Elapsed: 240.436	Loglikelihood: -2.06751e+09	(delta): 0.000159025
17 (QN/Block) 	Elapsed: 196.217	Loglikelihood: -2.06751e+09	(delta): 0.000153542
18 (QN/Block) 	Elapsed: 155.412	Loglikelihood: -2.06751e+09	(delta): -9.75132e-05
19 (QN/Block) 	Elapsed: 167.525	Loglikelihood: -2.06751e+09	(delta): 2.09808e-05
Summary: 
Converged in 19 iterations (4193.35 sec)
Loglikelihood: -2067505596.732928
Fst divergences between estimated populations: 
	Pop0	Pop1	
Pop0	
Pop1	0.099	
Pop2	0.134	0.162	
CV error (K=3): 0.48536
Writing output files.
