Marginal likelihood with initialization (1) = -0.2498202036
Marginal likelihood with initialization (2) = -0.2506797251
Marginal likelihood with initialization (3) = -0.2497725192
Marginal likelihood with initialization (4) = -0.2495959045
Marginal likelihood with initialization (5) = -0.2530401645
Iteration Marginal_Likelihood delta_Marginal_Likelihood Iteration_Time (secs)
0 -0.2495959045 -- 294.669
10 -0.2491304077 0.0004654968 118.344
20 -0.2490625279 0.0000678799 119.914
30 -0.2490400461 0.0000224818 118.379
40 -0.2490265419 0.0000135041 117.306
50 -0.2490228020 0.0000037399 117.129
60 -0.2490199449 0.0000028571 117.758
70 -0.2490175107 0.0000024342 116.671
80 -0.2490155189 0.0000019919 116.134
90 -0.2490139953 0.0000015235 117.046
100 -0.2490127062 0.0000012892 116.401
110 -0.2490116474 0.0000010588 116.788
120 -0.2490104954 0.0000011521 115.974
130 -0.2490096875 0.0000008079 116.799
Marginal Likelihood = -0.2490096875
Total time = 1819.3448 seconds
Total iterations = 130 
