Marginal likelihood with initialization (1) = -0.2493890539
Marginal likelihood with initialization (2) = -0.2495644590
Marginal likelihood with initialization (3) = -0.2514626047
Marginal likelihood with initialization (4) = -0.2494841345
Marginal likelihood with initialization (5) = -0.2498167517
Iteration Marginal_Likelihood delta_Marginal_Likelihood Iteration_Time (secs)
0 -0.2493890539 -- 243.517
10 -0.2488076528 0.0005814011 103.226
20 -0.2487726063 0.0000350465 102.461
30 -0.2487585764 0.0000140298 103.379
40 -0.2487516861 0.0000068904 101.872
50 -0.2487470469 0.0000046391 102.328
60 -0.2487436601 0.0000033869 102.695
70 -0.2487411470 0.0000025130 101.441
80 -0.2487392438 0.0000019032 105.823
90 -0.2487379240 0.0000013198 102.892
100 -0.2487368378 0.0000010863 102.806
110 -0.2487356267 0.0000012111 101.768
120 -0.2487347798 0.0000008469 101.676
Marginal Likelihood = -0.2487347798
Total time = 1475.9203 seconds
Total iterations = 120 
