Marginal likelihood with initialization (1) = -0.2499115858
Marginal likelihood with initialization (2) = -0.2512632337
Marginal likelihood with initialization (3) = -0.2503090692
Marginal likelihood with initialization (4) = -0.2500379940
Marginal likelihood with initialization (5) = -0.2499946228
Iteration Marginal_Likelihood delta_Marginal_Likelihood Iteration_Time (secs)
0 -0.2499115858 -- 192.375
10 -0.2494507035 0.0004608823 87.119
20 -0.2492795110 0.0001711925 86.917
30 -0.2492344191 0.0000450919 87.082
40 -0.2492100027 0.0000244165 86.984
50 -0.2492032135 0.0000067892 87.542
60 -0.2491972914 0.0000059221 87.396
70 -0.2491939605 0.0000033308 87.618
80 -0.2491914893 0.0000024712 86.669
90 -0.2491893695 0.0000021199 87.069
100 -0.2491875105 0.0000018590 86.529
110 -0.2491861709 0.0000013397 87.445
120 -0.2491849441 0.0000012267 88.322
130 -0.2491840803 0.0000008639 87.292
Marginal Likelihood = -0.2491840803
Total time = 1326.4002 seconds
Total iterations = 130 
