Marginal likelihood with initialization (1) = -0.2502559341
Marginal likelihood with initialization (2) = -0.2504088694
Marginal likelihood with initialization (3) = -0.2501637435
Marginal likelihood with initialization (4) = -0.2500807824
Marginal likelihood with initialization (5) = -0.2505779307
Iteration Marginal_Likelihood delta_Marginal_Likelihood Iteration_Time (secs)
0 -0.2500807824 -- 83.393
10 -0.2495181369 0.0005626455 55.804
20 -0.2494173355 0.0001008014 56.988
30 -0.2493670490 0.0000502865 56.517
40 -0.2493425420 0.0000245070 56.200
50 -0.2493292787 0.0000132633 56.758
60 -0.2493220309 0.0000072478 57.145
70 -0.2493174158 0.0000046151 57.204
80 -0.2493140383 0.0000033774 56.909
90 -0.2493117711 0.0000022672 57.125
100 -0.2493105893 0.0000011818 56.887
110 -0.2493099433 0.0000006460 56.480
Marginal Likelihood = -0.2493099433
Total time = 707.4247 seconds
Total iterations = 110 
