Marginal likelihood with initialization (1) = -0.2510887528
Marginal likelihood with initialization (2) = -0.2544636915
Marginal likelihood with initialization (3) = -0.2541149026
Marginal likelihood with initialization (4) = -0.2502651766
Marginal likelihood with initialization (5) = -0.2544000302
Iteration Marginal_Likelihood delta_Marginal_Likelihood Iteration_Time (secs)
0 -0.2502651766 -- 451.920
10 -0.2499747189 0.0002904577 164.596
20 -0.2497584302 0.0002162887 164.828
30 -0.2492278792 0.0005305510 162.362
40 -0.2491701845 0.0000576948 156.334
50 -0.2491104263 0.0000597582 156.997
60 -0.2491024283 0.0000079980 155.946
70 -0.2490984752 0.0000039531 150.978
80 -0.2490953634 0.0000031118 150.041
90 -0.2490933834 0.0000019800 139.743
100 -0.2490920856 0.0000012978 139.572
110 -0.2490908975 0.0000011881 139.438
120 -0.2490899689 0.0000009287 138.705
Marginal Likelihood = -0.2490899689
Total time = 2271.5062 seconds
Total iterations = 120 
