Marginal likelihood with initialization (1) = -0.2514066997
Marginal likelihood with initialization (2) = -0.2505982654
Marginal likelihood with initialization (3) = -0.2503526562
Marginal likelihood with initialization (4) = -0.2532578569
Marginal likelihood with initialization (5) = -0.2503441260
Iteration Marginal_Likelihood delta_Marginal_Likelihood Iteration_Time (secs)
0 -0.2503441260 -- 336.986
10 -0.2496407734 0.0007033526 132.682
20 -0.2494380440 0.0002027294 131.795
30 -0.2492609660 0.0001770780 132.815
40 -0.2492159138 0.0000450522 132.801
50 -0.2492031079 0.0000128059 131.991
60 -0.2491963558 0.0000067521 133.880
70 -0.2491927228 0.0000036330 129.036
80 -0.2491900698 0.0000026530 126.235
90 -0.2491879097 0.0000021601 127.076
100 -0.2491865332 0.0000013765 126.491
110 -0.2491851954 0.0000013378 125.754
120 -0.2491841741 0.0000010213 121.471
130 -0.2491831966 0.0000009775 121.903
Marginal Likelihood = -0.2491831966
Total time = 2010.9764 seconds
Total iterations = 130 
