Marginal likelihood with initialization (1) = -0.2500096438
Marginal likelihood with initialization (2) = -0.2500439728
Marginal likelihood with initialization (3) = -0.2500879883
Marginal likelihood with initialization (4) = -0.2496572418
Marginal likelihood with initialization (5) = -0.2500544761
Iteration Marginal_Likelihood delta_Marginal_Likelihood Iteration_Time (secs)
0 -0.2496572418 -- 135.037
10 -0.2491813757 0.0004758661 71.136
20 -0.2489830453 0.0001983305 70.169
30 -0.2489090994 0.0000739459 70.335
40 -0.2488845425 0.0000245569 71.415
50 -0.2488657615 0.0000187810 71.703
60 -0.2488532259 0.0000125356 71.616
70 -0.2488460642 0.0000071616 71.661
80 -0.2488408649 0.0000051994 71.239
90 -0.2488376961 0.0000031688 71.391
100 -0.2488349273 0.0000027687 70.969
110 -0.2488326312 0.0000022961 70.531
120 -0.2488306738 0.0000019575 71.240
130 -0.2488292078 0.0000014659 71.708
140 -0.2488279311 0.0000012767 72.083
150 -0.2488268512 0.0000010800 74.416
160 -0.2488258213 0.0000010299 71.002
170 -0.2488249836 0.0000008377 72.429
Marginal Likelihood = -0.2488249836
Total time = 1350.0992 seconds
Total iterations = 170 
