Marginal likelihood with initialization (1) = -0.9777472133
Marginal likelihood with initialization (2) = -0.9770852310
Marginal likelihood with initialization (3) = -0.9777132501
Marginal likelihood with initialization (4) = -0.9778430965
Marginal likelihood with initialization (5) = -0.9779816725
Iteration Marginal_Likelihood delta_Marginal_Likelihood Iteration_Time (secs)
0 -0.9770852310 -- 295.159
10 -0.9757544510 0.0013307800 11.953
20 -0.9754233120 0.0003311390 11.845
30 -0.9749705019 0.0004528101 11.983
40 -0.9747352671 0.0002352348 11.672
50 -0.9745123882 0.0002228789 11.857
60 -0.9744704601 0.0000419282 11.798
70 -0.9744531647 0.0000172953 12.738
80 -0.9744396206 0.0000135441 11.937
90 -0.9744270355 0.0000125851 11.708
100 -0.9744151244 0.0000119112 11.795
110 -0.9744044510 0.0000106734 11.709
120 -0.9743926130 0.0000118380 11.773
130 -0.9743820493 0.0000105637 11.817
140 -0.9743725648 0.0000094844 11.785
150 -0.9743626818 0.0000098830 11.793
160 -0.9743527189 0.0000099629 11.843
170 -0.9743436313 0.0000090876 11.615
180 -0.9743350443 0.0000085870 12.096
190 -0.9743271399 0.0000079044 11.639
200 -0.9743197468 0.0000073931 11.621
210 -0.9743117545 0.0000079923 11.706
220 -0.9743046281 0.0000071265 12.237
230 -0.9742978624 0.0000067657 12.200
240 -0.9742908184 0.0000070440 11.667
250 -0.9742844085 0.0000064099 11.704
260 -0.9742785551 0.0000058534 11.638
270 -0.9742724711 0.0000060840 11.659
280 -0.9742604761 0.0000119950 11.895
290 -0.9742313529 0.0000291232 11.527
300 -0.9741970237 0.0000343292 11.640
310 -0.9741907462 0.0000062775 11.725
320 -0.9741894109 0.0000013353 11.784
330 -0.9741880557 0.0000013551 11.804
340 -0.9741873313 0.0000007244 11.630
Marginal Likelihood = -0.9741873313
Total time = 696.9635 seconds
Total iterations = 340 
