Marginal likelihood with initialization (1) = -0.9745092454
Marginal likelihood with initialization (2) = -0.9743659484
Marginal likelihood with initialization (3) = -0.9744083903
Marginal likelihood with initialization (4) = -0.9744891528
Marginal likelihood with initialization (5) = -0.9761092728
Iteration Marginal_Likelihood delta_Marginal_Likelihood Iteration_Time (secs)
0 -0.9743659484 -- 97.285
10 -0.9733346083 0.0010313401 7.974
20 -0.9732687113 0.0000658969 7.642
30 -0.9732419673 0.0000267440 7.841
40 -0.9732243800 0.0000175873 7.967
50 -0.9732107158 0.0000136642 7.721
60 -0.9732000692 0.0000106467 7.614
70 -0.9731914164 0.0000086528 7.814
80 -0.9731839445 0.0000074719 8.574
90 -0.9731780716 0.0000058729 8.784
100 -0.9731724257 0.0000056459 7.878
110 -0.9731682042 0.0000042215 7.711
120 -0.9731636437 0.0000045605 7.670
130 -0.9731598525 0.0000037912 7.705
140 -0.9731561850 0.0000036675 7.481
150 -0.9731525873 0.0000035977 7.571
160 -0.9731496936 0.0000028938 7.646
170 -0.9731472388 0.0000024548 7.564
180 -0.9731451003 0.0000021385 7.579
190 -0.9731432745 0.0000018258 7.686
200 -0.9731417597 0.0000015148 7.770
210 -0.9731402409 0.0000015189 7.756
220 -0.9731387504 0.0000014905 7.566
230 -0.9731370547 0.0000016956 7.935
240 -0.9731358056 0.0000012492 7.671
250 -0.9731345234 0.0000012822 7.731
260 -0.9731330805 0.0000014428 7.612
270 -0.9731319634 0.0000011171 7.582
280 -0.9731314639 0.0000004995 7.566
Marginal Likelihood = -0.9731314639
Total time = 314.8998 seconds
Total iterations = 280 
