Marginal likelihood with initialization (1) = -0.9773694402
Marginal likelihood with initialization (2) = -0.9775031803
Marginal likelihood with initialization (3) = -0.9783649100
Marginal likelihood with initialization (4) = -0.9776263558
Marginal likelihood with initialization (5) = -0.9777008912
Iteration Marginal_Likelihood delta_Marginal_Likelihood Iteration_Time (secs)
0 -0.9773694402 -- 77.814
10 -0.9764440976 0.0009253426 6.484
20 -0.9763961160 0.0000479816 6.517
30 -0.9763787191 0.0000173969 6.277
40 -0.9763670515 0.0000116676 6.426
50 -0.9763594831 0.0000075684 6.473
60 -0.9763537672 0.0000057159 6.491
70 -0.9763503335 0.0000034337 6.434
80 -0.9763472644 0.0000030691 6.810
90 -0.9763448364 0.0000024280 6.406
100 -0.9763424833 0.0000023531 6.427
110 -0.9763404351 0.0000020481 6.459
120 -0.9763387199 0.0000017153 6.468
130 -0.9763375366 0.0000011833 6.479
140 -0.9763366669 0.0000008697 6.465
Marginal Likelihood = -0.9763366669
Total time = 168.4377 seconds
Total iterations = 140 
