Marginal likelihood with initialization (1) = -0.9753043923
Marginal likelihood with initialization (2) = -0.9753869562
Marginal likelihood with initialization (3) = -0.9755009744
Marginal likelihood with initialization (4) = -0.9758319671
Marginal likelihood with initialization (5) = -0.9752287996
Iteration Marginal_Likelihood delta_Marginal_Likelihood Iteration_Time (secs)
0 -0.9752287996 -- 120.490
10 -0.9739774488 0.0012513508 9.004
20 -0.9738909899 0.0000864589 8.855
30 -0.9738478468 0.0000431431 8.992
40 -0.9738184694 0.0000293774 9.257
50 -0.9737971593 0.0000213101 10.383
60 -0.9737790029 0.0000181565 9.268
70 -0.9737648703 0.0000141325 8.981
80 -0.9737521563 0.0000127140 8.935
90 -0.9737415846 0.0000105718 8.720
100 -0.9737328224 0.0000087621 8.799
110 -0.9737250487 0.0000077737 8.971
120 -0.9737176635 0.0000073852 9.030
130 -0.9737105431 0.0000071204 8.895
140 -0.9737053177 0.0000052255 8.911
150 -0.9737007417 0.0000045760 9.224
160 -0.9736963700 0.0000043717 8.642
170 -0.9736924059 0.0000039641 8.907
180 -0.9736883422 0.0000040638 8.621
190 -0.9736842355 0.0000041067 9.033
200 -0.9736805572 0.0000036782 8.981
210 -0.9736771925 0.0000033647 8.657
220 -0.9736741234 0.0000030691 8.706
230 -0.9736708824 0.0000032410 8.766
240 -0.9736677576 0.0000031248 8.736
250 -0.9736647618 0.0000029958 10.042
260 -0.9736617302 0.0000030315 9.251
270 -0.9736592262 0.0000025040 8.885
280 -0.9736566261 0.0000026001 8.957
290 -0.9736541888 0.0000024373 8.889
300 -0.9736518991 0.0000022897 8.796
310 -0.9736499003 0.0000019988 8.993
320 -0.9736474978 0.0000024026 8.871
330 -0.9736452360 0.0000022618 8.628
340 -0.9736427999 0.0000024361 8.941
350 -0.9736411046 0.0000016953 8.726
360 -0.9736394165 0.0000016881 8.847
370 -0.9736376053 0.0000018112 8.724
380 -0.9736359757 0.0000016296 8.871
390 -0.9736338748 0.0000021009 8.826
400 -0.9736323972 0.0000014776 8.575
410 -0.9736309307 0.0000014665 8.700
420 -0.9736296735 0.0000012571 8.760
430 -0.9736278604 0.0000018131 8.882
440 -0.9736262517 0.0000016087 8.859
450 -0.9736250966 0.0000011551 9.764
460 -0.9736236150 0.0000014817 9.291
470 -0.9736226446 0.0000009703 8.839
Marginal Likelihood = -0.9736226446
Total time = 541.6895 seconds
Total iterations = 470 
