Marginal likelihood with initialization (1) = -0.9770182987
Marginal likelihood with initialization (2) = -0.9756472222
Marginal likelihood with initialization (3) = -0.9767978858
Marginal likelihood with initialization (4) = -0.9768613517
Marginal likelihood with initialization (5) = -0.9771760754
Iteration Marginal_Likelihood delta_Marginal_Likelihood Iteration_Time (secs)
0 -0.9756472222 -- 236.401
10 -0.9746394012 0.0010078211 11.408
20 -0.9744729864 0.0001664148 11.635
30 -0.9742360919 0.0002368944 11.262
40 -0.9742030132 0.0000330788 11.327
50 -0.9741867940 0.0000162192 11.366
60 -0.9741745108 0.0000122831 11.517
70 -0.9741644029 0.0000101079 11.289
80 -0.9741550225 0.0000093804 11.351
90 -0.9741463843 0.0000086382 11.672
100 -0.9741395186 0.0000068657 12.373
110 -0.9741337277 0.0000057909 11.503
120 -0.9741277888 0.0000059389 11.272
130 -0.9741226501 0.0000051387 11.346
140 -0.9741184418 0.0000042084 11.293
150 -0.9741151097 0.0000033321 11.532
160 -0.9741116686 0.0000034410 11.315
170 -0.9741084534 0.0000032152 11.504
180 -0.9741057564 0.0000026971 11.491
190 -0.9741037539 0.0000020024 11.450
200 -0.9741012982 0.0000024557 11.871
210 -0.9740985810 0.0000027172 11.364
220 -0.9740968264 0.0000017546 11.419
230 -0.9740948558 0.0000019705 11.334
240 -0.9740932852 0.0000015706 11.351
250 -0.9740908649 0.0000024202 12.478
260 -0.9740891422 0.0000017228 11.798
270 -0.9740871542 0.0000019880 11.146
280 -0.9740838756 0.0000032785 10.794
290 -0.9740800283 0.0000038474 10.824
300 -0.9740715078 0.0000085204 10.818
310 -0.9740345471 0.0000369607 10.808
320 -0.9737819010 0.0002526461 10.693
330 -0.9737673407 0.0000145603 10.831
340 -0.9737665445 0.0000007962 10.721
Marginal Likelihood = -0.9737665445
Total time = 622.5647 seconds
Total iterations = 340 
