Marginal likelihood with initialization (1) = -0.9782114305
Marginal likelihood with initialization (2) = -0.9782202509
Marginal likelihood with initialization (3) = -0.9787575036
Marginal likelihood with initialization (4) = -0.9782340906
Marginal likelihood with initialization (5) = -0.9784978360
Iteration Marginal_Likelihood delta_Marginal_Likelihood Iteration_Time (secs)
0 -0.9782114305 -- 275.680
10 -0.9765149490 0.0016964814 13.056
20 -0.9763049171 0.0002100319 13.043
30 -0.9760806021 0.0002243151 12.942
40 -0.9757444741 0.0003361280 13.068
50 -0.9756698508 0.0000746233 12.898
60 -0.9756027528 0.0000670980 13.104
70 -0.9755337191 0.0000690336 12.794
80 -0.9754543948 0.0000793243 12.859
90 -0.9753226951 0.0001316998 13.243
100 -0.9751036085 0.0002190865 13.750
110 -0.9750295421 0.0000740664 12.927
120 -0.9749066496 0.0001228925 12.951
130 -0.9747807131 0.0001259365 12.808
140 -0.9747612785 0.0000194346 12.882
150 -0.9747480093 0.0000132692 12.913
160 -0.9747340213 0.0000139879 12.877
170 -0.9747211520 0.0000128693 12.897
180 -0.9747069623 0.0000141897 12.959
190 -0.9746923693 0.0000145930 12.974
200 -0.9746754242 0.0000169451 12.831
210 -0.9746558280 0.0000195963 12.517
220 -0.9746330292 0.0000227988 12.231
230 -0.9745998515 0.0000331777 12.248
240 -0.9745629397 0.0000369118 13.601
250 -0.9745044141 0.0000585257 12.193
260 -0.9744909355 0.0000134786 12.232
270 -0.9744884041 0.0000025314 12.212
280 -0.9744857081 0.0000026960 12.146
290 -0.9744836744 0.0000020337 12.184
300 -0.9744815892 0.0000020852 12.149
310 -0.9744795769 0.0000020124 12.143
320 -0.9744773994 0.0000021775 12.170
330 -0.9744759885 0.0000014109 12.125
340 -0.9744744307 0.0000015578 12.171
350 -0.9744731509 0.0000012798 12.149
360 -0.9744724974 0.0000006535 12.121
Marginal Likelihood = -0.9744724974
Total time = 732.0582 seconds
Total iterations = 360 
