Marginal likelihood with initialization (1) = -0.9761041142
Marginal likelihood with initialization (2) = -0.9761215455
Marginal likelihood with initialization (3) = -0.9763081566
Marginal likelihood with initialization (4) = -0.9762037267
Marginal likelihood with initialization (5) = -0.9761649194
Iteration Marginal_Likelihood delta_Marginal_Likelihood Iteration_Time (secs)
0 -0.9761041142 -- 180.567
10 -0.9747176131 0.0013865011 10.182
20 -0.9746297385 0.0000878745 10.062
30 -0.9745619808 0.0000677578 9.893
40 -0.9745009136 0.0000610672 10.031
50 -0.9744487962 0.0000521174 10.077
60 -0.9744009996 0.0000477965 9.814
70 -0.9743582848 0.0000427149 10.133
80 -0.9743177738 0.0000405110 10.078
90 -0.9742796484 0.0000381254 10.043
100 -0.9742433868 0.0000362616 10.059
110 -0.9742089912 0.0000343955 9.912
120 -0.9741746630 0.0000343282 10.137
130 -0.9741380040 0.0000366590 9.827
140 -0.9740985152 0.0000394888 10.013
150 -0.9740485879 0.0000499273 10.175
160 -0.9739357657 0.0001128221 10.590
170 -0.9737234421 0.0002123236 10.835
180 -0.9737101503 0.0000132919 10.452
190 -0.9737065379 0.0000036123 10.032
200 -0.9737036154 0.0000029225 10.155
210 -0.9737013487 0.0000022667 10.137
220 -0.9736989421 0.0000024066 9.965
230 -0.9736971216 0.0000018205 10.021
240 -0.9736954607 0.0000016609 10.014
250 -0.9736937222 0.0000017385 10.142
260 -0.9736921814 0.0000015408 9.994
270 -0.9736906211 0.0000015603 9.965
280 -0.9736893614 0.0000012597 10.169
290 -0.9736884074 0.0000009541 10.247
Marginal Likelihood = -0.9736884074
Total time = 473.7285 seconds
Total iterations = 290 
