PLINK v1.9.0-b.8 64-bit (22 Oct 2024)
Options in effect:
  --bfile dump/structure/structure_chr6
  --extract dump/structure/tmp_chr6.prune.in
  --make-bed
  --out dump/structure/structure_chr6.pruned

Hostname: xueqian-Alienware-Aurora-R15-AMD
Working directory: /home/xueqian/xq/cse284/final_project
Start time: Thu Feb 26 14:46:31 2026

Random number seed: 1772145991
31789 MB RAM detected; reserving 15894 MB for main workspace.
61057 variants loaded from .bim file.
2504 people (0 males, 0 females, 2504 ambiguous) loaded from .fam.
Ambiguous sex IDs written to dump/structure/structure_chr6.pruned.nosex .
--extract: 5890 variants remaining.
Using 1 thread (no multithreaded calculations invoked).
Before main variant filters, 2504 founders and 0 nonfounders present.
Calculating allele frequencies... done.
Total genotyping rate is 0.9999.
5890 variants and 2504 people pass filters and QC.
Note: No phenotypes present.
--make-bed to dump/structure/structure_chr6.pruned.bed +
dump/structure/structure_chr6.pruned.bim +
dump/structure/structure_chr6.pruned.fam ... done.

End time: Thu Feb 26 14:46:31 2026
