PLINK v1.9.0-b.8 64-bit (22 Oct 2024)
Options in effect:
  --bfile dump/structure/structure_chr13
  --indep-pairwise 50 10 0.1
  --out dump/structure/tmp_chr13

Hostname: xueqian-Alienware-Aurora-R15-AMD
Working directory: /home/xueqian/xq/cse284/final_project
Start time: Thu Feb 26 14:46:17 2026

Random number seed: 1772145977
31789 MB RAM detected; reserving 15894 MB for main workspace.
35387 variants loaded from .bim file.
2504 people (0 males, 0 females, 2504 ambiguous) loaded from .fam.
Ambiguous sex IDs written to dump/structure/tmp_chr13.nosex .
Using 1 thread (no multithreaded calculations invoked).
Before main variant filters, 2504 founders and 0 nonfounders present.
Calculating allele frequencies... done.
Total genotyping rate is 0.999897.
35387 variants and 2504 people pass filters and QC.
Note: No phenotypes present.
Pruned 31648 variants from chromosome 13, leaving 3739.
Pruning complete.  31648 of 35387 variants removed.
Marker lists written to dump/structure/tmp_chr13.prune.in and
dump/structure/tmp_chr13.prune.out .

End time: Thu Feb 26 14:46:17 2026
