Marginal likelihood with initialization (1) = -0.5822700709
Marginal likelihood with initialization (2) = -0.5826318445
Marginal likelihood with initialization (3) = -0.5824605327
Marginal likelihood with initialization (4) = -0.5828524730
Marginal likelihood with initialization (5) = -0.5825209685
Iteration Marginal_Likelihood delta_Marginal_Likelihood Iteration_Time (secs)
0 -0.5822700709 -- 320.420
10 -0.5814317884 0.0008382825 271.165
20 -0.5812908107 0.0001409776 272.225
30 -0.5812299645 0.0000608462 273.506
40 -0.5811874427 0.0000425218 273.226
50 -0.5811551357 0.0000323070 274.162
60 -0.5811387219 0.0000164138 274.929
70 -0.5811248441 0.0000138778 275.041
80 -0.5811185417 0.0000063025 279.076
90 -0.5811141772 0.0000043644 276.882
100 -0.5811118733 0.0000023039 278.510
110 -0.5811102379 0.0000016354 276.499
120 -0.5811091498 0.0000010881 272.917
130 -0.5811083499 0.0000007999 274.354
Marginal Likelihood = -0.5811083499
Total time = 3893.0163 seconds
Total iterations = 130 
