Marginal likelihood with initialization (1) = -0.5815199452
Marginal likelihood with initialization (2) = -0.5834026226
Marginal likelihood with initialization (3) = -0.5854668642
Marginal likelihood with initialization (4) = -0.5857126298
Marginal likelihood with initialization (5) = -0.5827434720
Iteration Marginal_Likelihood delta_Marginal_Likelihood Iteration_Time (secs)
0 -0.5815199452 -- 730.646
10 -0.5809700113 0.0005499339 565.982
20 -0.5808767370 0.0000932742 571.709
30 -0.5808112004 0.0000655367 557.572
40 -0.5807972896 0.0000139108 539.314
50 -0.5807871437 0.0000101460 538.423
60 -0.5807777216 0.0000094221 536.643
70 -0.5807662540 0.0000114676 538.270
80 -0.5807584874 0.0000077666 531.577
90 -0.5807484248 0.0000100627 521.908
100 -0.5807378692 0.0000105556 528.211
110 -0.5807243028 0.0000135664 534.191
120 -0.5807102574 0.0000140454 540.439
130 -0.5806939531 0.0000163042 535.992
140 -0.5806755758 0.0000183774 527.136
150 -0.5806583630 0.0000172128 526.666
160 -0.5806351738 0.0000231892 524.424
170 -0.5806165997 0.0000185741 527.193
180 -0.5805947311 0.0000218686 526.759
190 -0.5805679620 0.0000267691 520.507
200 -0.5805392047 0.0000287573 520.842
210 -0.5805130368 0.0000261679 521.675
220 -0.5804976713 0.0000153655 524.631
230 -0.5804921004 0.0000055709 523.176
240 -0.5804901566 0.0000019438 522.882
250 -0.5804895434 0.0000006131 522.924
Marginal Likelihood = -0.5804895434
Total time = 14059.9858 seconds
Total iterations = 250 
