Marginal likelihood with initialization (1) = -0.5835297667
Marginal likelihood with initialization (2) = -0.5810857169
Marginal likelihood with initialization (3) = -0.5810201838
Marginal likelihood with initialization (4) = -0.5810216025
Marginal likelihood with initialization (5) = -0.5824269589
Iteration Marginal_Likelihood delta_Marginal_Likelihood Iteration_Time (secs)
0 -0.5810201838 -- 408.908
10 -0.5799676128 0.0010525710 330.517
20 -0.5796889543 0.0002786585 334.156
30 -0.5796020384 0.0000869158 331.481
40 -0.5795857102 0.0000163283 335.985
50 -0.5795761427 0.0000095674 336.031
60 -0.5795712912 0.0000048516 337.715
70 -0.5795688243 0.0000024668 336.646
80 -0.5795669026 0.0000019217 339.541
90 -0.5795652816 0.0000016210 333.111
100 -0.5795641087 0.0000011728 333.730
110 -0.5795631360 0.0000009728 334.166
Marginal Likelihood = -0.5795631360
Total time = 4092.0861 seconds
Total iterations = 110 
