Marginal likelihood with initialization (1) = -0.5816282455
Marginal likelihood with initialization (2) = -0.5824507503
Marginal likelihood with initialization (3) = -0.5842503163
Marginal likelihood with initialization (4) = -0.5842658582
Marginal likelihood with initialization (5) = -0.5820199127
Iteration Marginal_Likelihood delta_Marginal_Likelihood Iteration_Time (secs)
0 -0.5816282455 -- 655.636
10 -0.5808809864 0.0007472591 508.346
20 -0.5808535928 0.0000273936 506.757
30 -0.5808427636 0.0000108293 511.114
40 -0.5808353610 0.0000074025 491.634
50 -0.5808293668 0.0000059943 480.569
60 -0.5808244797 0.0000048870 478.270
70 -0.5808198521 0.0000046276 477.883
80 -0.5808172099 0.0000026423 478.744
90 -0.5808139284 0.0000032815 480.624
100 -0.5808113863 0.0000025420 464.207
110 -0.5808087561 0.0000026302 467.639
120 -0.5808058215 0.0000029347 467.896
130 -0.5808035031 0.0000023183 477.674
140 -0.5808004127 0.0000030905 482.232
150 -0.5807977606 0.0000026521 477.073
160 -0.5807954628 0.0000022978 471.280
170 -0.5807929416 0.0000025212 469.120
180 -0.5807899265 0.0000030152 465.479
190 -0.5807868710 0.0000030554 471.285
200 -0.5807835197 0.0000033513 469.344
210 -0.5807805075 0.0000030122 466.074
220 -0.5807782160 0.0000022915 462.321
230 -0.5807757906 0.0000024254 464.724
240 -0.5807729950 0.0000027956 463.818
250 -0.5807709690 0.0000020261 466.958
260 -0.5807688984 0.0000020706 464.783
270 -0.5807676106 0.0000012878 465.387
280 -0.5807655818 0.0000020288 462.997
290 -0.5807637038 0.0000018780 455.944
300 -0.5807623194 0.0000013844 434.656
310 -0.5807607959 0.0000015236 433.309
320 -0.5807596178 0.0000011781 433.059
330 -0.5807583910 0.0000012268 433.565
340 -0.5807568731 0.0000015179 433.833
350 -0.5807559958 0.0000008773 434.560
Marginal Likelihood = -0.5807559958
Total time = 17029.0916 seconds
Total iterations = 350 
