Marginal likelihood with initialization (1) = -0.8684983640
Marginal likelihood with initialization (2) = -0.8660392181
Marginal likelihood with initialization (3) = -0.8668939282
Marginal likelihood with initialization (4) = -0.8678423853
Marginal likelihood with initialization (5) = -0.8659412973
Iteration Marginal_Likelihood delta_Marginal_Likelihood Iteration_Time (secs)
0 -0.8659412973 -- 535.632
10 -0.8651808571 0.0007604402 186.240
20 -0.8650017614 0.0001790957 185.608
30 -0.8648766871 0.0001250744 184.088
40 -0.8648089314 0.0000677557 184.299
50 -0.8647629482 0.0000459832 184.559
60 -0.8647272080 0.0000357402 184.693
70 -0.8647004910 0.0000267170 182.788
80 -0.8646743931 0.0000260979 181.814
90 -0.8646539302 0.0000204630 181.774
100 -0.8646355441 0.0000183860 180.542
110 -0.8646226649 0.0000128792 178.545
120 -0.8646098173 0.0000128476 178.328
130 -0.8646012688 0.0000085485 175.340
140 -0.8645933085 0.0000079603 174.173
150 -0.8645884728 0.0000048357 172.105
160 -0.8645849438 0.0000035290 170.814
170 -0.8645823042 0.0000026396 171.067
180 -0.8645801609 0.0000021432 171.247
190 -0.8645787903 0.0000013706 170.928
200 -0.8645776844 0.0000011059 171.258
210 -0.8645767869 0.0000008975 171.227
Marginal Likelihood = -0.8645767869
Total time = 4277.1292 seconds
Total iterations = 210 
