Marginal likelihood with initialization (1) = -0.8692711214
Marginal likelihood with initialization (2) = -0.8694094726
Marginal likelihood with initialization (3) = -0.8687027589
Marginal likelihood with initialization (4) = -0.8687220621
Marginal likelihood with initialization (5) = -0.8694885647
Iteration Marginal_Likelihood delta_Marginal_Likelihood Iteration_Time (secs)
0 -0.8687027589 -- 152.530
10 -0.8676429291 0.0010598298 97.189
20 -0.8674312768 0.0002116522 97.083
30 -0.8673682279 0.0000630489 97.174
40 -0.8673494096 0.0000188183 97.289
50 -0.8673409741 0.0000084355 97.354
60 -0.8673359821 0.0000049920 97.267
70 -0.8673325901 0.0000033920 97.333
80 -0.8673299858 0.0000026042 96.414
90 -0.8673279804 0.0000020054 96.145
100 -0.8673259655 0.0000020149 96.142
110 -0.8673246380 0.0000013275 96.329
120 -0.8673233700 0.0000012680 96.256
130 -0.8673223119 0.0000010581 96.316
140 -0.8673214721 0.0000008397 96.489
Marginal Likelihood = -0.8673214721
Total time = 1507.3369 seconds
Total iterations = 140 
