Marginal likelihood with initialization (1) = -0.8668062733
Marginal likelihood with initialization (2) = -0.8672474612
Marginal likelihood with initialization (3) = -0.8682138262
Marginal likelihood with initialization (4) = -0.8667928532
Marginal likelihood with initialization (5) = -0.8660585657
Iteration Marginal_Likelihood delta_Marginal_Likelihood Iteration_Time (secs)
0 -0.8660585657 -- 402.900
10 -0.8653306401 0.0007279257 177.251
20 -0.8652137654 0.0001168746 179.274
30 -0.8650814507 0.0001323147 177.311
40 -0.8649777176 0.0001037331 179.476
50 -0.8648343157 0.0001434020 177.159
60 -0.8647895822 0.0000447335 179.275
70 -0.8647800570 0.0000095252 179.423
80 -0.8647762308 0.0000038263 177.991
90 -0.8647747279 0.0000015028 176.492
100 -0.8647735312 0.0000011968 178.420
110 -0.8647728542 0.0000006770 177.842
Marginal Likelihood = -0.8647728542
Total time = 2362.8670 seconds
Total iterations = 110 
