Marginal likelihood with initialization (1) = -0.8668662891
Marginal likelihood with initialization (2) = -0.8670701952
Marginal likelihood with initialization (3) = -0.8671479645
Marginal likelihood with initialization (4) = -0.8670046376
Marginal likelihood with initialization (5) = -0.8671342831
Iteration Marginal_Likelihood delta_Marginal_Likelihood Iteration_Time (secs)
0 -0.8668662891 -- 269.300
10 -0.8653582448 0.0015080443 139.828
20 -0.8649278254 0.0004304194 139.826
30 -0.8648433621 0.0000844633 139.863
40 -0.8647790387 0.0000643235 140.157
50 -0.8647306140 0.0000484247 138.898
60 -0.8646944295 0.0000361844 138.167
70 -0.8646618832 0.0000325464 138.486
80 -0.8646319035 0.0000299797 138.474
90 -0.8646122203 0.0000196832 138.500
100 -0.8645949431 0.0000172772 137.933
110 -0.8645830116 0.0000119315 137.570
120 -0.8645743398 0.0000086718 136.411
130 -0.8645670214 0.0000073184 136.369
140 -0.8645614065 0.0000056148 136.507
150 -0.8645569433 0.0000044632 135.682
160 -0.8645535333 0.0000034100 134.268
170 -0.8645502902 0.0000032431 134.255
180 -0.8645479097 0.0000023805 133.601
190 -0.8645463600 0.0000015497 132.042
200 -0.8645451194 0.0000012407 131.312
210 -0.8645441912 0.0000009281 131.237
Marginal Likelihood = -0.8645441912
Total time = 3138.7453 seconds
Total iterations = 210 
