Marginal likelihood with initialization (1) = -0.8660677295
Marginal likelihood with initialization (2) = -0.8662116758
Marginal likelihood with initialization (3) = -0.8662438182
Marginal likelihood with initialization (4) = -0.8664462441
Marginal likelihood with initialization (5) = -0.8662731206
Iteration Marginal_Likelihood delta_Marginal_Likelihood Iteration_Time (secs)
0 -0.8660677295 -- 167.579
10 -0.8649568950 0.0011108345 101.874
20 -0.8648379751 0.0001189198 101.737
30 -0.8648097581 0.0000282170 101.875
40 -0.8648001054 0.0000096527 101.717
50 -0.8647945563 0.0000055491 101.639
60 -0.8647909690 0.0000035873 101.656
70 -0.8647886039 0.0000023651 101.660
80 -0.8647865001 0.0000021038 101.619
90 -0.8647849639 0.0000015362 102.115
100 -0.8647836182 0.0000013457 101.743
110 -0.8647825043 0.0000011139 101.676
120 -0.8647816337 0.0000008706 101.837
Marginal Likelihood = -0.8647816337
Total time = 1388.7665 seconds
Total iterations = 120 
