Marginal likelihood with initialization (1) = -0.8677458402
Marginal likelihood with initialization (2) = -0.8677021252
Marginal likelihood with initialization (3) = -0.8669539991
Marginal likelihood with initialization (4) = -0.8668057842
Marginal likelihood with initialization (5) = -0.8667459409
Iteration Marginal_Likelihood delta_Marginal_Likelihood Iteration_Time (secs)
0 -0.8667459409 -- 384.639
10 -0.8655342489 0.0012116919 165.429
20 -0.8654395134 0.0000947355 165.319
30 -0.8653944105 0.0000451029 164.801
40 -0.8653633561 0.0000310544 163.727
50 -0.8653047906 0.0000585655 163.241
60 -0.8652724330 0.0000323576 163.654
70 -0.8652697105 0.0000027225 163.401
80 -0.8652678800 0.0000018305 162.974
90 -0.8652665933 0.0000012867 161.253
100 -0.8652655455 0.0000010478 160.989
110 -0.8652645402 0.0000010053 161.139
120 -0.8652638589 0.0000006813 160.438
Marginal Likelihood = -0.8652638589
Total time = 2341.0548 seconds
Total iterations = 120 
