Marginal likelihood with initialization (1) = -0.8667480729
Marginal likelihood with initialization (2) = -0.8679856271
Marginal likelihood with initialization (3) = -0.8670351039
Marginal likelihood with initialization (4) = -0.8695536397
Marginal likelihood with initialization (5) = -0.8693091194
Iteration Marginal_Likelihood delta_Marginal_Likelihood Iteration_Time (secs)
0 -0.8667480729 -- 466.006
10 -0.8659590203 0.0007890526 197.185
20 -0.8658278143 0.0001312060 196.668
30 -0.8656999483 0.0001278660 196.350
40 -0.8656760089 0.0000239394 196.295
50 -0.8656486601 0.0000273488 196.131
60 -0.8656103344 0.0000383257 195.547
70 -0.8654732981 0.0001370363 196.472
80 -0.8651208401 0.0003524580 196.210
90 -0.8651172415 0.0000035986 195.778
100 -0.8651158383 0.0000014032 195.217
110 -0.8651144892 0.0000013491 195.780
120 -0.8651136775 0.0000008117 199.901
Marginal Likelihood = -0.8651136775
Total time = 2823.6141 seconds
Total iterations = 120 
